Archive member included to satisfy reference by file (symbol)

c:/program files/st/stm32cubeide_1.12.0/stm32cubeide/plugins/com.st.stm32cube.ide.mcu.externaltools.gnu-tools-for-stm32.10.3-2021.10.win32_1.0.200.202301161003/tools/bin/../lib/gcc/arm-none-eabi/10.3.1/../../../../arm-none-eabi/lib/thumb/v7e-m+fp/hard\libc_nano.a(lib_a-errno.o)
                              ./Core/Src/syscalls.o (__errno)
c:/program files/st/stm32cubeide_1.12.0/stm32cubeide/plugins/com.st.stm32cube.ide.mcu.externaltools.gnu-tools-for-stm32.10.3-2021.10.win32_1.0.200.202301161003/tools/bin/../lib/gcc/arm-none-eabi/10.3.1/../../../../arm-none-eabi/lib/thumb/v7e-m+fp/hard\libc_nano.a(lib_a-exit.o)
                              c:/program files/st/stm32cubeide_1.12.0/stm32cubeide/plugins/com.st.stm32cube.ide.mcu.externaltools.gnu-tools-for-stm32.10.3-2021.10.win32_1.0.200.202301161003/tools/bin/../lib/gcc/arm-none-eabi/10.3.1/../../../../arm-none-eabi/lib/thumb/v7e-m+fp/hard/crt0.o (exit)
c:/program files/st/stm32cubeide_1.12.0/stm32cubeide/plugins/com.st.stm32cube.ide.mcu.externaltools.gnu-tools-for-stm32.10.3-2021.10.win32_1.0.200.202301161003/tools/bin/../lib/gcc/arm-none-eabi/10.3.1/../../../../arm-none-eabi/lib/thumb/v7e-m+fp/hard\libc_nano.a(lib_a-impure.o)
                              c:/program files/st/stm32cubeide_1.12.0/stm32cubeide/plugins/com.st.stm32cube.ide.mcu.externaltools.gnu-tools-for-stm32.10.3-2021.10.win32_1.0.200.202301161003/tools/bin/../lib/gcc/arm-none-eabi/10.3.1/../../../../arm-none-eabi/lib/thumb/v7e-m+fp/hard\libc_nano.a(lib_a-exit.o) (_global_impure_ptr)
c:/program files/st/stm32cubeide_1.12.0/stm32cubeide/plugins/com.st.stm32cube.ide.mcu.externaltools.gnu-tools-for-stm32.10.3-2021.10.win32_1.0.200.202301161003/tools/bin/../lib/gcc/arm-none-eabi/10.3.1/../../../../arm-none-eabi/lib/thumb/v7e-m+fp/hard\libc_nano.a(lib_a-init.o)
                              c:/program files/st/stm32cubeide_1.12.0/stm32cubeide/plugins/com.st.stm32cube.ide.mcu.externaltools.gnu-tools-for-stm32.10.3-2021.10.win32_1.0.200.202301161003/tools/bin/../lib/gcc/arm-none-eabi/10.3.1/../../../../arm-none-eabi/lib/thumb/v7e-m+fp/hard/crt0.o (__libc_init_array)
c:/program files/st/stm32cubeide_1.12.0/stm32cubeide/plugins/com.st.stm32cube.ide.mcu.externaltools.gnu-tools-for-stm32.10.3-2021.10.win32_1.0.200.202301161003/tools/bin/../lib/gcc/arm-none-eabi/10.3.1/../../../../arm-none-eabi/lib/thumb/v7e-m+fp/hard\libc_nano.a(lib_a-memset.o)
                              c:/program files/st/stm32cubeide_1.12.0/stm32cubeide/plugins/com.st.stm32cube.ide.mcu.externaltools.gnu-tools-for-stm32.10.3-2021.10.win32_1.0.200.202301161003/tools/bin/../lib/gcc/arm-none-eabi/10.3.1/../../../../arm-none-eabi/lib/thumb/v7e-m+fp/hard/crt0.o (memset)

Discarded input sections

 .text          0x0000000000000000        0x0 c:/program files/st/stm32cubeide_1.12.0/stm32cubeide/plugins/com.st.stm32cube.ide.mcu.externaltools.gnu-tools-for-stm32.10.3-2021.10.win32_1.0.200.202301161003/tools/bin/../lib/gcc/arm-none-eabi/10.3.1/thumb/v7e-m+fp/hard/crti.o
 .data          0x0000000000000000        0x0 c:/program files/st/stm32cubeide_1.12.0/stm32cubeide/plugins/com.st.stm32cube.ide.mcu.externaltools.gnu-tools-for-stm32.10.3-2021.10.win32_1.0.200.202301161003/tools/bin/../lib/gcc/arm-none-eabi/10.3.1/thumb/v7e-m+fp/hard/crti.o
 .bss           0x0000000000000000        0x0 c:/program files/st/stm32cubeide_1.12.0/stm32cubeide/plugins/com.st.stm32cube.ide.mcu.externaltools.gnu-tools-for-stm32.10.3-2021.10.win32_1.0.200.202301161003/tools/bin/../lib/gcc/arm-none-eabi/10.3.1/thumb/v7e-m+fp/hard/crti.o
 .data          0x0000000000000000        0x4 c:/program files/st/stm32cubeide_1.12.0/stm32cubeide/plugins/com.st.stm32cube.ide.mcu.externaltools.gnu-tools-for-stm32.10.3-2021.10.win32_1.0.200.202301161003/tools/bin/../lib/gcc/arm-none-eabi/10.3.1/thumb/v7e-m+fp/hard/crtbegin.o
 .rodata        0x0000000000000000       0x24 c:/program files/st/stm32cubeide_1.12.0/stm32cubeide/plugins/com.st.stm32cube.ide.mcu.externaltools.gnu-tools-for-stm32.10.3-2021.10.win32_1.0.200.202301161003/tools/bin/../lib/gcc/arm-none-eabi/10.3.1/thumb/v7e-m+fp/hard/crtbegin.o
 .text          0x0000000000000000       0x7c c:/program files/st/stm32cubeide_1.12.0/stm32cubeide/plugins/com.st.stm32cube.ide.mcu.externaltools.gnu-tools-for-stm32.10.3-2021.10.win32_1.0.200.202301161003/tools/bin/../lib/gcc/arm-none-eabi/10.3.1/../../../../arm-none-eabi/lib/thumb/v7e-m+fp/hard/crt0.o
 .data          0x0000000000000000        0x0 c:/program files/st/stm32cubeide_1.12.0/stm32cubeide/plugins/com.st.stm32cube.ide.mcu.externaltools.gnu-tools-for-stm32.10.3-2021.10.win32_1.0.200.202301161003/tools/bin/../lib/gcc/arm-none-eabi/10.3.1/../../../../arm-none-eabi/lib/thumb/v7e-m+fp/hard/crt0.o
[...]
Memory Configuration

Name             Origin             Length             Attributes
RAM              0x0000000020000000 0x0000000000018000 xrw
RAM2             0x0000000010000000 0x0000000000008000 xrw
FLASH            0x0000000008000000 0x0000000000100000 xr
*default*        0x0000000000000000 0xffffffffffffffff

Linker script and memory map

LOAD c:/program files/st/stm32cubeide_1.12.0/stm32cubeide/plugins/com.st.stm32cube.ide.mcu.externaltools.gnu-tools-for-stm32.10.3-2021.10.win32_1.0.200.202301161003/tools/bin/../lib/gcc/arm-none-eabi/10.3.1/thumb/v7e-m+fp/hard/crti.o
LOAD c:/program files/st/stm32cubeide_1.12.0/stm32cubeide/plugins/com.st.stm32cube.ide.mcu.externaltools.gnu-tools-for-stm32.10.3-2021.10.win32_1.0.200.202301161003/tools/bin/../lib/gcc/arm-none-eabi/10.3.1/thumb/v7e-m+fp/hard/crtbegin.o
LOAD c:/program files/st/stm32cubeide_1.12.0/stm32cubeide/plugins/com.st.stm32cube.ide.mcu.externaltools.gnu-tools-for-stm32.10.3-2021.10.win32_1.0.200.202301161003/tools/bin/../lib/gcc/arm-none-eabi/10.3.1/../../../../arm-none-eabi/lib/thumb/v7e-m+fp/hard/crt0.o
LOAD ./Core/Src/main.o
LOAD ./Core/Src/stm32l4xx_hal_msp.o
LOAD ./Core/Src/stm32l4xx_it.o
LOAD ./Core/Src/syscalls.o
LOAD ./Core/Src/sysmem.o
LOAD ./Core/Src/system_stm32l4xx.o
LOAD ./Core/Startup/startup_stm32l486rgtx.o
LOAD ./Drivers/STM32L4xx_HAL_Driver/Src/stm32l4xx_hal.o
LOAD ./Drivers/STM32L4xx_HAL_Driver/Src/stm32l4xx_hal_adc.o
LOAD ./Drivers/STM32L4xx_HAL_Driver/Src/stm32l4xx_hal_adc_ex.o
LOAD ./Drivers/STM32L4xx_HAL_Driver/Src/stm32l4xx_hal_cortex.o
LOAD ./Drivers/STM32L4xx_HAL_Driver/Src/stm32l4xx_hal_dma.o
LOAD ./Drivers/STM32L4xx_HAL_Driver/Src/stm32l4xx_hal_dma_ex.o
LOAD ./Drivers/STM32L4xx_HAL_Driver/Src/stm32l4xx_hal_exti.o
LOAD ./Drivers/STM32L4xx_HAL_Driver/Src/stm32l4xx_hal_flash.o
LOAD ./Drivers/STM32L4xx_HAL_Driver/Src/stm32l4xx_hal_flash_ex.o
LOAD ./Drivers/STM32L4xx_HAL_Driver/Src/stm32l4xx_hal_flash_ramfunc.o
LOAD ./Drivers/STM32L4xx_HAL_Driver/Src/stm32l4xx_hal_gpio.o
LOAD ./Drivers/STM32L4xx_HAL_Driver/Src/stm32l4xx_hal_i2c.o
LOAD ./Drivers/STM32L4xx_HAL_Driver/Src/stm32l4xx_hal_i2c_ex.o
LOAD ./Drivers/STM32L4xx_HAL_Driver/Src/stm32l4xx_hal_pcd.o
LOAD ./Drivers/STM32L4xx_HAL_Driver/Src/stm32l4xx_hal_pcd_ex.o
LOAD ./Drivers/STM32L4xx_HAL_Driver/Src/stm32l4xx_hal_pwr.o
LOAD ./Drivers/STM32L4xx_HAL_Driver/Src/stm32l4xx_hal_pwr_ex.o
LOAD ./Drivers/STM32L4xx_HAL_Driver/Src/stm32l4xx_hal_rcc.o
LOAD ./Drivers/STM32L4xx_HAL_Driver/Src/stm32l4xx_hal_rcc_ex.o
LOAD ./Drivers/STM32L4xx_HAL_Driver/Src/stm32l4xx_hal_sd.o
LOAD ./Drivers/STM32L4xx_HAL_Driver/Src/stm32l4xx_hal_sd_ex.o
LOAD ./Drivers/STM32L4xx_HAL_Driver/Src/stm32l4xx_hal_spi.o
LOAD ./Drivers/STM32L4xx_HAL_Driver/Src/stm32l4xx_hal_spi_ex.o
LOAD ./Drivers/STM32L4xx_HAL_Driver/Src/stm32l4xx_hal_tim.o
LOAD ./Drivers/STM32L4xx_HAL_Driver/Src/stm32l4xx_hal_tim_ex.o
LOAD ./Drivers/STM32L4xx_HAL_Driver/Src/stm32l4xx_ll_sdmmc.o
LOAD ./Drivers/STM32L4xx_HAL_Driver/Src/stm32l4xx_ll_usb.o
LOAD ./FATFS/App/fatfs.o
LOAD ./FATFS/Target/bsp_driver_sd.o
LOAD ./FATFS/Target/fatfs_platform.o
LOAD ./FATFS/Target/sd_diskio.o
LOAD ./Middlewares/Third_Party/FatFs/src/diskio.o
LOAD ./Middlewares/Third_Party/FatFs/src/ff.o
LOAD ./Middlewares/Third_Party/FatFs/src/ff_gen_drv.o
LOAD ./Middlewares/Third_Party/FatFs/src/option/syscall.o
START GROUP
LOAD c:/program files/st/stm32cubeide_1.12.0/stm32cubeide/plugins/com.st.stm32cube.ide.mcu.externaltools.gnu-tools-for-stm32.10.3-2021.10.win32_1.0.200.202301161003/tools/bin/../lib/gcc/arm-none-eabi/10.3.1/../../../../arm-none-eabi/lib/thumb/v7e-m+fp/hard\libc_nano.a
LOAD c:/program files/st/stm32cubeide_1.12.0/stm32cubeide/plugins/com.st.stm32cube.ide.mcu.externaltools.gnu-tools-for-stm32.10.3-2021.10.win32_1.0.200.202301161003/tools/bin/../lib/gcc/arm-none-eabi/10.3.1/../../../../arm-none-eabi/lib/thumb/v7e-m+fp/hard\libm.a
END GROUP
START GROUP
LOAD c:/program files/st/stm32cubeide_1.12.0/stm32cubeide/plugins/com.st.stm32cube.ide.mcu.externaltools.gnu-tools-for-stm32.10.3-2021.10.win32_1.0.200.202301161003/tools/bin/../lib/gcc/arm-none-eabi/10.3.1/thumb/v7e-m+fp/hard\libgcc.a
LOAD c:/program files/st/stm32cubeide_1.12.0/stm32cubeide/plugins/com.st.stm32cube.ide.mcu.externaltools.gnu-tools-for-stm32.10.3-2021.10.win32_1.0.200.202301161003/tools/bin/../lib/gcc/arm-none-eabi/10.3.1/../../../../arm-none-eabi/lib/thumb/v7e-m+fp/hard\libc_nano.a
END GROUP
START GROUP
LOAD c:/program files/st/stm32cubeide_1.12.0/stm32cubeide/plugins/com.st.stm32cube.ide.mcu.externaltools.gnu-tools-for-stm32.10.3-2021.10.win32_1.0.200.202301161003/tools/bin/../lib/gcc/arm-none-eabi/10.3.1/thumb/v7e-m+fp/hard\libgcc.a
LOAD c:/program files/st/stm32cubeide_1.12.0/stm32cubeide/plugins/com.st.stm32cube.ide.mcu.externaltools.gnu-tools-for-stm32.10.3-2021.10.win32_1.0.200.202301161003/tools/bin/../lib/gcc/arm-none-eabi/10.3.1/../../../../arm-none-eabi/lib/thumb/v7e-m+fp/hard\libc_nano.a
LOAD c:/program files/st/stm32cubeide_1.12.0/stm32cubeide/plugins/com.st.stm32cube.ide.mcu.externaltools.gnu-tools-for-stm32.10.3-2021.10.win32_1.0.200.202301161003/tools/bin/../lib/gcc/arm-none-eabi/10.3.1/../../../../arm-none-eabi/lib/thumb/v7e-m+fp/hard\libnosys.a
END GROUP
START GROUP
LOAD c:/program files/st/stm32cubeide_1.12.0/stm32cubeide/plugins/com.st.stm32cube.ide.mcu.externaltools.gnu-tools-for-stm32.10.3-2021.10.win32_1.0.200.202301161003/tools/bin/../lib/gcc/arm-none-eabi/10.3.1/thumb/v7e-m+fp/hard\libgcc.a
LOAD c:/program files/st/stm32cubeide_1.12.0/stm32cubeide/plugins/com.st.stm32cube.ide.mcu.externaltools.gnu-tools-for-stm32.10.3-2021.10.win32_1.0.200.202301161003/tools/bin/../lib/gcc/arm-none-eabi/10.3.1/../../../../arm-none-eabi/lib/thumb/v7e-m+fp/hard\libc_nano.a
LOAD c:/program files/st/stm32cubeide_1.12.0/stm32cubeide/plugins/com.st.stm32cube.ide.mcu.externaltools.gnu-tools-for-stm32.10.3-2021.10.win32_1.0.200.202301161003/tools/bin/../lib/gcc/arm-none-eabi/10.3.1/../../../../arm-none-eabi/lib/thumb/v7e-m+fp/hard\libnosys.a
END GROUP
LOAD c:/program files/st/stm32cubeide_1.12.0/stm32cubeide/plugins/com.st.stm32cube.ide.mcu.externaltools.gnu-tools-for-stm32.10.3-2021.10.win32_1.0.200.202301161003/tools/bin/../lib/gcc/arm-none-eabi/10.3.1/thumb/v7e-m+fp/hard/crtend.o
LOAD c:/program files/st/stm32cubeide_1.12.0/stm32cubeide/plugins/com.st.stm32cube.ide.mcu.externaltools.gnu-tools-for-stm32.10.3-2021.10.win32_1.0.200.202301161003/tools/bin/../lib/gcc/arm-none-eabi/10.3.1/thumb/v7e-m+fp/hard/crtn.o
                0x0000000020018000                _estack = (ORIGIN (RAM) + LENGTH (RAM))
                0x0000000000000200                _Min_Heap_Size = 0x200
                0x0000000000000400                _Min_Stack_Size = 0x400

.isr_vector     0x0000000008000000      0x188
                0x0000000008000000                . = ALIGN (0x4)
 *(.isr_vector)
 .isr_vector    0x0000000008000000      0x188 ./Core/Startup/startup_stm32l486rgtx.o
                0x0000000008000000                g_pfnVectors
                0x0000000008000188                . = ALIGN (0x4)

.text           0x0000000008000188     0x732c
                0x0000000008000188                . = ALIGN (0x4)
 *(.text)
 .text          0x0000000008000188       0x40 c:/program files/st/stm32cubeide_1.12.0/stm32cubeide/plugins/com.st.stm32cube.ide.mcu.externaltools.gnu-tools-for-stm32.10.3-2021.10.win32_1.0.200.202301161003/tools/bin/../lib/gcc/arm-none-eabi/10.3.1/thumb/v7e-m+fp/hard/crtbegin.o
 *(.text*)
 .text.main     0x00000000080001c8       0x60 ./Core/Src/main.o
                0x00000000080001c8                main
 .text.SystemClock_Config
                0x0000000008000228       0xa4 ./Core/Src/main.o
                0x0000000008000228                SystemClock_Config
 .text.PeriphCommonClock_Config
                0x00000000080002cc       0x62 ./Core/Src/main.o
                0x00000000080002cc                PeriphCommonClock_Config
 *fill*         0x000000000800032e        0x2 
 .text.MX_ADC1_Init
                0x0000000008000330       0xec ./Core/Src/main.o
 .text.MX_I2C1_Init
                0x000000000800041c       0x80 ./Core/Src/main.o
 .text.MX_I2C2_Init
                0x000000000800049c       0x80 ./Core/Src/main.o
 .text.MX_SDMMC1_SD_Init
                0x000000000800051c       0x44 ./Core/Src/main.o
 .text.MX_SPI1_Init
                0x0000000008000560       0x7c ./Core/Src/main.o
 .text.MX_SPI2_Init
                0x00000000080005dc       0x7c ./Core/Src/main.o
 .text.MX_USB_OTG_FS_PCD_Init
                0x0000000008000658       0x5c ./Core/Src/main.o
 .text.MX_GPIO_Init
                0x00000000080006b4      0x124 ./Core/Src/main.o
 .text.Error_Handler
                0x00000000080007d8        0xa ./Core/Src/main.o
                0x00000000080007d8                Error_Handler
 *fill*         0x00000000080007e2        0x2 
 .text.HAL_MspInit
                0x00000000080007e4       0x48 ./Core/Src/stm32l4xx_hal_msp.o
                0x00000000080007e4                HAL_MspInit
 .text.HAL_ADC_MspInit
                0x000000000800082c       0x7c ./Core/Src/stm32l4xx_hal_msp.o
                0x000000000800082c                HAL_ADC_MspInit
 .text.HAL_I2C_MspInit
                0x00000000080008a8      0x144 ./Core/Src/stm32l4xx_hal_msp.o
                0x00000000080008a8                HAL_I2C_MspInit
 .text.HAL_SD_MspInit
                0x00000000080009ec       0xc4 ./Core/Src/stm32l4xx_hal_msp.o
                0x00000000080009ec                HAL_SD_MspInit
 .text.HAL_SPI_MspInit
                0x0000000008000ab0       0xec ./Core/Src/stm32l4xx_hal_msp.o
                0x0000000008000ab0                HAL_SPI_MspInit
 .text.HAL_PCD_MspInit
                0x0000000008000b9c       0xbc ./Core/Src/stm32l4xx_hal_msp.o
                0x0000000008000b9c                HAL_PCD_MspInit
 .text.NMI_Handler
                0x0000000008000c58        0x6 ./Core/Src/stm32l4xx_it.o
                0x0000000008000c58                NMI_Handler
 .text.HardFault_Handler
                0x0000000008000c5e        0x6 ./Core/Src/stm32l4xx_it.o
                0x0000000008000c5e                HardFault_Handler
 .text.MemManage_Handler
                0x0000000008000c64        0x6 ./Core/Src/stm32l4xx_it.o
                0x0000000008000c64                MemManage_Handler
 .text.BusFault_Handler
                0x0000000008000c6a        0x6 ./Core/Src/stm32l4xx_it.o
                0x0000000008000c6a                BusFault_Handler
 .text.UsageFault_Handler
                0x0000000008000c70        0x6 ./Core/Src/stm32l4xx_it.o
                0x0000000008000c70                UsageFault_Handler
 .text.SVC_Handler
                0x0000000008000c76        0xe ./Core/Src/stm32l4xx_it.o
                0x0000000008000c76                SVC_Handler
 .text.DebugMon_Handler
                0x0000000008000c84        0xe ./Core/Src/stm32l4xx_it.o
                0x0000000008000c84                DebugMon_Handler
 .text.PendSV_Handler
                0x0000000008000c92        0xe ./Core/Src/stm32l4xx_it.o
                0x0000000008000c92                PendSV_Handler
 .text.SysTick_Handler
                0x0000000008000ca0        0xc ./Core/Src/stm32l4xx_it.o
                0x0000000008000ca0                SysTick_Handler
 .text.SystemInit
                0x0000000008000cac       0x24 ./Core/Src/system_stm32l4xx.o
                0x0000000008000cac                SystemInit
 .text.Reset_Handler
                0x0000000008000cd0       0x50 ./Core/Startup/startup_stm32l486rgtx.o
                0x0000000008000cd0                Reset_Handler
 .text.Default_Handler
                0x0000000008000d20        0x2 ./Core/Startup/startup_stm32l486rgtx.o
                0x0000000008000d20                RTC_Alarm_IRQHandler
                0x0000000008000d20                EXTI2_IRQHandler
                0x0000000008000d20                TIM8_TRG_COM_IRQHandler
                0x0000000008000d20                TIM8_CC_IRQHandler
                0x0000000008000d20                TIM1_CC_IRQHandler
                0x0000000008000d20                TSC_IRQHandler
                0x0000000008000d20                TAMP_STAMP_IRQHandler
                0x0000000008000d20                EXTI3_IRQHandler
                0x0000000008000d20                LPTIM2_IRQHandler
                0x0000000008000d20                DFSDM1_FLT1_IRQHandler
                0x0000000008000d20                I2C3_ER_IRQHandler
                0x0000000008000d20                DFSDM1_FLT2_IRQHandler
                0x0000000008000d20                EXTI0_IRQHandler
                0x0000000008000d20                I2C2_EV_IRQHandler
                0x0000000008000d20                CAN1_RX0_IRQHandler
                0x0000000008000d20                FPU_IRQHandler
                0x0000000008000d20                TIM1_UP_TIM16_IRQHandler
                0x0000000008000d20                ADC1_2_IRQHandler
                0x0000000008000d20                SPI1_IRQHandler
                0x0000000008000d20                TIM6_DAC_IRQHandler
                0x0000000008000d20                TIM8_UP_IRQHandler
                0x0000000008000d20                DMA2_Channel2_IRQHandler
                0x0000000008000d20                DMA1_Channel4_IRQHandler
                0x0000000008000d20                SAI2_IRQHandler
                0x0000000008000d20                DFSDM1_FLT3_IRQHandler
                0x0000000008000d20                USART3_IRQHandler
                0x0000000008000d20                DMA1_Channel7_IRQHandler
                0x0000000008000d20                CAN1_RX1_IRQHandler
                0x0000000008000d20                LCD_IRQHandler
                0x0000000008000d20                UART5_IRQHandler
                0x0000000008000d20                ADC3_IRQHandler
                0x0000000008000d20                TIM4_IRQHandler
                0x0000000008000d20                DMA2_Channel1_IRQHandler
                0x0000000008000d20                QUADSPI_IRQHandler
                0x0000000008000d20                I2C1_EV_IRQHandler
                0x0000000008000d20                DMA1_Channel6_IRQHandler
                0x0000000008000d20                UART4_IRQHandler
                0x0000000008000d20                DMA2_Channel4_IRQHandler
                0x0000000008000d20                TIM3_IRQHandler
                0x0000000008000d20                RCC_IRQHandler
                0x0000000008000d20                DMA1_Channel1_IRQHandler
                0x0000000008000d20                Default_Handler
                0x0000000008000d20                DMA2_Channel7_IRQHandler
                0x0000000008000d20                EXTI15_10_IRQHandler
                0x0000000008000d20                TIM7_IRQHandler
                0x0000000008000d20                SDMMC1_IRQHandler
                0x0000000008000d20                TIM5_IRQHandler
                0x0000000008000d20                I2C3_EV_IRQHandler
                0x0000000008000d20                EXTI9_5_IRQHandler
                0x0000000008000d20                RTC_WKUP_IRQHandler
                0x0000000008000d20                PVD_PVM_IRQHandler
                0x0000000008000d20                SPI2_IRQHandler
                0x0000000008000d20                CAN1_TX_IRQHandler
                0x0000000008000d20                DMA2_Channel5_IRQHandler
                0x0000000008000d20                DMA1_Channel5_IRQHandler
                0x0000000008000d20                EXTI4_IRQHandler
                0x0000000008000d20                RNG_IRQHandler
                0x0000000008000d20                TIM1_TRG_COM_TIM17_IRQHandler
                0x0000000008000d20                DMA1_Channel3_IRQHandler
                0x0000000008000d20                COMP_IRQHandler
                0x0000000008000d20                WWDG_IRQHandler
                0x0000000008000d20                LPUART1_IRQHandler
                0x0000000008000d20                DMA2_Channel6_IRQHandler
                0x0000000008000d20                TIM2_IRQHandler
                0x0000000008000d20                EXTI1_IRQHandler
                0x0000000008000d20                AES_IRQHandler
                0x0000000008000d20                USART2_IRQHandler
                0x0000000008000d20                DFSDM1_FLT0_IRQHandler
                0x0000000008000d20                I2C2_ER_IRQHandler
                0x0000000008000d20                DMA1_Channel2_IRQHandler
                0x0000000008000d20                TIM8_BRK_IRQHandler
                0x0000000008000d20                CAN1_SCE_IRQHandler
                0x0000000008000d20                FLASH_IRQHandler
                0x0000000008000d20                USART1_IRQHandler
                0x0000000008000d20                OTG_FS_IRQHandler
                0x0000000008000d20                SPI3_IRQHandler
                0x0000000008000d20                I2C1_ER_IRQHandler
                0x0000000008000d20                FMC_IRQHandler
                0x0000000008000d20                SWPMI1_IRQHandler
                0x0000000008000d20                LPTIM1_IRQHandler
                0x0000000008000d20                SAI1_IRQHandler
                0x0000000008000d20                DMA2_Channel3_IRQHandler
                0x0000000008000d20                TIM1_BRK_TIM15_IRQHandler
 .text.HAL_Init
                0x0000000008000d22       0x30 ./Drivers/STM32L4xx_HAL_Driver/Src/stm32l4xx_hal.o
                0x0000000008000d22                HAL_Init
 *fill*         0x0000000008000d52        0x2 
 .text.HAL_InitTick
                0x0000000008000d54       0x78 ./Drivers/STM32L4xx_HAL_Driver/Src/stm32l4xx_hal.o
                0x0000000008000d54                HAL_InitTick
 .text.HAL_IncTick
                0x0000000008000dcc       0x28 ./Drivers/STM32L4xx_HAL_Driver/Src/stm32l4xx_hal.o
                0x0000000008000dcc                HAL_IncTick
 .text.HAL_GetTick
                0x0000000008000df4       0x18 ./Drivers/STM32L4xx_HAL_Driver/Src/stm32l4xx_hal.o
                0x0000000008000df4                HAL_GetTick
 .text.HAL_Delay
                0x0000000008000e0c       0x48 ./Drivers/STM32L4xx_HAL_Driver/Src/stm32l4xx_hal.o
                0x0000000008000e0c                HAL_Delay
 .text.LL_ADC_SetCommonClock
                0x0000000008000e54       0x26 ./Drivers/STM32L4xx_HAL_Driver/Src/stm32l4xx_hal_adc.o
 .text.LL_ADC_SetCommonPathInternalCh
                0x0000000008000e7a       0x26 ./Drivers/STM32L4xx_HAL_Driver/Src/stm32l4xx_hal_adc.o
 .text.LL_ADC_GetCommonPathInternalCh
                0x0000000008000ea0       0x1c ./Drivers/STM32L4xx_HAL_Driver/Src/stm32l4xx_hal_adc.o
 .text.LL_ADC_SetOffset
                0x0000000008000ebc       0x48 ./Drivers/STM32L4xx_HAL_Driver/Src/stm32l4xx_hal_adc.o
 .text.LL_ADC_GetOffsetChannel
                0x0000000008000f04       0x2c ./Drivers/STM32L4xx_HAL_Driver/Src/stm32l4xx_hal_adc.o
 .text.LL_ADC_SetOffsetState
                0x0000000008000f30       0x36 ./Drivers/STM32L4xx_HAL_Driver/Src/stm32l4xx_hal_adc.o
 .text.LL_ADC_REG_SetSequencerRanks
                0x0000000008000f66       0x58 ./Drivers/STM32L4xx_HAL_Driver/Src/stm32l4xx_hal_adc.o
 .text.LL_ADC_SetChannelSamplingTime
                0x0000000008000fbe       0x56 ./Drivers/STM32L4xx_HAL_Driver/Src/stm32l4xx_hal_adc.o
 .text.LL_ADC_SetChannelSingleDiff
                0x0000000008001014       0x48 ./Drivers/STM32L4xx_HAL_Driver/Src/stm32l4xx_hal_adc.o
 .text.LL_ADC_DisableDeepPowerDown
                0x000000000800105c       0x24 ./Drivers/STM32L4xx_HAL_Driver/Src/stm32l4xx_hal_adc.o
 .text.LL_ADC_IsDeepPowerDownEnabled
                0x0000000008001080       0x28 ./Drivers/STM32L4xx_HAL_Driver/Src/stm32l4xx_hal_adc.o
 .text.LL_ADC_EnableInternalRegulator
                0x00000000080010a8       0x28 ./Drivers/STM32L4xx_HAL_Driver/Src/stm32l4xx_hal_adc.o
 .text.LL_ADC_IsInternalRegulatorEnabled
                0x00000000080010d0       0x28 ./Drivers/STM32L4xx_HAL_Driver/Src/stm32l4xx_hal_adc.o
 .text.LL_ADC_IsEnabled
                0x00000000080010f8       0x26 ./Drivers/STM32L4xx_HAL_Driver/Src/stm32l4xx_hal_adc.o
 .text.LL_ADC_REG_IsConversionOngoing
                0x000000000800111e       0x26 ./Drivers/STM32L4xx_HAL_Driver/Src/stm32l4xx_hal_adc.o
 .text.LL_ADC_INJ_IsConversionOngoing
                0x0000000008001144       0x26 ./Drivers/STM32L4xx_HAL_Driver/Src/stm32l4xx_hal_adc.o
 *fill*         0x000000000800116a        0x2 
 .text.HAL_ADC_Init
                0x000000000800116c      0x2ac ./Drivers/STM32L4xx_HAL_Driver/Src/stm32l4xx_hal_adc.o
                0x000000000800116c                HAL_ADC_Init
 .text.HAL_ADC_ConfigChannel
                0x0000000008001418      0x7e0 ./Drivers/STM32L4xx_HAL_Driver/Src/stm32l4xx_hal_adc.o
                0x0000000008001418                HAL_ADC_ConfigChannel
 .text.LL_ADC_IsEnabled
                0x0000000008001bf8       0x26 ./Drivers/STM32L4xx_HAL_Driver/Src/stm32l4xx_hal_adc_ex.o
 .text.LL_ADC_REG_IsConversionOngoing
                0x0000000008001c1e       0x26 ./Drivers/STM32L4xx_HAL_Driver/Src/stm32l4xx_hal_adc_ex.o
 .text.HAL_ADCEx_MultiModeConfigChannel
                0x0000000008001c44      0x160 ./Drivers/STM32L4xx_HAL_Driver/Src/stm32l4xx_hal_adc_ex.o
                0x0000000008001c44                HAL_ADCEx_MultiModeConfigChannel
 .text.__NVIC_SetPriorityGrouping
                0x0000000008001da4       0x48 ./Drivers/STM32L4xx_HAL_Driver/Src/stm32l4xx_hal_cortex.o
 .text.__NVIC_GetPriorityGrouping
                0x0000000008001dec       0x1c ./Drivers/STM32L4xx_HAL_Driver/Src/stm32l4xx_hal_cortex.o
 .text.__NVIC_SetPriority
                0x0000000008001e08       0x54 ./Drivers/STM32L4xx_HAL_Driver/Src/stm32l4xx_hal_cortex.o
 .text.NVIC_EncodePriority
                0x0000000008001e5c       0x66 ./Drivers/STM32L4xx_HAL_Driver/Src/stm32l4xx_hal_cortex.o
 *fill*         0x0000000008001ec2        0x2 
 .text.SysTick_Config
                0x0000000008001ec4       0x44 ./Drivers/STM32L4xx_HAL_Driver/Src/stm32l4xx_hal_cortex.o
 .text.HAL_NVIC_SetPriorityGrouping
                0x0000000008001f08       0x16 ./Drivers/STM32L4xx_HAL_Driver/Src/stm32l4xx_hal_cortex.o
                0x0000000008001f08                HAL_NVIC_SetPriorityGrouping
 .text.HAL_NVIC_SetPriority
                0x0000000008001f1e       0x38 ./Drivers/STM32L4xx_HAL_Driver/Src/stm32l4xx_hal_cortex.o
                0x0000000008001f1e                HAL_NVIC_SetPriority
 .text.HAL_SYSTICK_Config
                0x0000000008001f56       0x18 ./Drivers/STM32L4xx_HAL_Driver/Src/stm32l4xx_hal_cortex.o
                0x0000000008001f56                HAL_SYSTICK_Config
 *fill*         0x0000000008001f6e        0x2 
 .text.HAL_GPIO_Init
                0x0000000008001f70      0x354 ./Drivers/STM32L4xx_HAL_Driver/Src/stm32l4xx_hal_gpio.o
                0x0000000008001f70                HAL_GPIO_Init
 .text.HAL_GPIO_ReadPin
                0x00000000080022c4       0x30 ./Drivers/STM32L4xx_HAL_Driver/Src/stm32l4xx_hal_gpio.o
                0x00000000080022c4                HAL_GPIO_ReadPin
 .text.HAL_GPIO_WritePin
                0x00000000080022f4       0x30 ./Drivers/STM32L4xx_HAL_Driver/Src/stm32l4xx_hal_gpio.o
                0x00000000080022f4                HAL_GPIO_WritePin
 .text.HAL_I2C_Init
                0x0000000008002324      0x11e ./Drivers/STM32L4xx_HAL_Driver/Src/stm32l4xx_hal_i2c.o
                0x0000000008002324                HAL_I2C_Init
 .text.HAL_I2CEx_ConfigAnalogFilter
                0x0000000008002442       0x96 ./Drivers/STM32L4xx_HAL_Driver/Src/stm32l4xx_hal_i2c_ex.o
                0x0000000008002442                HAL_I2CEx_ConfigAnalogFilter
 .text.HAL_I2CEx_ConfigDigitalFilter
                0x00000000080024d8       0x98 ./Drivers/STM32L4xx_HAL_Driver/Src/stm32l4xx_hal_i2c_ex.o
                0x00000000080024d8                HAL_I2CEx_ConfigDigitalFilter
 .text.HAL_PCD_Init
                0x0000000008002570      0x248 ./Drivers/STM32L4xx_HAL_Driver/Src/stm32l4xx_hal_pcd.o
                0x0000000008002570                HAL_PCD_Init
 .text.HAL_PCDEx_ActivateLPM
                0x00000000080027b8       0x48 ./Drivers/STM32L4xx_HAL_Driver/Src/stm32l4xx_hal_pcd_ex.o
                0x00000000080027b8                HAL_PCDEx_ActivateLPM
 .text.HAL_PWREx_GetVoltageRange
                0x0000000008002800       0x1c ./Drivers/STM32L4xx_HAL_Driver/Src/stm32l4xx_hal_pwr_ex.o
                0x0000000008002800                HAL_PWREx_GetVoltageRange
 .text.HAL_PWREx_ControlVoltageScaling
                0x000000000800281c       0xac ./Drivers/STM32L4xx_HAL_Driver/Src/stm32l4xx_hal_pwr_ex.o
                0x000000000800281c                HAL_PWREx_ControlVoltageScaling
 .text.HAL_PWREx_EnableVddUSB
                0x00000000080028c8       0x20 ./Drivers/STM32L4xx_HAL_Driver/Src/stm32l4xx_hal_pwr_ex.o
                0x00000000080028c8                HAL_PWREx_EnableVddUSB
 .text.HAL_RCC_OscConfig
                0x00000000080028e8      0x7b8 ./Drivers/STM32L4xx_HAL_Driver/Src/stm32l4xx_hal_rcc.o
                0x00000000080028e8                HAL_RCC_OscConfig
 .text.HAL_RCC_ClockConfig
                0x00000000080030a0      0x200 ./Drivers/STM32L4xx_HAL_Driver/Src/stm32l4xx_hal_rcc.o
                0x00000000080030a0                HAL_RCC_ClockConfig
 .text.HAL_RCC_GetSysClockFreq
                0x00000000080032a0      0x118 ./Drivers/STM32L4xx_HAL_Driver/Src/stm32l4xx_hal_rcc.o
                0x00000000080032a0                HAL_RCC_GetSysClockFreq
 .text.HAL_RCC_GetHCLKFreq
                0x00000000080033b8       0x18 ./Drivers/STM32L4xx_HAL_Driver/Src/stm32l4xx_hal_rcc.o
                0x00000000080033b8                HAL_RCC_GetHCLKFreq
 .text.HAL_RCC_GetPCLK1Freq
                0x00000000080033d0       0x2c ./Drivers/STM32L4xx_HAL_Driver/Src/stm32l4xx_hal_rcc.o
                0x00000000080033d0                HAL_RCC_GetPCLK1Freq
 .text.HAL_RCC_GetPCLK2Freq
                0x00000000080033fc       0x2c ./Drivers/STM32L4xx_HAL_Driver/Src/stm32l4xx_hal_rcc.o
                0x00000000080033fc                HAL_RCC_GetPCLK2Freq
 .text.RCC_SetFlashLatencyFromMSIRange
                0x0000000008003428       0xc0 ./Drivers/STM32L4xx_HAL_Driver/Src/stm32l4xx_hal_rcc.o
 .text.HAL_RCCEx_PeriphCLKConfig
                0x00000000080034e8      0x5d4 ./Drivers/STM32L4xx_HAL_Driver/Src/stm32l4xx_hal_rcc_ex.o
                0x00000000080034e8                HAL_RCCEx_PeriphCLKConfig
 .text.HAL_RCCEx_GetPeriphCLKFreq
                0x0000000008003abc      0xadc ./Drivers/STM32L4xx_HAL_Driver/Src/stm32l4xx_hal_rcc_ex.o
                0x0000000008003abc                HAL_RCCEx_GetPeriphCLKFreq
 .text.RCCEx_PLLSAI1_Config
                0x0000000008004598      0x1e8 ./Drivers/STM32L4xx_HAL_Driver/Src/stm32l4xx_hal_rcc_ex.o
 .text.RCCEx_PLLSAI2_Config
                0x0000000008004780      0x1bc ./Drivers/STM32L4xx_HAL_Driver/Src/stm32l4xx_hal_rcc_ex.o
 .text.RCCEx_GetSAIxPeriphCLKFreq
                0x000000000800493c      0x1e0 ./Drivers/STM32L4xx_HAL_Driver/Src/stm32l4xx_hal_rcc_ex.o
 .text.HAL_SD_Init
                0x0000000008004b1c       0x60 ./Drivers/STM32L4xx_HAL_Driver/Src/stm32l4xx_hal_sd.o
                0x0000000008004b1c                HAL_SD_Init
 .text.HAL_SD_InitCard
                0x0000000008004b7c      0x14c ./Drivers/STM32L4xx_HAL_Driver/Src/stm32l4xx_hal_sd.o
                0x0000000008004b7c                HAL_SD_InitCard
 .text.HAL_SD_ReadBlocks
                0x0000000008004cc8      0x3bc ./Drivers/STM32L4xx_HAL_Driver/Src/stm32l4xx_hal_sd.o
                0x0000000008004cc8                HAL_SD_ReadBlocks
 .text.HAL_SD_WriteBlocks
                0x0000000008005084      0x30c ./Drivers/STM32L4xx_HAL_Driver/Src/stm32l4xx_hal_sd.o
                0x0000000008005084                HAL_SD_WriteBlocks
 .text.HAL_SD_GetCardCSD
                0x0000000008005390      0x348 ./Drivers/STM32L4xx_HAL_Driver/Src/stm32l4xx_hal_sd.o
                0x0000000008005390                HAL_SD_GetCardCSD
 .text.HAL_SD_GetCardInfo
                0x00000000080056d8       0x58 ./Drivers/STM32L4xx_HAL_Driver/Src/stm32l4xx_hal_sd.o
                0x00000000080056d8                HAL_SD_GetCardInfo
 .text.HAL_SD_ConfigWideBusOperation
                0x0000000008005730      0x178 ./Drivers/STM32L4xx_HAL_Driver/Src/stm32l4xx_hal_sd.o
                0x0000000008005730                HAL_SD_ConfigWideBusOperation
 .text.HAL_SD_GetCardState
                0x00000000080058a8       0x40 ./Drivers/STM32L4xx_HAL_Driver/Src/stm32l4xx_hal_sd.o
                0x00000000080058a8                HAL_SD_GetCardState
 .text.SD_InitCard
                0x00000000080058e8      0x19c ./Drivers/STM32L4xx_HAL_Driver/Src/stm32l4xx_hal_sd.o
 .text.SD_PowerON
                0x0000000008005a84      0x11c ./Drivers/STM32L4xx_HAL_Driver/Src/stm32l4xx_hal_sd.o
 .text.SD_SendStatus
                0x0000000008005ba0       0x50 ./Drivers/STM32L4xx_HAL_Driver/Src/stm32l4xx_hal_sd.o
 .text.SD_WideBus_Enable
                0x0000000008005bf0       0x96 ./Drivers/STM32L4xx_HAL_Driver/Src/stm32l4xx_hal_sd.o
 .text.SD_WideBus_Disable
                0x0000000008005c86       0x96 ./Drivers/STM32L4xx_HAL_Driver/Src/stm32l4xx_hal_sd.o
 .text.SD_FindSCR
                0x0000000008005d1c      0x194 ./Drivers/STM32L4xx_HAL_Driver/Src/stm32l4xx_hal_sd.o
 .text.HAL_SPI_Init
                0x0000000008005eb0      0x146 ./Drivers/STM32L4xx_HAL_Driver/Src/stm32l4xx_hal_spi.o
                0x0000000008005eb0                HAL_SPI_Init
 .text.SDMMC_Init
                0x0000000008005ff6       0x5a ./Drivers/STM32L4xx_HAL_Driver/Src/stm32l4xx_ll_sdmmc.o
                0x0000000008005ff6                SDMMC_Init
 .text.SDMMC_ReadFIFO
                0x0000000008006050       0x1a ./Drivers/STM32L4xx_HAL_Driver/Src/stm32l4xx_ll_sdmmc.o
                0x0000000008006050                SDMMC_ReadFIFO
 .text.SDMMC_WriteFIFO
                0x000000000800606a       0x22 ./Drivers/STM32L4xx_HAL_Driver/Src/stm32l4xx_ll_sdmmc.o
                0x000000000800606a                SDMMC_WriteFIFO
 .text.SDMMC_PowerState_ON
                0x000000000800608c       0x1e ./Drivers/STM32L4xx_HAL_Driver/Src/stm32l4xx_ll_sdmmc.o
                0x000000000800608c                SDMMC_PowerState_ON
 .text.SDMMC_GetPowerState
                0x00000000080060aa       0x1c ./Drivers/STM32L4xx_HAL_Driver/Src/stm32l4xx_ll_sdmmc.o
                0x00000000080060aa                SDMMC_GetPowerState
 .text.SDMMC_SendCommand
                0x00000000080060c6       0x54 ./Drivers/STM32L4xx_HAL_Driver/Src/stm32l4xx_ll_sdmmc.o
                0x00000000080060c6                SDMMC_SendCommand
 .text.SDMMC_GetCommandResponse
                0x000000000800611a       0x1a ./Drivers/STM32L4xx_HAL_Driver/Src/stm32l4xx_ll_sdmmc.o
                0x000000000800611a                SDMMC_GetCommandResponse
 .text.SDMMC_GetResponse
                0x0000000008006134       0x26 ./Drivers/STM32L4xx_HAL_Driver/Src/stm32l4xx_ll_sdmmc.o
                0x0000000008006134                SDMMC_GetResponse
 .text.SDMMC_ConfigData
                0x000000000800615a       0x58 ./Drivers/STM32L4xx_HAL_Driver/Src/stm32l4xx_ll_sdmmc.o
                0x000000000800615a                SDMMC_ConfigData
 .text.SDMMC_CmdBlockLength
                0x00000000080061b2       0x44 ./Drivers/STM32L4xx_HAL_Driver/Src/stm32l4xx_ll_sdmmc.o
                0x00000000080061b2                SDMMC_CmdBlockLength
 .text.SDMMC_CmdReadSingleBlock
                0x00000000080061f6       0x44 ./Drivers/STM32L4xx_HAL_Driver/Src/stm32l4xx_ll_sdmmc.o
                0x00000000080061f6                SDMMC_CmdReadSingleBlock
 .text.SDMMC_CmdReadMultiBlock
                0x000000000800623a       0x44 ./Drivers/STM32L4xx_HAL_Driver/Src/stm32l4xx_ll_sdmmc.o
                0x000000000800623a                SDMMC_CmdReadMultiBlock
 .text.SDMMC_CmdWriteSingleBlock
                0x000000000800627e       0x44 ./Drivers/STM32L4xx_HAL_Driver/Src/stm32l4xx_ll_sdmmc.o
                0x000000000800627e                SDMMC_CmdWriteSingleBlock
 .text.SDMMC_CmdWriteMultiBlock
                0x00000000080062c2       0x44 ./Drivers/STM32L4xx_HAL_Driver/Src/stm32l4xx_ll_sdmmc.o
                0x00000000080062c2                SDMMC_CmdWriteMultiBlock
 *fill*         0x0000000008006306        0x2 
 .text.SDMMC_CmdStopTransfer
                0x0000000008006308       0x44 ./Drivers/STM32L4xx_HAL_Driver/Src/stm32l4xx_ll_sdmmc.o
                0x0000000008006308                SDMMC_CmdStopTransfer
 .text.SDMMC_CmdSelDesel
                0x000000000800634c       0x46 ./Drivers/STM32L4xx_HAL_Driver/Src/stm32l4xx_ll_sdmmc.o
                0x000000000800634c                SDMMC_CmdSelDesel
 .text.SDMMC_CmdGoIdleState
                0x0000000008006392       0x3c ./Drivers/STM32L4xx_HAL_Driver/Src/stm32l4xx_ll_sdmmc.o
                0x0000000008006392                SDMMC_CmdGoIdleState
 .text.SDMMC_CmdOperCond
                0x00000000080063ce       0x3e ./Drivers/STM32L4xx_HAL_Driver/Src/stm32l4xx_ll_sdmmc.o
                0x00000000080063ce                SDMMC_CmdOperCond
 .text.SDMMC_CmdAppCommand
                0x000000000800640c       0x44 ./Drivers/STM32L4xx_HAL_Driver/Src/stm32l4xx_ll_sdmmc.o
                0x000000000800640c                SDMMC_CmdAppCommand
 .text.SDMMC_CmdAppOperCommand
                0x0000000008006450       0x46 ./Drivers/STM32L4xx_HAL_Driver/Src/stm32l4xx_ll_sdmmc.o
                0x0000000008006450                SDMMC_CmdAppOperCommand
 .text.SDMMC_CmdBusWidth
                0x0000000008006496       0x44 ./Drivers/STM32L4xx_HAL_Driver/Src/stm32l4xx_ll_sdmmc.o
                0x0000000008006496                SDMMC_CmdBusWidth
 .text.SDMMC_CmdSendSCR
                0x00000000080064da       0x42 ./Drivers/STM32L4xx_HAL_Driver/Src/stm32l4xx_ll_sdmmc.o
                0x00000000080064da                SDMMC_CmdSendSCR
 .text.SDMMC_CmdSendCID
                0x000000000800651c       0x3c ./Drivers/STM32L4xx_HAL_Driver/Src/stm32l4xx_ll_sdmmc.o
                0x000000000800651c                SDMMC_CmdSendCID
 .text.SDMMC_CmdSendCSD
                0x0000000008006558       0x3e ./Drivers/STM32L4xx_HAL_Driver/Src/stm32l4xx_ll_sdmmc.o
                0x0000000008006558                SDMMC_CmdSendCSD
 .text.SDMMC_CmdSetRelAdd
                0x0000000008006596       0x42 ./Drivers/STM32L4xx_HAL_Driver/Src/stm32l4xx_ll_sdmmc.o
                0x0000000008006596                SDMMC_CmdSetRelAdd
 .text.SDMMC_CmdSendStatus
                0x00000000080065d8       0x44 ./Drivers/STM32L4xx_HAL_Driver/Src/stm32l4xx_ll_sdmmc.o
                0x00000000080065d8                SDMMC_CmdSendStatus
 .text.SDMMC_GetCmdResp1
                0x000000000800661c      0x1dc ./Drivers/STM32L4xx_HAL_Driver/Src/stm32l4xx_ll_sdmmc.o
                0x000000000800661c                SDMMC_GetCmdResp1
 .text.SDMMC_GetCmdResp2
                0x00000000080067f8       0x90 ./Drivers/STM32L4xx_HAL_Driver/Src/stm32l4xx_ll_sdmmc.o
                0x00000000080067f8                SDMMC_GetCmdResp2
 .text.SDMMC_GetCmdResp3
                0x0000000008006888       0x7c ./Drivers/STM32L4xx_HAL_Driver/Src/stm32l4xx_ll_sdmmc.o
                0x0000000008006888                SDMMC_GetCmdResp3
 .text.SDMMC_GetCmdResp6
                0x0000000008006904       0xec ./Drivers/STM32L4xx_HAL_Driver/Src/stm32l4xx_ll_sdmmc.o
                0x0000000008006904                SDMMC_GetCmdResp6
 .text.SDMMC_GetCmdResp7
                0x00000000080069f0       0x9c ./Drivers/STM32L4xx_HAL_Driver/Src/stm32l4xx_ll_sdmmc.o
                0x00000000080069f0                SDMMC_GetCmdResp7
 .text.SDMMC_GetCmdError
                0x0000000008006a8c       0x58 ./Drivers/STM32L4xx_HAL_Driver/Src/stm32l4xx_ll_sdmmc.o
 .text.USB_CoreInit
                0x0000000008006ae4       0x58 ./Drivers/STM32L4xx_HAL_Driver/Src/stm32l4xx_ll_usb.o
                0x0000000008006ae4                USB_CoreInit
 .text.USB_DisableGlobalInt
                0x0000000008006b3c       0x22 ./Drivers/STM32L4xx_HAL_Driver/Src/stm32l4xx_ll_usb.o
                0x0000000008006b3c                USB_DisableGlobalInt
 .text.USB_SetCurrentMode
                0x0000000008006b5e       0x98 ./Drivers/STM32L4xx_HAL_Driver/Src/stm32l4xx_ll_usb.o
                0x0000000008006b5e                USB_SetCurrentMode
 *fill*         0x0000000008006bf6        0x2 
 .text.USB_DevInit
                0x0000000008006bf8      0x298 ./Drivers/STM32L4xx_HAL_Driver/Src/stm32l4xx_ll_usb.o
                0x0000000008006bf8                USB_DevInit
 .text.USB_FlushTxFifo
                0x0000000008006e90       0x68 ./Drivers/STM32L4xx_HAL_Driver/Src/stm32l4xx_ll_usb.o
                0x0000000008006e90                USB_FlushTxFifo
 .text.USB_FlushRxFifo
                0x0000000008006ef8       0x60 ./Drivers/STM32L4xx_HAL_Driver/Src/stm32l4xx_ll_usb.o
                0x0000000008006ef8                USB_FlushRxFifo
 .text.USB_SetDevSpeed
                0x0000000008006f58       0x32 ./Drivers/STM32L4xx_HAL_Driver/Src/stm32l4xx_ll_usb.o
                0x0000000008006f58                USB_SetDevSpeed
 .text.USB_DevDisconnect
                0x0000000008006f8a       0x42 ./Drivers/STM32L4xx_HAL_Driver/Src/stm32l4xx_ll_usb.o
                0x0000000008006f8a                USB_DevDisconnect
 .text.USB_GetMode
                0x0000000008006fcc       0x1c ./Drivers/STM32L4xx_HAL_Driver/Src/stm32l4xx_ll_usb.o
                0x0000000008006fcc                USB_GetMode
 .text.USB_CoreReset
                0x0000000008006fe8       0x68 ./Drivers/STM32L4xx_HAL_Driver/Src/stm32l4xx_ll_usb.o
 .text.MX_FATFS_Init
                0x0000000008007050       0x24 ./FATFS/App/fatfs.o
                0x0000000008007050                MX_FATFS_Init
 .text.BSP_SD_Init
                0x0000000008007074       0x4c ./FATFS/Target/bsp_driver_sd.o
                0x0000000008007074                BSP_SD_Init
 .text.BSP_SD_ReadBlocks
                0x00000000080070c0       0x3c ./FATFS/Target/bsp_driver_sd.o
                0x00000000080070c0                BSP_SD_ReadBlocks
 .text.BSP_SD_WriteBlocks
                0x00000000080070fc       0x3c ./FATFS/Target/bsp_driver_sd.o
                0x00000000080070fc                BSP_SD_WriteBlocks
 .text.BSP_SD_GetCardState
                0x0000000008007138       0x20 ./FATFS/Target/bsp_driver_sd.o
                0x0000000008007138                BSP_SD_GetCardState
 .text.BSP_SD_GetCardInfo
                0x0000000008007158       0x1c ./FATFS/Target/bsp_driver_sd.o
                0x0000000008007158                BSP_SD_GetCardInfo
 .text.BSP_SD_IsDetected
                0x0000000008007174       0x24 ./FATFS/Target/bsp_driver_sd.o
                0x0000000008007174                BSP_SD_IsDetected
 .text.BSP_PlatformIsDetected
                0x0000000008007198       0x2c ./FATFS/Target/fatfs_platform.o
                0x0000000008007198                BSP_PlatformIsDetected
 .text.SD_CheckStatus
                0x00000000080071c4       0x3c ./FATFS/Target/sd_diskio.o
 .text.SD_initialize
                0x0000000008007200       0x3c ./FATFS/Target/sd_diskio.o
                0x0000000008007200                SD_initialize
 .text.SD_status
                0x000000000800723c       0x1c ./FATFS/Target/sd_diskio.o
                0x000000000800723c                SD_status
 .text.SD_read  0x0000000008007258       0x42 ./FATFS/Target/sd_diskio.o
                0x0000000008007258                SD_read
 .text.SD_write
                0x000000000800729a       0x42 ./FATFS/Target/sd_diskio.o
                0x000000000800729a                SD_write
 .text.SD_ioctl
                0x00000000080072dc       0xb0 ./FATFS/Target/sd_diskio.o
                0x00000000080072dc                SD_ioctl
 .text.FATFS_LinkDriverEx
                0x000000000800738c       0x98 ./Middlewares/Third_Party/FatFs/src/ff_gen_drv.o
                0x000000000800738c                FATFS_LinkDriverEx
 .text.FATFS_LinkDriver
                0x0000000008007424       0x1e ./Middlewares/Third_Party/FatFs/src/ff_gen_drv.o
                0x0000000008007424                FATFS_LinkDriver
 *fill*         0x0000000008007442        0x2 
 .text.__libc_init_array
                0x0000000008007444       0x48 c:/program files/st/stm32cubeide_1.12.0/stm32cubeide/plugins/com.st.stm32cube.ide.mcu.externaltools.gnu-tools-for-stm32.10.3-2021.10.win32_1.0.200.202301161003/tools/bin/../lib/gcc/arm-none-eabi/10.3.1/../../../../arm-none-eabi/lib/thumb/v7e-m+fp/hard\libc_nano.a(lib_a-init.o)
                0x0000000008007444                __libc_init_array
 .text.memset   0x000000000800748c       0x10 c:/program files/st/stm32cubeide_1.12.0/stm32cubeide/plugins/com.st.stm32cube.ide.mcu.externaltools.gnu-tools-for-stm32.10.3-2021.10.win32_1.0.200.202301161003/tools/bin/../lib/gcc/arm-none-eabi/10.3.1/../../../../arm-none-eabi/lib/thumb/v7e-m+fp/hard\libc_nano.a(lib_a-memset.o)
                0x000000000800748c                memset
 *(.glue_7)
 .glue_7        0x000000000800749c        0x0 linker stubs
 *(.glue_7t)
 .glue_7t       0x000000000800749c        0x0 linker stubs
 *(.eh_frame)
 .eh_frame      0x000000000800749c        0x0 c:/program files/st/stm32cubeide_1.12.0/stm32cubeide/plugins/com.st.stm32cube.ide.mcu.externaltools.gnu-tools-for-stm32.10.3-2021.10.win32_1.0.200.202301161003/tools/bin/../lib/gcc/arm-none-eabi/10.3.1/thumb/v7e-m+fp/hard/crtbegin.o
 *(.init)
 .init          0x000000000800749c        0x4 c:/program files/st/stm32cubeide_1.12.0/stm32cubeide/plugins/com.st.stm32cube.ide.mcu.externaltools.gnu-tools-for-stm32.10.3-2021.10.win32_1.0.200.202301161003/tools/bin/../lib/gcc/arm-none-eabi/10.3.1/thumb/v7e-m+fp/hard/crti.o
                0x000000000800749c                _init
 .init          0x00000000080074a0        0x8 c:/program files/st/stm32cubeide_1.12.0/stm32cubeide/plugins/com.st.stm32cube.ide.mcu.externaltools.gnu-tools-for-stm32.10.3-2021.10.win32_1.0.200.202301161003/tools/bin/../lib/gcc/arm-none-eabi/10.3.1/thumb/v7e-m+fp/hard/crtn.o
 *(.fini)
 .fini          0x00000000080074a8        0x4 c:/program files/st/stm32cubeide_1.12.0/stm32cubeide/plugins/com.st.stm32cube.ide.mcu.externaltools.gnu-tools-for-stm32.10.3-2021.10.win32_1.0.200.202301161003/tools/bin/../lib/gcc/arm-none-eabi/10.3.1/thumb/v7e-m+fp/hard/crti.o
                0x00000000080074a8                _fini
 .fini          0x00000000080074ac        0x8 c:/program files/st/stm32cubeide_1.12.0/stm32cubeide/plugins/com.st.stm32cube.ide.mcu.externaltools.gnu-tools-for-stm32.10.3-2021.10.win32_1.0.200.202301161003/tools/bin/../lib/gcc/arm-none-eabi/10.3.1/thumb/v7e-m+fp/hard/crtn.o
                0x00000000080074b4                . = ALIGN (0x4)
                0x00000000080074b4                _etext = .

.vfp11_veneer   0x00000000080074b4        0x0
 .vfp11_veneer  0x00000000080074b4        0x0 linker stubs

.v4_bx          0x00000000080074b4        0x0
 .v4_bx         0x00000000080074b4        0x0 linker stubs

.iplt           0x00000000080074b4        0x0
 .iplt          0x00000000080074b4        0x0 c:/program files/st/stm32cubeide_1.12.0/stm32cubeide/plugins/com.st.stm32cube.ide.mcu.externaltools.gnu-tools-for-stm32.10.3-2021.10.win32_1.0.200.202301161003/tools/bin/../lib/gcc/arm-none-eabi/10.3.1/thumb/v7e-m+fp/hard/crtbegin.o

.rodata         0x00000000080074b4       0x5c
                0x00000000080074b4                . = ALIGN (0x4)
 *(.rodata)
 *(.rodata*)
 .rodata.AHBPrescTable
                0x00000000080074b4       0x10 ./Core/Src/system_stm32l4xx.o
                0x00000000080074b4                AHBPrescTable
 .rodata.APBPrescTable
                0x00000000080074c4        0x8 ./Core/Src/system_stm32l4xx.o
                0x00000000080074c4                APBPrescTable
 .rodata.MSIRangeTable
                0x00000000080074cc       0x30 ./Core/Src/system_stm32l4xx.o
                0x00000000080074cc                MSIRangeTable
 .rodata.SD_Driver
                0x00000000080074fc       0x14 ./FATFS/Target/sd_diskio.o
                0x00000000080074fc                SD_Driver
                0x0000000008007510                . = ALIGN (0x4)

.rel.dyn        0x0000000008007510        0x0
 .rel.iplt      0x0000000008007510        0x0 c:/program files/st/stm32cubeide_1.12.0/stm32cubeide/plugins/com.st.stm32cube.ide.mcu.externaltools.gnu-tools-for-stm32.10.3-2021.10.win32_1.0.200.202301161003/tools/bin/../lib/gcc/arm-none-eabi/10.3.1/thumb/v7e-m+fp/hard/crtbegin.o

.ARM.extab      0x0000000008007510        0x0
                0x0000000008007510                . = ALIGN (0x4)
 *(.ARM.extab* .gnu.linkonce.armextab.*)
                0x0000000008007510                . = ALIGN (0x4)

.ARM            0x0000000008007510        0x0
                0x0000000008007510                . = ALIGN (0x4)
                0x0000000008007510                __exidx_start = .
 *(.ARM.exidx*)
                0x0000000008007510                __exidx_end = .
                0x0000000008007510                . = ALIGN (0x4)

.preinit_array  0x0000000008007510        0x0
                0x0000000008007510                . = ALIGN (0x4)
                0x0000000008007510                PROVIDE (__preinit_array_start = .)
 *(.preinit_array*)
                0x0000000008007510                PROVIDE (__preinit_array_end = .)
                0x0000000008007510                . = ALIGN (0x4)

.init_array     0x0000000008007510        0x4
                0x0000000008007510                . = ALIGN (0x4)
                0x0000000008007510                PROVIDE (__init_array_start = .)
 *(SORT_BY_NAME(.init_array.*))
 *(.init_array*)
 .init_array    0x0000000008007510        0x4 c:/program files/st/stm32cubeide_1.12.0/stm32cubeide/plugins/com.st.stm32cube.ide.mcu.externaltools.gnu-tools-for-stm32.10.3-2021.10.win32_1.0.200.202301161003/tools/bin/../lib/gcc/arm-none-eabi/10.3.1/thumb/v7e-m+fp/hard/crtbegin.o
                0x0000000008007514                PROVIDE (__init_array_end = .)
                0x0000000008007514                . = ALIGN (0x4)

.fini_array     0x0000000008007514        0x4
                0x0000000008007514                . = ALIGN (0x4)
                [!provide]                        PROVIDE (__fini_array_start = .)
 *(SORT_BY_NAME(.fini_array.*))
 *(.fini_array*)
 .fini_array    0x0000000008007514        0x4 c:/program files/st/stm32cubeide_1.12.0/stm32cubeide/plugins/com.st.stm32cube.ide.mcu.externaltools.gnu-tools-for-stm32.10.3-2021.10.win32_1.0.200.202301161003/tools/bin/../lib/gcc/arm-none-eabi/10.3.1/thumb/v7e-m+fp/hard/crtbegin.o
                [!provide]                        PROVIDE (__fini_array_end = .)
                0x0000000008007518                . = ALIGN (0x4)
                0x0000000008007518                _sidata = LOADADDR (.data)

.data           0x0000000020000000        0xc load address 0x0000000008007518
                0x0000000020000000                . = ALIGN (0x4)
                0x0000000020000000                _sdata = .
 *(.data)
 *(.data*)
 .data.SystemCoreClock
                0x0000000020000000        0x4 ./Core/Src/system_stm32l4xx.o
                0x0000000020000000                SystemCoreClock
 .data.uwTickPrio
                0x0000000020000004        0x4 ./Drivers/STM32L4xx_HAL_Driver/Src/stm32l4xx_hal.o
                0x0000000020000004                uwTickPrio
 .data.uwTickFreq
                0x0000000020000008        0x1 ./Drivers/STM32L4xx_HAL_Driver/Src/stm32l4xx_hal.o
                0x0000000020000008                uwTickFreq
 .data.Stat     0x0000000020000009        0x1 ./FATFS/Target/sd_diskio.o
 *(.RamFunc)
 *(.RamFunc*)
                0x000000002000000c                . = ALIGN (0x4)
 *fill*         0x000000002000000a        0x2 
                0x000000002000000c                _edata = .

.igot.plt       0x000000002000000c        0x0 load address 0x0000000008007524
 .igot.plt      0x000000002000000c        0x0 c:/program files/st/stm32cubeide_1.12.0/stm32cubeide/plugins/com.st.stm32cube.ide.mcu.externaltools.gnu-tools-for-stm32.10.3-2021.10.win32_1.0.200.202301161003/tools/bin/../lib/gcc/arm-none-eabi/10.3.1/thumb/v7e-m+fp/hard/crtbegin.o
                0x000000002000000c                . = ALIGN (0x4)

.bss            0x000000002000000c      0x798 load address 0x0000000008007524
                0x000000002000000c                _sbss = .
                0x000000002000000c                __bss_start__ = _sbss
 *(.bss)
 .bss           0x000000002000000c       0x1c c:/program files/st/stm32cubeide_1.12.0/stm32cubeide/plugins/com.st.stm32cube.ide.mcu.externaltools.gnu-tools-for-stm32.10.3-2021.10.win32_1.0.200.202301161003/tools/bin/../lib/gcc/arm-none-eabi/10.3.1/thumb/v7e-m+fp/hard/crtbegin.o
 *(.bss*)
 .bss.hadc1     0x0000000020000028       0x64 ./Core/Src/main.o
                0x0000000020000028                hadc1
 .bss.hi2c1     0x000000002000008c       0x54 ./Core/Src/main.o
                0x000000002000008c                hi2c1
 .bss.hi2c2     0x00000000200000e0       0x54 ./Core/Src/main.o
                0x00000000200000e0                hi2c2
 .bss.hsd1      0x0000000020000134       0x84 ./Core/Src/main.o
                0x0000000020000134                hsd1
 .bss.hspi1     0x00000000200001b8       0x64 ./Core/Src/main.o
                0x00000000200001b8                hspi1
 .bss.hspi2     0x000000002000021c       0x64 ./Core/Src/main.o
                0x000000002000021c                hspi2
 .bss.hpcd_USB_OTG_FS
                0x0000000020000280      0x50c ./Core/Src/main.o
                0x0000000020000280                hpcd_USB_OTG_FS
 .bss.uwTick    0x000000002000078c        0x4 ./Drivers/STM32L4xx_HAL_Driver/Src/stm32l4xx_hal.o
                0x000000002000078c                uwTick
 .bss.retSD     0x0000000020000790        0x1 ./FATFS/App/fatfs.o
                0x0000000020000790                retSD
 *fill*         0x0000000020000791        0x3 
 .bss.SDPath    0x0000000020000794        0x4 ./FATFS/App/fatfs.o
                0x0000000020000794                SDPath
 .bss.disk      0x0000000020000798        0xc ./Middlewares/Third_Party/FatFs/src/ff_gen_drv.o
                0x0000000020000798                disk
 *(COMMON)
                0x00000000200007a4                . = ALIGN (0x4)
                0x00000000200007a4                _ebss = .
                0x00000000200007a4                __bss_end__ = _ebss

._user_heap_stack
                0x00000000200007a4      0x604 load address 0x0000000008007524
                0x00000000200007a8                . = ALIGN (0x8)
 *fill*         0x00000000200007a4        0x4 
                [!provide]                        PROVIDE (end = .)
                0x00000000200007a8                PROVIDE (_end = .)
                0x00000000200009a8                . = (. + _Min_Heap_Size)
 *fill*         0x00000000200007a8      0x200 
                0x0000000020000da8                . = (. + _Min_Stack_Size)
 *fill*         0x00000000200009a8      0x400 
                0x0000000020000da8                . = ALIGN (0x8)

/DISCARD/
 libc.a(*)
 libm.a(*)
 libgcc.a(*)

.ARM.attributes
                0x0000000000000000       0x30
 *(.ARM.attributes)
 .ARM.attributes
                0x0000000000000000       0x1e c:/program files/st/stm32cubeide_1.12.0/stm32cubeide/plugins/com.st.stm32cube.ide.mcu.externaltools.gnu-tools-for-stm32.10.3-2021.10.win32_1.0.200.202301161003/tools/bin/../lib/gcc/arm-none-eabi/10.3.1/thumb/v7e-m+fp/hard/crti.o
 .ARM.attributes
                0x000000000000001e       0x34 c:/program files/st/stm32cubeide_1.12.0/stm32cubeide/plugins/com.st.stm32cube.ide.mcu.externaltools.gnu-tools-for-stm32.10.3-2021.10.win32_1.0.200.202301161003/tools/bin/../lib/gcc/arm-none-eabi/10.3.1/thumb/v7e-m+fp/hard/crtbegin.o
 .ARM.attributes
                0x0000000000000052       0x34 ./Core/Src/main.o
 .ARM.attributes
                0x0000000000000086       0x34 ./Core/Src/stm32l4xx_hal_msp.o
 .ARM.attributes
                0x00000000000000ba       0x34 ./Core/Src/stm32l4xx_it.o
 .ARM.attributes
                0x00000000000000ee       0x34 ./Core/Src/system_stm32l4xx.o
 .ARM.attributes
                0x0000000000000122       0x21 ./Core/Startup/startup_stm32l486rgtx.o
 .ARM.attributes
                0x0000000000000143       0x34 ./Drivers/STM32L4xx_HAL_Driver/Src/stm32l4xx_hal.o
 .ARM.attributes
                0x0000000000000177       0x34 ./Drivers/STM32L4xx_HAL_Driver/Src/stm32l4xx_hal_adc.o
 .ARM.attributes
                0x00000000000001ab       0x34 ./Drivers/STM32L4xx_HAL_Driver/Src/stm32l4xx_hal_adc_ex.o
 .ARM.attributes
                0x00000000000001df       0x34 ./Drivers/STM32L4xx_HAL_Driver/Src/stm32l4xx_hal_cortex.o
 .ARM.attributes
                0x0000000000000213       0x34 ./Drivers/STM32L4xx_HAL_Driver/Src/stm32l4xx_hal_gpio.o
 .ARM.attributes
                0x0000000000000247       0x34 ./Drivers/STM32L4xx_HAL_Driver/Src/stm32l4xx_hal_i2c.o
 .ARM.attributes
                0x000000000000027b       0x34 ./Drivers/STM32L4xx_HAL_Driver/Src/stm32l4xx_hal_i2c_ex.o
 .ARM.attributes
                0x00000000000002af       0x34 ./Drivers/STM32L4xx_HAL_Driver/Src/stm32l4xx_hal_pcd.o
 .ARM.attributes
                0x00000000000002e3       0x34 ./Drivers/STM32L4xx_HAL_Driver/Src/stm32l4xx_hal_pcd_ex.o
 .ARM.attributes
                0x0000000000000317       0x34 ./Drivers/STM32L4xx_HAL_Driver/Src/stm32l4xx_hal_pwr_ex.o
 .ARM.attributes
                0x000000000000034b       0x34 ./Drivers/STM32L4xx_HAL_Driver/Src/stm32l4xx_hal_rcc.o
 .ARM.attributes
                0x000000000000037f       0x34 ./Drivers/STM32L4xx_HAL_Driver/Src/stm32l4xx_hal_rcc_ex.o
 .ARM.attributes
                0x00000000000003b3       0x34 ./Drivers/STM32L4xx_HAL_Driver/Src/stm32l4xx_hal_sd.o
 .ARM.attributes
                0x00000000000003e7       0x34 ./Drivers/STM32L4xx_HAL_Driver/Src/stm32l4xx_hal_spi.o
 .ARM.attributes
                0x000000000000041b       0x34 ./Drivers/STM32L4xx_HAL_Driver/Src/stm32l4xx_ll_sdmmc.o
 .ARM.attributes
                0x000000000000044f       0x34 ./Drivers/STM32L4xx_HAL_Driver/Src/stm32l4xx_ll_usb.o
 .ARM.attributes
                0x0000000000000483       0x34 ./FATFS/App/fatfs.o
 .ARM.attributes
                0x00000000000004b7       0x34 ./FATFS/Target/bsp_driver_sd.o
 .ARM.attributes
                0x00000000000004eb       0x34 ./FATFS/Target/fatfs_platform.o
 .ARM.attributes
                0x000000000000051f       0x34 ./FATFS/Target/sd_diskio.o
 .ARM.attributes
                0x0000000000000553       0x34 ./Middlewares/Third_Party/FatFs/src/ff_gen_drv.o
 .ARM.attributes
                0x0000000000000587       0x34 c:/program files/st/stm32cubeide_1.12.0/stm32cubeide/plugins/com.st.stm32cube.ide.mcu.externaltools.gnu-tools-for-stm32.10.3-2021.10.win32_1.0.200.202301161003/tools/bin/../lib/gcc/arm-none-eabi/10.3.1/../../../../arm-none-eabi/lib/thumb/v7e-m+fp/hard\libc_nano.a(lib_a-init.o)
 .ARM.attributes
                0x00000000000005bb       0x34 c:/program files/st/stm32cubeide_1.12.0/stm32cubeide/plugins/com.st.stm32cube.ide.mcu.externaltools.gnu-tools-for-stm32.10.3-2021.10.win32_1.0.200.202301161003/tools/bin/../lib/gcc/arm-none-eabi/10.3.1/../../../../arm-none-eabi/lib/thumb/v7e-m+fp/hard\libc_nano.a(lib_a-memset.o)
 .ARM.attributes
                0x00000000000005ef       0x1e c:/program files/st/stm32cubeide_1.12.0/stm32cubeide/plugins/com.st.stm32cube.ide.mcu.externaltools.gnu-tools-for-stm32.10.3-2021.10.win32_1.0.200.202301161003/tools/bin/../lib/gcc/arm-none-eabi/10.3.1/thumb/v7e-m+fp/hard/crtn.o
OUTPUT(MCU.elf elf32-littlearm)
LOAD linker stubs
LOAD c:/program files/st/stm32cubeide_1.12.0/stm32cubeide/plugins/com.st.stm32cube.ide.mcu.externaltools.gnu-tools-for-stm32.10.3-2021.10.win32_1.0.200.202301161003/tools/bin/../lib/gcc/arm-none-eabi/10.3.1/../../../../arm-none-eabi/lib/thumb/v7e-m+fp/hard\libc.a
LOAD c:/program files/st/stm32cubeide_1.12.0/stm32cubeide/plugins/com.st.stm32cube.ide.mcu.externaltools.gnu-tools-for-stm32.10.3-2021.10.win32_1.0.200.202301161003/tools/bin/../lib/gcc/arm-none-eabi/10.3.1/../../../../arm-none-eabi/lib/thumb/v7e-m+fp/hard\libm.a
LOAD c:/program files/st/stm32cubeide_1.12.0/stm32cubeide/plugins/com.st.stm32cube.ide.mcu.externaltools.gnu-tools-for-stm32.10.3-2021.10.win32_1.0.200.202301161003/tools/bin/../lib/gcc/arm-none-eabi/10.3.1/thumb/v7e-m+fp/hard\libgcc.a

.debug_info     0x0000000000000000    0x19045
 .debug_info    0x0000000000000000     0x2109 ./Core/Src/main.o
 .debug_info    0x0000000000002109     0x1f24 ./Core/Src/stm32l4xx_hal_msp.o
 .debug_info    0x000000000000402d      0x122 ./Core/Src/stm32l4xx_it.o
 .debug_info    0x000000000000414f      0x5c6 ./Core/Src/system_stm32l4xx.o
 .debug_info    0x0000000000004715       0x22 ./Core/Startup/startup_stm32l486rgtx.o
 .debug_info    0x0000000000004737      0xb3b ./Drivers/STM32L4xx_HAL_Driver/Src/stm32l4xx_hal.o
 .debug_info    0x0000000000005272     0x1e84 ./Drivers/STM32L4xx_HAL_Driver/Src/stm32l4xx_hal_adc.o
 .debug_info    0x00000000000070f6     0x1beb ./Drivers/STM32L4xx_HAL_Driver/Src/stm32l4xx_hal_adc_ex.o
 .debug_info    0x0000000000008ce1      0xe27 ./Drivers/STM32L4xx_HAL_Driver/Src/stm32l4xx_hal_cortex.o
 .debug_info    0x0000000000009b08      0x821 ./Drivers/STM32L4xx_HAL_Driver/Src/stm32l4xx_hal_gpio.o
 .debug_info    0x000000000000a329     0x2232 ./Drivers/STM32L4xx_HAL_Driver/Src/stm32l4xx_hal_i2c.o
 .debug_info    0x000000000000c55b      0xa45 ./Drivers/STM32L4xx_HAL_Driver/Src/stm32l4xx_hal_i2c_ex.o
 .debug_info    0x000000000000cfa0     0x1609 ./Drivers/STM32L4xx_HAL_Driver/Src/stm32l4xx_hal_pcd.o
 .debug_info    0x000000000000e5a9      0x8e6 ./Drivers/STM32L4xx_HAL_Driver/Src/stm32l4xx_hal_pcd_ex.o
 .debug_info    0x000000000000ee8f      0x9ca ./Drivers/STM32L4xx_HAL_Driver/Src/stm32l4xx_hal_pwr_ex.o
 .debug_info    0x000000000000f859      0xced ./Drivers/STM32L4xx_HAL_Driver/Src/stm32l4xx_hal_rcc.o
 .debug_info    0x0000000000010546      0xe92 ./Drivers/STM32L4xx_HAL_Driver/Src/stm32l4xx_hal_rcc_ex.o
 .debug_info    0x00000000000113d8     0x1cff ./Drivers/STM32L4xx_HAL_Driver/Src/stm32l4xx_hal_sd.o
 .debug_info    0x00000000000130d7     0x1782 ./Drivers/STM32L4xx_HAL_Driver/Src/stm32l4xx_hal_spi.o
 .debug_info    0x0000000000014859     0x125c ./Drivers/STM32L4xx_HAL_Driver/Src/stm32l4xx_ll_sdmmc.o
 .debug_info    0x0000000000015ab5     0x1ac6 ./Drivers/STM32L4xx_HAL_Driver/Src/stm32l4xx_ll_usb.o
 .debug_info    0x000000000001757b      0x512 ./FATFS/App/fatfs.o
 .debug_info    0x0000000000017a8d      0xb14 ./FATFS/Target/bsp_driver_sd.o
 .debug_info    0x00000000000185a1      0x1fa ./FATFS/Target/fatfs_platform.o
 .debug_info    0x000000000001879b      0x4e9 ./FATFS/Target/sd_diskio.o
 .debug_info    0x0000000000018c84      0x3c1 ./Middlewares/Third_Party/FatFs/src/ff_gen_drv.o

.debug_abbrev   0x0000000000000000     0x3547
 .debug_abbrev  0x0000000000000000      0x2f3 ./Core/Src/main.o
 .debug_abbrev  0x00000000000002f3      0x272 ./Core/Src/stm32l4xx_hal_msp.o
 .debug_abbrev  0x0000000000000565       0x74 ./Core/Src/stm32l4xx_it.o
 .debug_abbrev  0x00000000000005d9      0x116 ./Core/Src/system_stm32l4xx.o
 .debug_abbrev  0x00000000000006ef       0x12 ./Core/Startup/startup_stm32l486rgtx.o
 .debug_abbrev  0x0000000000000701      0x23a ./Drivers/STM32L4xx_HAL_Driver/Src/stm32l4xx_hal.o
 .debug_abbrev  0x000000000000093b      0x2bf ./Drivers/STM32L4xx_HAL_Driver/Src/stm32l4xx_hal_adc.o
 .debug_abbrev  0x0000000000000bfa      0x2da ./Drivers/STM32L4xx_HAL_Driver/Src/stm32l4xx_hal_adc_ex.o
 .debug_abbrev  0x0000000000000ed4      0x316 ./Drivers/STM32L4xx_HAL_Driver/Src/stm32l4xx_hal_cortex.o
 .debug_abbrev  0x00000000000011ea      0x1bb ./Drivers/STM32L4xx_HAL_Driver/Src/stm32l4xx_hal_gpio.o
 .debug_abbrev  0x00000000000013a5      0x243 ./Drivers/STM32L4xx_HAL_Driver/Src/stm32l4xx_hal_i2c.o
 .debug_abbrev  0x00000000000015e8      0x1b0 ./Drivers/STM32L4xx_HAL_Driver/Src/stm32l4xx_hal_i2c_ex.o
 .debug_abbrev  0x0000000000001798      0x2b4 ./Drivers/STM32L4xx_HAL_Driver/Src/stm32l4xx_hal_pcd.o
 .debug_abbrev  0x0000000000001a4c      0x24a ./Drivers/STM32L4xx_HAL_Driver/Src/stm32l4xx_hal_pcd_ex.o
 .debug_abbrev  0x0000000000001c96      0x1f3 ./Drivers/STM32L4xx_HAL_Driver/Src/stm32l4xx_hal_pwr_ex.o
 .debug_abbrev  0x0000000000001e89      0x2bd ./Drivers/STM32L4xx_HAL_Driver/Src/stm32l4xx_hal_rcc.o
 .debug_abbrev  0x0000000000002146      0x299 ./Drivers/STM32L4xx_HAL_Driver/Src/stm32l4xx_hal_rcc_ex.o
 .debug_abbrev  0x00000000000023df      0x288 ./Drivers/STM32L4xx_HAL_Driver/Src/stm32l4xx_hal_sd.o
 .debug_abbrev  0x0000000000002667      0x254 ./Drivers/STM32L4xx_HAL_Driver/Src/stm32l4xx_hal_spi.o
 .debug_abbrev  0x00000000000028bb      0x1ea ./Drivers/STM32L4xx_HAL_Driver/Src/stm32l4xx_ll_sdmmc.o
 .debug_abbrev  0x0000000000002aa5      0x296 ./Drivers/STM32L4xx_HAL_Driver/Src/stm32l4xx_ll_usb.o
 .debug_abbrev  0x0000000000002d3b      0x15a ./FATFS/App/fatfs.o
 .debug_abbrev  0x0000000000002e95      0x290 ./FATFS/Target/bsp_driver_sd.o
 .debug_abbrev  0x0000000000003125      0x105 ./FATFS/Target/fatfs_platform.o
 .debug_abbrev  0x000000000000322a      0x187 ./FATFS/Target/sd_diskio.o
 .debug_abbrev  0x00000000000033b1      0x196 ./Middlewares/Third_Party/FatFs/src/ff_gen_drv.o

.debug_aranges  0x0000000000000000     0x16f8
 .debug_aranges
                0x0000000000000000       0x78 ./Core/Src/main.o
 .debug_aranges
                0x0000000000000078       0x70 ./Core/Src/stm32l4xx_hal_msp.o
 .debug_aranges
                0x00000000000000e8       0x60 ./Core/Src/stm32l4xx_it.o
 .debug_aranges
                0x0000000000000148       0x28 ./Core/Src/system_stm32l4xx.o
 .debug_aranges
                0x0000000000000170       0x28 ./Core/Startup/startup_stm32l486rgtx.o
 .debug_aranges
                0x0000000000000198      0x130 ./Drivers/STM32L4xx_HAL_Driver/Src/stm32l4xx_hal.o
 .debug_aranges
                0x00000000000002c8      0x220 ./Drivers/STM32L4xx_HAL_Driver/Src/stm32l4xx_hal_adc.o
 .debug_aranges
                0x00000000000004e8      0x1a8 ./Drivers/STM32L4xx_HAL_Driver/Src/stm32l4xx_hal_adc_ex.o
 .debug_aranges
                0x0000000000000690      0x118 ./Drivers/STM32L4xx_HAL_Driver/Src/stm32l4xx_hal_cortex.o
 .debug_aranges
                0x00000000000007a8       0x58 ./Drivers/STM32L4xx_HAL_Driver/Src/stm32l4xx_hal_gpio.o
 .debug_aranges
                0x0000000000000800      0x2a0 ./Drivers/STM32L4xx_HAL_Driver/Src/stm32l4xx_hal_i2c.o
 .debug_aranges
                0x0000000000000aa0       0x48 ./Drivers/STM32L4xx_HAL_Driver/Src/stm32l4xx_hal_i2c_ex.o
 .debug_aranges
                0x0000000000000ae8      0x138 ./Drivers/STM32L4xx_HAL_Driver/Src/stm32l4xx_hal_pcd.o
 .debug_aranges
                0x0000000000000c20       0x60 ./Drivers/STM32L4xx_HAL_Driver/Src/stm32l4xx_hal_pcd_ex.o
 .debug_aranges
                0x0000000000000c80      0x150 ./Drivers/STM32L4xx_HAL_Driver/Src/stm32l4xx_hal_pwr_ex.o
 .debug_aranges
                0x0000000000000dd0       0x90 ./Drivers/STM32L4xx_HAL_Driver/Src/stm32l4xx_hal_rcc.o
 .debug_aranges
                0x0000000000000e60       0xc0 ./Drivers/STM32L4xx_HAL_Driver/Src/stm32l4xx_hal_rcc_ex.o
 .debug_aranges
                0x0000000000000f20      0x168 ./Drivers/STM32L4xx_HAL_Driver/Src/stm32l4xx_hal_sd.o
 .debug_aranges
                0x0000000000001088      0x1d8 ./Drivers/STM32L4xx_HAL_Driver/Src/stm32l4xx_hal_spi.o
 .debug_aranges
                0x0000000000001260      0x190 ./Drivers/STM32L4xx_HAL_Driver/Src/stm32l4xx_ll_sdmmc.o
 .debug_aranges
                0x00000000000013f0      0x1a0 ./Drivers/STM32L4xx_HAL_Driver/Src/stm32l4xx_ll_usb.o
 .debug_aranges
                0x0000000000001590       0x28 ./FATFS/App/fatfs.o
 .debug_aranges
                0x00000000000015b8       0x98 ./FATFS/Target/bsp_driver_sd.o
 .debug_aranges
                0x0000000000001650       0x20 ./FATFS/Target/fatfs_platform.o
 .debug_aranges
                0x0000000000001670       0x48 ./FATFS/Target/sd_diskio.o
 .debug_aranges
                0x00000000000016b8       0x40 ./Middlewares/Third_Party/FatFs/src/ff_gen_drv.o

.debug_ranges   0x0000000000000000     0x1560
 .debug_ranges  0x0000000000000000       0x68 ./Core/Src/main.o
 .debug_ranges  0x0000000000000068       0x60 ./Core/Src/stm32l4xx_hal_msp.o
 .debug_ranges  0x00000000000000c8       0x50 ./Core/Src/stm32l4xx_it.o
 .debug_ranges  0x0000000000000118       0x18 ./Core/Src/system_stm32l4xx.o
 .debug_ranges  0x0000000000000130       0x20 ./Core/Startup/startup_stm32l486rgtx.o
 .debug_ranges  0x0000000000000150      0x120 ./Drivers/STM32L4xx_HAL_Driver/Src/stm32l4xx_hal.o
 .debug_ranges  0x0000000000000270      0x210 ./Drivers/STM32L4xx_HAL_Driver/Src/stm32l4xx_hal_adc.o
 .debug_ranges  0x0000000000000480      0x198 ./Drivers/STM32L4xx_HAL_Driver/Src/stm32l4xx_hal_adc_ex.o
 .debug_ranges  0x0000000000000618      0x108 ./Drivers/STM32L4xx_HAL_Driver/Src/stm32l4xx_hal_cortex.o
 .debug_ranges  0x0000000000000720       0x48 ./Drivers/STM32L4xx_HAL_Driver/Src/stm32l4xx_hal_gpio.o
 .debug_ranges  0x0000000000000768      0x290 ./Drivers/STM32L4xx_HAL_Driver/Src/stm32l4xx_hal_i2c.o
 .debug_ranges  0x00000000000009f8       0x38 ./Drivers/STM32L4xx_HAL_Driver/Src/stm32l4xx_hal_i2c_ex.o
 .debug_ranges  0x0000000000000a30      0x128 ./Drivers/STM32L4xx_HAL_Driver/Src/stm32l4xx_hal_pcd.o
 .debug_ranges  0x0000000000000b58       0x50 ./Drivers/STM32L4xx_HAL_Driver/Src/stm32l4xx_hal_pcd_ex.o
 .debug_ranges  0x0000000000000ba8      0x140 ./Drivers/STM32L4xx_HAL_Driver/Src/stm32l4xx_hal_pwr_ex.o
 .debug_ranges  0x0000000000000ce8       0x80 ./Drivers/STM32L4xx_HAL_Driver/Src/stm32l4xx_hal_rcc.o
 .debug_ranges  0x0000000000000d68       0xb0 ./Drivers/STM32L4xx_HAL_Driver/Src/stm32l4xx_hal_rcc_ex.o
 .debug_ranges  0x0000000000000e18      0x158 ./Drivers/STM32L4xx_HAL_Driver/Src/stm32l4xx_hal_sd.o
 .debug_ranges  0x0000000000000f70      0x1c8 ./Drivers/STM32L4xx_HAL_Driver/Src/stm32l4xx_hal_spi.o
 .debug_ranges  0x0000000000001138      0x180 ./Drivers/STM32L4xx_HAL_Driver/Src/stm32l4xx_ll_sdmmc.o
 .debug_ranges  0x00000000000012b8      0x190 ./Drivers/STM32L4xx_HAL_Driver/Src/stm32l4xx_ll_usb.o
 .debug_ranges  0x0000000000001448       0x18 ./FATFS/App/fatfs.o
 .debug_ranges  0x0000000000001460       0x88 ./FATFS/Target/bsp_driver_sd.o
 .debug_ranges  0x00000000000014e8       0x10 ./FATFS/Target/fatfs_platform.o
 .debug_ranges  0x00000000000014f8       0x38 ./FATFS/Target/sd_diskio.o
 .debug_ranges  0x0000000000001530       0x30 ./Middlewares/Third_Party/FatFs/src/ff_gen_drv.o

.debug_macro    0x0000000000000000    0x2b22e
 .debug_macro   0x0000000000000000      0x433 ./Core/Src/main.o
 .debug_macro   0x0000000000000433      0xa78 ./Core/Src/main.o
 .debug_macro   0x0000000000000eab       0x22 ./Core/Src/main.o
 .debug_macro   0x0000000000000ecd       0x4c ./Core/Src/main.o
 .debug_macro   0x0000000000000f19       0x1e ./Core/Src/main.o
 .debug_macro   0x0000000000000f37       0x94 ./Core/Src/main.o
 .debug_macro   0x0000000000000fcb       0x3c ./Core/Src/main.o
 .debug_macro   0x0000000000001007       0x34 ./Core/Src/main.o
 .debug_macro   0x000000000000103b       0x16 ./Core/Src/main.o
 .debug_macro   0x0000000000001051       0x57 ./Core/Src/main.o
 .debug_macro   0x00000000000010a8       0x97 ./Core/Src/main.o
 .debug_macro   0x000000000000113f      0x341 ./Core/Src/main.o
 .debug_macro   0x0000000000001480       0xfd ./Core/Src/main.o
 .debug_macro   0x000000000000157d       0x10 ./Core/Src/main.o
 .debug_macro   0x000000000000158d       0x16 ./Core/Src/main.o
 .debug_macro   0x00000000000015a3       0x43 ./Core/Src/main.o
 .debug_macro   0x00000000000015e6       0x34 ./Core/Src/main.o
 .debug_macro   0x000000000000161a       0x10 ./Core/Src/main.o
 .debug_macro   0x000000000000162a       0x58 ./Core/Src/main.o
 .debug_macro   0x0000000000001682       0x71 ./Core/Src/main.o
 .debug_macro   0x00000000000016f3       0x1c ./Core/Src/main.o
 .debug_macro   0x000000000000170f      0x12a ./Core/Src/main.o
 .debug_macro   0x0000000000001839       0x10 ./Core/Src/main.o
 .debug_macro   0x0000000000001849       0x6a ./Core/Src/main.o
 .debug_macro   0x00000000000018b3       0x1c ./Core/Src/main.o
 .debug_macro   0x00000000000018cf       0x52 ./Core/Src/main.o
 .debug_macro   0x0000000000001921       0x22 ./Core/Src/main.o
 .debug_macro   0x0000000000001943       0x10 ./Core/Src/main.o
 .debug_macro   0x0000000000001953       0x52 ./Core/Src/main.o
 .debug_macro   0x00000000000019a5       0xd5 ./Core/Src/main.o
 .debug_macro   0x0000000000001a7a       0x1c ./Core/Src/main.o
 .debug_macro   0x0000000000001a96       0x3d ./Core/Src/main.o
 .debug_macro   0x0000000000001ad3       0x16 ./Core/Src/main.o
 .debug_macro   0x0000000000001ae9      0x145 ./Core/Src/main.o
 .debug_macro   0x0000000000001c2e      0x1b9 ./Core/Src/main.o
 .debug_macro   0x0000000000001de7       0x2e ./Core/Src/main.o
 .debug_macro   0x0000000000001e15       0x28 ./Core/Src/main.o
 .debug_macro   0x0000000000001e3d      0x103 ./Core/Src/main.o
 .debug_macro   0x0000000000001f40      0x1df ./Core/Src/main.o
 .debug_macro   0x000000000000211f       0x1c ./Core/Src/main.o
 .debug_macro   0x000000000000213b       0x22 ./Core/Src/main.o
 .debug_macro   0x000000000000215d       0xfb ./Core/Src/main.o
 .debug_macro   0x0000000000002258     0x1011 ./Core/Src/main.o
 .debug_macro   0x0000000000003269      0x11f ./Core/Src/main.o
 .debug_macro   0x0000000000003388    0x1a5b8 ./Core/Src/main.o
 .debug_macro   0x000000000001d940       0x6d ./Core/Src/main.o
 .debug_macro   0x000000000001d9ad     0x38e6 ./Core/Src/main.o
 .debug_macro   0x0000000000021293       0x56 ./Core/Src/main.o
 .debug_macro   0x00000000000212e9     0x15e4 ./Core/Src/main.o
 .debug_macro   0x00000000000228cd      0x5a5 ./Core/Src/main.o
 .debug_macro   0x0000000000022e72      0x1b9 ./Core/Src/main.o
 .debug_macro   0x000000000002302b      0x18b ./Core/Src/main.o
 .debug_macro   0x00000000000231b6      0x26b ./Core/Src/main.o
 .debug_macro   0x0000000000023421      0x23d ./Core/Src/main.o
 .debug_macro   0x000000000002365e      0xf8a ./Core/Src/main.o
 .debug_macro   0x00000000000245e8      0x632 ./Core/Src/main.o
 .debug_macro   0x0000000000024c1a      0x30c ./Core/Src/main.o
 .debug_macro   0x0000000000024f26      0x241 ./Core/Src/main.o
 .debug_macro   0x0000000000025167      0x37c ./Core/Src/main.o
 .debug_macro   0x00000000000254e3       0xd6 ./Core/Src/main.o
 .debug_macro   0x00000000000255b9      0x22c ./Core/Src/main.o
 .debug_macro   0x00000000000257e5       0x61 ./Core/Src/main.o
 .debug_macro   0x0000000000025846       0xa5 ./Core/Src/main.o
 .debug_macro   0x00000000000258eb      0x1f4 ./Core/Src/main.o
 .debug_macro   0x0000000000025adf       0x97 ./Core/Src/main.o
 .debug_macro   0x0000000000025b76      0x122 ./Core/Src/main.o
 .debug_macro   0x0000000000025c98      0x3e8 ./Core/Src/main.o
 .debug_macro   0x0000000000026080      0x77a ./Core/Src/main.o
 .debug_macro   0x00000000000267fa      0x1d5 ./Core/Src/main.o
 .debug_macro   0x00000000000269cf      0x2fe ./Core/Src/main.o
 .debug_macro   0x0000000000026ccd      0x330 ./Core/Src/main.o
 .debug_macro   0x0000000000026ffd       0xb8 ./Core/Src/main.o
 .debug_macro   0x00000000000270b5       0x1c ./Core/Src/main.o
 .debug_macro   0x00000000000270d1       0x40 ./Core/Src/main.o
 .debug_macro   0x0000000000027111       0xe5 ./Core/Src/main.o
 .debug_macro   0x00000000000271f6       0x16 ./Core/Src/main.o
 .debug_macro   0x000000000002720c       0x35 ./Core/Src/main.o
 .debug_macro   0x0000000000027241       0x16 ./Core/Src/main.o
 .debug_macro   0x0000000000027257       0x29 ./Core/Src/main.o
 .debug_macro   0x0000000000027280       0x12 ./Core/Src/main.o
 .debug_macro   0x0000000000027292       0xdb ./Core/Src/main.o
 .debug_macro   0x000000000002736d       0x8e ./Core/Src/main.o
 .debug_macro   0x00000000000273fb      0x235 ./Core/Src/stm32l4xx_hal_msp.o
 .debug_macro   0x0000000000027630       0x8e ./Core/Src/stm32l4xx_hal_msp.o
 .debug_macro   0x00000000000276be       0x51 ./Core/Src/stm32l4xx_hal_msp.o
 .debug_macro   0x000000000002770f      0x174 ./Core/Src/stm32l4xx_hal_msp.o
 .debug_macro   0x0000000000027883       0x5c ./Core/Src/stm32l4xx_hal_msp.o
 .debug_macro   0x00000000000278df      0x23f ./Core/Src/stm32l4xx_it.o
 .debug_macro   0x0000000000027b1e      0x226 ./Core/Src/system_stm32l4xx.o
 .debug_macro   0x0000000000027d44      0x274 ./Drivers/STM32L4xx_HAL_Driver/Src/stm32l4xx_hal.o
 .debug_macro   0x0000000000027fb8      0x243 ./Drivers/STM32L4xx_HAL_Driver/Src/stm32l4xx_hal_adc.o
 .debug_macro   0x00000000000281fb      0x232 ./Drivers/STM32L4xx_HAL_Driver/Src/stm32l4xx_hal_adc_ex.o
 .debug_macro   0x000000000002842d      0x226 ./Drivers/STM32L4xx_HAL_Driver/Src/stm32l4xx_hal_cortex.o
 .debug_macro   0x0000000000028653      0x22d ./Drivers/STM32L4xx_HAL_Driver/Src/stm32l4xx_hal_gpio.o
 .debug_macro   0x0000000000028880      0x2f2 ./Drivers/STM32L4xx_HAL_Driver/Src/stm32l4xx_hal_i2c.o
 .debug_macro   0x0000000000028b72      0x226 ./Drivers/STM32L4xx_HAL_Driver/Src/stm32l4xx_hal_i2c_ex.o
 .debug_macro   0x0000000000028d98      0x232 ./Drivers/STM32L4xx_HAL_Driver/Src/stm32l4xx_hal_pcd.o
 .debug_macro   0x0000000000028fca      0x226 ./Drivers/STM32L4xx_HAL_Driver/Src/stm32l4xx_hal_pcd_ex.o
 .debug_macro   0x00000000000291f0      0x24a ./Drivers/STM32L4xx_HAL_Driver/Src/stm32l4xx_hal_pwr_ex.o
 .debug_macro   0x000000000002943a      0x268 ./Drivers/STM32L4xx_HAL_Driver/Src/stm32l4xx_hal_rcc.o
 .debug_macro   0x00000000000296a2      0x25c ./Drivers/STM32L4xx_HAL_Driver/Src/stm32l4xx_hal_rcc_ex.o
 .debug_macro   0x00000000000298fe      0x23c ./Drivers/STM32L4xx_HAL_Driver/Src/stm32l4xx_hal_sd.o
 .debug_macro   0x0000000000029b3a      0x22e ./Drivers/STM32L4xx_HAL_Driver/Src/stm32l4xx_hal_spi.o
 .debug_macro   0x0000000000029d68      0x227 ./Drivers/STM32L4xx_HAL_Driver/Src/stm32l4xx_ll_sdmmc.o
 .debug_macro   0x0000000000029f8f      0x226 ./Drivers/STM32L4xx_HAL_Driver/Src/stm32l4xx_ll_usb.o
 .debug_macro   0x000000000002a1b5      0x372 ./FATFS/App/fatfs.o
 .debug_macro   0x000000000002a527       0x52 ./FATFS/App/fatfs.o
 .debug_macro   0x000000000002a579       0xe2 ./FATFS/App/fatfs.o
 .debug_macro   0x000000000002a65b      0x23e ./FATFS/Target/bsp_driver_sd.o
 .debug_macro   0x000000000002a899      0x22f ./FATFS/Target/fatfs_platform.o
 .debug_macro   0x000000000002aac8      0x375 ./FATFS/Target/sd_diskio.o
 .debug_macro   0x000000000002ae3d       0x16 ./FATFS/Target/sd_diskio.o
 .debug_macro   0x000000000002ae53       0x7c ./FATFS/Target/sd_diskio.o
 .debug_macro   0x000000000002aecf      0x35f ./Middlewares/Third_Party/FatFs/src/ff_gen_drv.o

.debug_line     0x0000000000000000    0x1b8c5
 .debug_line    0x0000000000000000      0xeaa ./Core/Src/main.o
 .debug_line    0x0000000000000eaa      0xa26 ./Core/Src/stm32l4xx_hal_msp.o
 .debug_line    0x00000000000018d0      0x8a9 ./Core/Src/stm32l4xx_it.o
 .debug_line    0x0000000000002179      0x87e ./Core/Src/system_stm32l4xx.o
 .debug_line    0x00000000000029f7       0x88 ./Core/Startup/startup_stm32l486rgtx.o
 .debug_line    0x0000000000002a7f      0xbd6 ./Drivers/STM32L4xx_HAL_Driver/Src/stm32l4xx_hal.o
 .debug_line    0x0000000000003655     0x1f45 ./Drivers/STM32L4xx_HAL_Driver/Src/stm32l4xx_hal_adc.o
 .debug_line    0x000000000000559a     0x1958 ./Drivers/STM32L4xx_HAL_Driver/Src/stm32l4xx_hal_adc_ex.o
 .debug_line    0x0000000000006ef2      0xd7d ./Drivers/STM32L4xx_HAL_Driver/Src/stm32l4xx_hal_cortex.o
 .debug_line    0x0000000000007c6f      0xc4a ./Drivers/STM32L4xx_HAL_Driver/Src/stm32l4xx_hal_gpio.o
 .debug_line    0x00000000000088b9     0x3768 ./Drivers/STM32L4xx_HAL_Driver/Src/stm32l4xx_hal_i2c.o
 .debug_line    0x000000000000c021      0xa04 ./Drivers/STM32L4xx_HAL_Driver/Src/stm32l4xx_hal_i2c_ex.o
 .debug_line    0x000000000000ca25     0x13f8 ./Drivers/STM32L4xx_HAL_Driver/Src/stm32l4xx_hal_pcd.o
 .debug_line    0x000000000000de1d      0x9b6 ./Drivers/STM32L4xx_HAL_Driver/Src/stm32l4xx_hal_pcd_ex.o
 .debug_line    0x000000000000e7d3      0xd9e ./Drivers/STM32L4xx_HAL_Driver/Src/stm32l4xx_hal_pwr_ex.o
 .debug_line    0x000000000000f571     0x1050 ./Drivers/STM32L4xx_HAL_Driver/Src/stm32l4xx_hal_rcc.o
 .debug_line    0x00000000000105c1     0x158f ./Drivers/STM32L4xx_HAL_Driver/Src/stm32l4xx_hal_rcc_ex.o
 .debug_line    0x0000000000011b50     0x1f25 ./Drivers/STM32L4xx_HAL_Driver/Src/stm32l4xx_hal_sd.o
 .debug_line    0x0000000000013a75     0x2010 ./Drivers/STM32L4xx_HAL_Driver/Src/stm32l4xx_hal_spi.o
 .debug_line    0x0000000000015a85     0x1087 ./Drivers/STM32L4xx_HAL_Driver/Src/stm32l4xx_ll_sdmmc.o
 .debug_line    0x0000000000016b0c     0x1a2b ./Drivers/STM32L4xx_HAL_Driver/Src/stm32l4xx_ll_usb.o
 .debug_line    0x0000000000018537      0xaca ./FATFS/App/fatfs.o
 .debug_line    0x0000000000019001      0x9c1 ./FATFS/Target/bsp_driver_sd.o
 .debug_line    0x00000000000199c2      0x7fc ./FATFS/Target/fatfs_platform.o
 .debug_line    0x000000000001a1be      0xbae ./FATFS/Target/sd_diskio.o
 .debug_line    0x000000000001ad6c      0xb59 ./Middlewares/Third_Party/FatFs/src/ff_gen_drv.o

.debug_str      0x0000000000000000   0x104628
 .debug_str     0x0000000000000000    0xfe597 ./Core/Src/main.o
                                      0xfecf2 (size before relaxing)
 .debug_str     0x00000000000fe597       0xf8 ./Core/Src/stm32l4xx_hal_msp.o
                                      0xfa425 (size before relaxing)
 .debug_str     0x00000000000fe68f       0xc9 ./Core/Src/stm32l4xx_it.o
                                      0xf9049 (size before relaxing)
 .debug_str     0x00000000000fe758       0xf2 ./Core/Src/system_stm32l4xx.o
                                      0xf8ef8 (size before relaxing)
 .debug_str     0x00000000000fe84a       0x36 ./Core/Startup/startup_stm32l486rgtx.o
                                         0x92 (size before relaxing)
 .debug_str     0x00000000000fe880      0xa92 ./Drivers/STM32L4xx_HAL_Driver/Src/stm32l4xx_hal.o
                                      0xf9a94 (size before relaxing)
 .debug_str     0x00000000000ff312      0xa93 ./Drivers/STM32L4xx_HAL_Driver/Src/stm32l4xx_hal_adc.o
                                      0xf9d57 (size before relaxing)
 .debug_str     0x00000000000ffda5      0x631 ./Drivers/STM32L4xx_HAL_Driver/Src/stm32l4xx_hal_adc_ex.o
                                      0xf9cdc (size before relaxing)
 .debug_str     0x00000000001003d6      0x344 ./Drivers/STM32L4xx_HAL_Driver/Src/stm32l4xx_hal_cortex.o
                                      0xf9748 (size before relaxing)
 .debug_str     0x000000000010071a      0x128 ./Drivers/STM32L4xx_HAL_Driver/Src/stm32l4xx_hal_gpio.o
                                      0xf9071 (size before relaxing)
 .debug_str     0x0000000000100842      0xdb8 ./Drivers/STM32L4xx_HAL_Driver/Src/stm32l4xx_hal_i2c.o
                                      0xfa0fc (size before relaxing)
 .debug_str     0x00000000001015fa       0xb8 ./Drivers/STM32L4xx_HAL_Driver/Src/stm32l4xx_hal_i2c_ex.o
                                      0xf942f (size before relaxing)
 .debug_str     0x00000000001016b2      0x7fa ./Drivers/STM32L4xx_HAL_Driver/Src/stm32l4xx_hal_pcd.o
                                      0xf996d (size before relaxing)
 .debug_str     0x0000000000101eac      0x174 ./Drivers/STM32L4xx_HAL_Driver/Src/stm32l4xx_hal_pcd_ex.o
                                      0xf932a (size before relaxing)
 .debug_str     0x0000000000102020      0x498 ./Drivers/STM32L4xx_HAL_Driver/Src/stm32l4xx_hal_pwr_ex.o
                                      0xf9418 (size before relaxing)
 .debug_str     0x00000000001024b8      0x38d ./Drivers/STM32L4xx_HAL_Driver/Src/stm32l4xx_hal_rcc.o
                                      0xf953e (size before relaxing)
 .debug_str     0x0000000000102845      0x3bf ./Drivers/STM32L4xx_HAL_Driver/Src/stm32l4xx_hal_rcc_ex.o
                                      0xf96b7 (size before relaxing)
 .debug_str     0x0000000000102c04      0x98d ./Drivers/STM32L4xx_HAL_Driver/Src/stm32l4xx_hal_sd.o
                                      0xf9c01 (size before relaxing)
 .debug_str     0x0000000000103591      0x566 ./Drivers/STM32L4xx_HAL_Driver/Src/stm32l4xx_hal_spi.o
                                      0xf9719 (size before relaxing)
 .debug_str     0x0000000000103af7      0x24b ./Drivers/STM32L4xx_HAL_Driver/Src/stm32l4xx_ll_sdmmc.o
                                      0xf9354 (size before relaxing)
 .debug_str     0x0000000000103d42      0x444 ./Drivers/STM32L4xx_HAL_Driver/Src/stm32l4xx_ll_usb.o
                                      0xf9811 (size before relaxing)
 .debug_str     0x0000000000104186      0x1bc ./FATFS/App/fatfs.o
                                      0xfc7be (size before relaxing)
 .debug_str     0x0000000000104342      0x16b ./FATFS/Target/bsp_driver_sd.o
                                      0xf9542 (size before relaxing)
 .debug_str     0x00000000001044ad       0x21 ./FATFS/Target/fatfs_platform.o
                                      0xf8def (size before relaxing)
 .debug_str     0x00000000001044ce       0xa0 ./FATFS/Target/sd_diskio.o
                                      0xfc7f2 (size before relaxing)
 .debug_str     0x000000000010456e       0xba ./Middlewares/Third_Party/FatFs/src/ff_gen_drv.o
                                      0xfc72a (size before relaxing)

.comment        0x0000000000000000       0x50
 .comment       0x0000000000000000       0x50 ./Core/Src/main.o
                                         0x51 (size before relaxing)
 .comment       0x0000000000000050       0x51 ./Core/Src/stm32l4xx_hal_msp.o
 .comment       0x0000000000000050       0x51 ./Core/Src/stm32l4xx_it.o
 .comment       0x0000000000000050       0x51 ./Core/Src/system_stm32l4xx.o
 .comment       0x0000000000000050       0x51 ./Drivers/STM32L4xx_HAL_Driver/Src/stm32l4xx_hal.o
 .comment       0x0000000000000050       0x51 ./Drivers/STM32L4xx_HAL_Driver/Src/stm32l4xx_hal_adc.o
 .comment       0x0000000000000050       0x51 ./Drivers/STM32L4xx_HAL_Driver/Src/stm32l4xx_hal_adc_ex.o
 .comment       0x0000000000000050       0x51 ./Drivers/STM32L4xx_HAL_Driver/Src/stm32l4xx_hal_cortex.o
 .comment       0x0000000000000050       0x51 ./Drivers/STM32L4xx_HAL_Driver/Src/stm32l4xx_hal_gpio.o
 .comment       0x0000000000000050       0x51 ./Drivers/STM32L4xx_HAL_Driver/Src/stm32l4xx_hal_i2c.o
 .comment       0x0000000000000050       0x51 ./Drivers/STM32L4xx_HAL_Driver/Src/stm32l4xx_hal_i2c_ex.o
 .comment       0x0000000000000050       0x51 ./Drivers/STM32L4xx_HAL_Driver/Src/stm32l4xx_hal_pcd.o
 .comment       0x0000000000000050       0x51 ./Drivers/STM32L4xx_HAL_Driver/Src/stm32l4xx_hal_pcd_ex.o
 .comment       0x0000000000000050       0x51 ./Drivers/STM32L4xx_HAL_Driver/Src/stm32l4xx_hal_pwr_ex.o
 .comment       0x0000000000000050       0x51 ./Drivers/STM32L4xx_HAL_Driver/Src/stm32l4xx_hal_rcc.o
 .comment       0x0000000000000050       0x51 ./Drivers/STM32L4xx_HAL_Driver/Src/stm32l4xx_hal_rcc_ex.o
 .comment       0x0000000000000050       0x51 ./Drivers/STM32L4xx_HAL_Driver/Src/stm32l4xx_hal_sd.o
 .comment       0x0000000000000050       0x51 ./Drivers/STM32L4xx_HAL_Driver/Src/stm32l4xx_hal_spi.o
 .comment       0x0000000000000050       0x51 ./Drivers/STM32L4xx_HAL_Driver/Src/stm32l4xx_ll_sdmmc.o
 .comment       0x0000000000000050       0x51 ./Drivers/STM32L4xx_HAL_Driver/Src/stm32l4xx_ll_usb.o
 .comment       0x0000000000000050       0x51 ./FATFS/App/fatfs.o
 .comment       0x0000000000000050       0x51 ./FATFS/Target/bsp_driver_sd.o
 .comment       0x0000000000000050       0x51 ./FATFS/Target/fatfs_platform.o
 .comment       0x0000000000000050       0x51 ./FATFS/Target/sd_diskio.o
 .comment       0x0000000000000050       0x51 ./Middlewares/Third_Party/FatFs/src/ff_gen_drv.o

.debug_frame    0x0000000000000000     0x6124
 .debug_frame   0x0000000000000000      0x180 ./Core/Src/main.o
 .debug_frame   0x0000000000000180      0x1a4 ./Core/Src/stm32l4xx_hal_msp.o
 .debug_frame   0x0000000000000324      0x104 ./Core/Src/stm32l4xx_it.o
 .debug_frame   0x0000000000000428       0x58 ./Core/Src/system_stm32l4xx.o
 .debug_frame   0x0000000000000480      0x498 ./Drivers/STM32L4xx_HAL_Driver/Src/stm32l4xx_hal.o
 .debug_frame   0x0000000000000918      0xa04 ./Drivers/STM32L4xx_HAL_Driver/Src/stm32l4xx_hal_adc.o
 .debug_frame   0x000000000000131c      0x7a4 ./Drivers/STM32L4xx_HAL_Driver/Src/stm32l4xx_hal_adc_ex.o
 .debug_frame   0x0000000000001ac0      0x498 ./Drivers/STM32L4xx_HAL_Driver/Src/stm32l4xx_hal_cortex.o
 .debug_frame   0x0000000000001f58      0x14c ./Drivers/STM32L4xx_HAL_Driver/Src/stm32l4xx_hal_gpio.o
 .debug_frame   0x00000000000020a4      0xc38 ./Drivers/STM32L4xx_HAL_Driver/Src/stm32l4xx_hal_i2c.o
 .debug_frame   0x0000000000002cdc      0x100 ./Drivers/STM32L4xx_HAL_Driver/Src/stm32l4xx_hal_i2c_ex.o
 .debug_frame   0x0000000000002ddc      0x568 ./Drivers/STM32L4xx_HAL_Driver/Src/stm32l4xx_hal_pcd.o
 .debug_frame   0x0000000000003344      0x174 ./Drivers/STM32L4xx_HAL_Driver/Src/stm32l4xx_hal_pcd_ex.o
 .debug_frame   0x00000000000034b8      0x544 ./Drivers/STM32L4xx_HAL_Driver/Src/stm32l4xx_hal_pwr_ex.o
 .debug_frame   0x00000000000039fc      0x21c ./Drivers/STM32L4xx_HAL_Driver/Src/stm32l4xx_hal_rcc.o
 .debug_frame   0x0000000000003c18      0x2fc ./Drivers/STM32L4xx_HAL_Driver/Src/stm32l4xx_hal_rcc_ex.o
 .debug_frame   0x0000000000003f14      0x650 ./Drivers/STM32L4xx_HAL_Driver/Src/stm32l4xx_hal_sd.o
 .debug_frame   0x0000000000004564      0x860 ./Drivers/STM32L4xx_HAL_Driver/Src/stm32l4xx_hal_spi.o
 .debug_frame   0x0000000000004dc4      0x6f0 ./Drivers/STM32L4xx_HAL_Driver/Src/stm32l4xx_ll_sdmmc.o
 .debug_frame   0x00000000000054b4      0x7bc ./Drivers/STM32L4xx_HAL_Driver/Src/stm32l4xx_ll_usb.o
 .debug_frame   0x0000000000005c70       0x4c ./FATFS/App/fatfs.o
 .debug_frame   0x0000000000005cbc      0x238 ./FATFS/Target/bsp_driver_sd.o
 .debug_frame   0x0000000000005ef4       0x34 ./FATFS/Target/fatfs_platform.o
 .debug_frame   0x0000000000005f28       0xe8 ./FATFS/Target/sd_diskio.o
 .debug_frame   0x0000000000006010       0xc8 ./Middlewares/Third_Party/FatFs/src/ff_gen_drv.o
 .debug_frame   0x00000000000060d8       0x2c c:/program files/st/stm32cubeide_1.12.0/stm32cubeide/plugins/com.st.stm32cube.ide.mcu.externaltools.gnu-tools-for-stm32.10.3-2021.10.win32_1.0.200.202301161003/tools/bin/../lib/gcc/arm-none-eabi/10.3.1/../../../../arm-none-eabi/lib/thumb/v7e-m+fp/hard\libc_nano.a(lib_a-init.o)
 .debug_frame   0x0000000000006104       0x20 c:/program files/st/stm32cubeide_1.12.0/stm32cubeide/plugins/com.st.stm32cube.ide.mcu.externaltools.gnu-tools-for-stm32.10.3-2021.10.win32_1.0.200.202301161003/tools/bin/../lib/gcc/arm-none-eabi/10.3.1/../../../../arm-none-eabi/lib/thumb/v7e-m+fp/hard\libc_nano.a(lib_a-memset.o)
