Archive member included to satisfy reference by file (symbol)

c:/program files/st/stm32cubeide_1.12.0/stm32cubeide/plugins/com.st.stm32cube.ide.mcu.externaltools.gnu-tools-for-stm32.10.3-2021.10.win32_1.0.200.202301161003/tools/bin/../lib/gcc/arm-none-eabi/10.3.1/../../../../arm-none-eabi/lib/thumb/v7e-m+fp/hard\libc_nano.a(lib_a-errno.o)
                              ./Core/Src/syscalls.o (__errno)
c:/program files/st/stm32cubeide_1.12.0/stm32cubeide/plugins/com.st.stm32cube.ide.mcu.externaltools.gnu-tools-for-stm32.10.3-2021.10.win32_1.0.200.202301161003/tools/bin/../lib/gcc/arm-none-eabi/10.3.1/../../../../arm-none-eabi/lib/thumb/v7e-m+fp/hard\libc_nano.a(lib_a-exit.o)
                              c:/program files/st/stm32cubeide_1.12.0/stm32cubeide/plugins/com.st.stm32cube.ide.mcu.externaltools.gnu-tools-for-stm32.10.3-2021.10.win32_1.0.200.202301161003/tools/bin/../lib/gcc/arm-none-eabi/10.3.1/../../../../arm-none-eabi/lib/thumb/v7e-m+fp/hard/crt0.o (exit)
c:/program files/st/stm32cubeide_1.12.0/stm32cubeide/plugins/com.st.stm32cube.ide.mcu.externaltools.gnu-tools-for-stm32.10.3-2021.10.win32_1.0.200.202301161003/tools/bin/../lib/gcc/arm-none-eabi/10.3.1/../../../../arm-none-eabi/lib/thumb/v7e-m+fp/hard\libc_nano.a(lib_a-impure.o)
                              c:/program files/st/stm32cubeide_1.12.0/stm32cubeide/plugins/com.st.stm32cube.ide.mcu.externaltools.gnu-tools-for-stm32.10.3-2021.10.win32_1.0.200.202301161003/tools/bin/../lib/gcc/arm-none-eabi/10.3.1/../../../../arm-none-eabi/lib/thumb/v7e-m+fp/hard\libc_nano.a(lib_a-exit.o) (_global_impure_ptr)
c:/program files/st/stm32cubeide_1.12.0/stm32cubeide/plugins/com.st.stm32cube.ide.mcu.externaltools.gnu-tools-for-stm32.10.3-2021.10.win32_1.0.200.202301161003/tools/bin/../lib/gcc/arm-none-eabi/10.3.1/../../../../arm-none-eabi/lib/thumb/v7e-m+fp/hard\libc_nano.a(lib_a-init.o)
                              c:/program files/st/stm32cubeide_1.12.0/stm32cubeide/plugins/com.st.stm32cube.ide.mcu.externaltools.gnu-tools-for-stm32.10.3-2021.10.win32_1.0.200.202301161003/tools/bin/../lib/gcc/arm-none-eabi/10.3.1/../../../../arm-none-eabi/lib/thumb/v7e-m+fp/hard/crt0.o (__libc_init_array)
c:/program files/st/stm32cubeide_1.12.0/stm32cubeide/plugins/com.st.stm32cube.ide.mcu.externaltools.gnu-tools-for-stm32.10.3-2021.10.win32_1.0.200.202301161003/tools/bin/../lib/gcc/arm-none-eabi/10.3.1/../../../../arm-none-eabi/lib/thumb/v7e-m+fp/hard\libc_nano.a(lib_a-memset.o)
                              c:/program files/st/stm32cubeide_1.12.0/stm32cubeide/plugins/com.st.stm32cube.ide.mcu.externaltools.gnu-tools-for-stm32.10.3-2021.10.win32_1.0.200.202301161003/tools/bin/../lib/gcc/arm-none-eabi/10.3.1/../../../../arm-none-eabi/lib/thumb/v7e-m+fp/hard/crt0.o (memset)
c:/program files/st/stm32cubeide_1.12.0/stm32cubeide/plugins/com.st.stm32cube.ide.mcu.externaltools.gnu-tools-for-stm32.10.3-2021.10.win32_1.0.200.202301161003/tools/bin/../lib/gcc/arm-none-eabi/10.3.1/thumb/v7e-m+fp/hard\libgcc.a(_aeabi_uldivmod.o)
                              ./Drivers/STM32L4xx_HAL_Driver/Src/stm32l4xx_hal_uart.o (__aeabi_uldivmod)
c:/program files/st/stm32cubeide_1.12.0/stm32cubeide/plugins/com.st.stm32cube.ide.mcu.externaltools.gnu-tools-for-stm32.10.3-2021.10.win32_1.0.200.202301161003/tools/bin/../lib/gcc/arm-none-eabi/10.3.1/thumb/v7e-m+fp/hard\libgcc.a(_udivmoddi4.o)
                              c:/program files/st/stm32cubeide_1.12.0/stm32cubeide/plugins/com.st.stm32cube.ide.mcu.externaltools.gnu-tools-for-stm32.10.3-2021.10.win32_1.0.200.202301161003/tools/bin/../lib/gcc/arm-none-eabi/10.3.1/thumb/v7e-m+fp/hard\libgcc.a(_aeabi_uldivmod.o) (__udivmoddi4)
c:/program files/st/stm32cubeide_1.12.0/stm32cubeide/plugins/com.st.stm32cube.ide.mcu.externaltools.gnu-tools-for-stm32.10.3-2021.10.win32_1.0.200.202301161003/tools/bin/../lib/gcc/arm-none-eabi/10.3.1/thumb/v7e-m+fp/hard\libgcc.a(_dvmd_tls.o)
                              c:/program files/st/stm32cubeide_1.12.0/stm32cubeide/plugins/com.st.stm32cube.ide.mcu.externaltools.gnu-tools-for-stm32.10.3-2021.10.win32_1.0.200.202301161003/tools/bin/../lib/gcc/arm-none-eabi/10.3.1/thumb/v7e-m+fp/hard\libgcc.a(_aeabi_uldivmod.o) (__aeabi_ldiv0)

Discarded input sections

 .text          0x0000000000000000        0x0 c:/program files/st/stm32cubeide_1.12.0/stm32cubeide/plugins/com.st.stm32cube.ide.mcu.externaltools.gnu-tools-for-stm32.10.3-2021.10.win32_1.0.200.202301161003/tools/bin/../lib/gcc/arm-none-eabi/10.3.1/thumb/v7e-m+fp/hard/crti.o
 .data          0x0000000000000000        0x0 c:/program files/st/stm32cubeide_1.12.0/stm32cubeide/plugins/com.st.stm32cube.ide.mcu.externaltools.gnu-tools-for-stm32.10.3-2021.10.win32_1.0.200.202301161003/tools/bin/../lib/gcc/arm-none-eabi/10.3.1/thumb/v7e-m+fp/hard/crti.o
[...]
Memory Configuration

Name             Origin             Length             Attributes
RAM              0x0000000020000000 0x0000000000018000 xrw
RAM2             0x0000000010000000 0x0000000000008000 xrw
FLASH            0x0000000008000000 0x0000000000100000 xr
*default*        0x0000000000000000 0xffffffffffffffff

Linker script and memory map

LOAD c:/program files/st/stm32cubeide_1.12.0/stm32cubeide/plugins/com.st.stm32cube.ide.mcu.externaltools.gnu-tools-for-stm32.10.3-2021.10.win32_1.0.200.202301161003/tools/bin/../lib/gcc/arm-none-eabi/10.3.1/thumb/v7e-m+fp/hard/crti.o
LOAD c:/program files/st/stm32cubeide_1.12.0/stm32cubeide/plugins/com.st.stm32cube.ide.mcu.externaltools.gnu-tools-for-stm32.10.3-2021.10.win32_1.0.200.202301161003/tools/bin/../lib/gcc/arm-none-eabi/10.3.1/thumb/v7e-m+fp/hard/crtbegin.o
LOAD c:/program files/st/stm32cubeide_1.12.0/stm32cubeide/plugins/com.st.stm32cube.ide.mcu.externaltools.gnu-tools-for-stm32.10.3-2021.10.win32_1.0.200.202301161003/tools/bin/../lib/gcc/arm-none-eabi/10.3.1/../../../../arm-none-eabi/lib/thumb/v7e-m+fp/hard/crt0.o
LOAD ./Core/Src/main.o
LOAD ./Core/Src/stm32l4xx_hal_msp.o
LOAD ./Core/Src/stm32l4xx_it.o
LOAD ./Core/Src/syscalls.o
LOAD ./Core/Src/sysmem.o
LOAD ./Core/Src/system_stm32l4xx.o
LOAD ./Core/Startup/startup_stm32l486rgtx.o
LOAD ./Drivers/STM32L4xx_HAL_Driver/Src/stm32l4xx_hal.o
LOAD ./Drivers/STM32L4xx_HAL_Driver/Src/stm32l4xx_hal_adc.o
LOAD ./Drivers/STM32L4xx_HAL_Driver/Src/stm32l4xx_hal_adc_ex.o
LOAD ./Drivers/STM32L4xx_HAL_Driver/Src/stm32l4xx_hal_cortex.o
LOAD ./Drivers/STM32L4xx_HAL_Driver/Src/stm32l4xx_hal_dma.o
LOAD ./Drivers/STM32L4xx_HAL_Driver/Src/stm32l4xx_hal_dma_ex.o
LOAD ./Drivers/STM32L4xx_HAL_Driver/Src/stm32l4xx_hal_exti.o
LOAD ./Drivers/STM32L4xx_HAL_Driver/Src/stm32l4xx_hal_flash.o
LOAD ./Drivers/STM32L4xx_HAL_Driver/Src/stm32l4xx_hal_flash_ex.o
LOAD ./Drivers/STM32L4xx_HAL_Driver/Src/stm32l4xx_hal_flash_ramfunc.o
LOAD ./Drivers/STM32L4xx_HAL_Driver/Src/stm32l4xx_hal_gpio.o
LOAD ./Drivers/STM32L4xx_HAL_Driver/Src/stm32l4xx_hal_i2c.o
LOAD ./Drivers/STM32L4xx_HAL_Driver/Src/stm32l4xx_hal_i2c_ex.o
LOAD ./Drivers/STM32L4xx_HAL_Driver/Src/stm32l4xx_hal_pcd.o
LOAD ./Drivers/STM32L4xx_HAL_Driver/Src/stm32l4xx_hal_pcd_ex.o
LOAD ./Drivers/STM32L4xx_HAL_Driver/Src/stm32l4xx_hal_pwr.o
LOAD ./Drivers/STM32L4xx_HAL_Driver/Src/stm32l4xx_hal_pwr_ex.o
LOAD ./Drivers/STM32L4xx_HAL_Driver/Src/stm32l4xx_hal_rcc.o
LOAD ./Drivers/STM32L4xx_HAL_Driver/Src/stm32l4xx_hal_rcc_ex.o
LOAD ./Drivers/STM32L4xx_HAL_Driver/Src/stm32l4xx_hal_sd.o
LOAD ./Drivers/STM32L4xx_HAL_Driver/Src/stm32l4xx_hal_sd_ex.o
LOAD ./Drivers/STM32L4xx_HAL_Driver/Src/stm32l4xx_hal_spi.o
LOAD ./Drivers/STM32L4xx_HAL_Driver/Src/stm32l4xx_hal_spi_ex.o
LOAD ./Drivers/STM32L4xx_HAL_Driver/Src/stm32l4xx_hal_tim.o
LOAD ./Drivers/STM32L4xx_HAL_Driver/Src/stm32l4xx_hal_tim_ex.o
LOAD ./Drivers/STM32L4xx_HAL_Driver/Src/stm32l4xx_hal_uart.o
LOAD ./Drivers/STM32L4xx_HAL_Driver/Src/stm32l4xx_hal_uart_ex.o
LOAD ./Drivers/STM32L4xx_HAL_Driver/Src/stm32l4xx_ll_sdmmc.o
LOAD ./Drivers/STM32L4xx_HAL_Driver/Src/stm32l4xx_ll_usb.o
LOAD ./FATFS/App/fatfs.o
LOAD ./FATFS/Target/bsp_driver_sd.o
LOAD ./FATFS/Target/fatfs_platform.o
LOAD ./FATFS/Target/sd_diskio.o
LOAD ./Middlewares/Third_Party/FatFs/src/diskio.o
LOAD ./Middlewares/Third_Party/FatFs/src/ff.o
LOAD ./Middlewares/Third_Party/FatFs/src/ff_gen_drv.o
LOAD ./Middlewares/Third_Party/FatFs/src/option/syscall.o
START GROUP
LOAD c:/program files/st/stm32cubeide_1.12.0/stm32cubeide/plugins/com.st.stm32cube.ide.mcu.externaltools.gnu-tools-for-stm32.10.3-2021.10.win32_1.0.200.202301161003/tools/bin/../lib/gcc/arm-none-eabi/10.3.1/../../../../arm-none-eabi/lib/thumb/v7e-m+fp/hard\libc_nano.a
LOAD c:/program files/st/stm32cubeide_1.12.0/stm32cubeide/plugins/com.st.stm32cube.ide.mcu.externaltools.gnu-tools-for-stm32.10.3-2021.10.win32_1.0.200.202301161003/tools/bin/../lib/gcc/arm-none-eabi/10.3.1/../../../../arm-none-eabi/lib/thumb/v7e-m+fp/hard\libm.a
END GROUP
START GROUP
LOAD c:/program files/st/stm32cubeide_1.12.0/stm32cubeide/plugins/com.st.stm32cube.ide.mcu.externaltools.gnu-tools-for-stm32.10.3-2021.10.win32_1.0.200.202301161003/tools/bin/../lib/gcc/arm-none-eabi/10.3.1/thumb/v7e-m+fp/hard\libgcc.a
LOAD c:/program files/st/stm32cubeide_1.12.0/stm32cubeide/plugins/com.st.stm32cube.ide.mcu.externaltools.gnu-tools-for-stm32.10.3-2021.10.win32_1.0.200.202301161003/tools/bin/../lib/gcc/arm-none-eabi/10.3.1/../../../../arm-none-eabi/lib/thumb/v7e-m+fp/hard\libc_nano.a
END GROUP
START GROUP
LOAD c:/program files/st/stm32cubeide_1.12.0/stm32cubeide/plugins/com.st.stm32cube.ide.mcu.externaltools.gnu-tools-for-stm32.10.3-2021.10.win32_1.0.200.202301161003/tools/bin/../lib/gcc/arm-none-eabi/10.3.1/thumb/v7e-m+fp/hard\libgcc.a
LOAD c:/program files/st/stm32cubeide_1.12.0/stm32cubeide/plugins/com.st.stm32cube.ide.mcu.externaltools.gnu-tools-for-stm32.10.3-2021.10.win32_1.0.200.202301161003/tools/bin/../lib/gcc/arm-none-eabi/10.3.1/../../../../arm-none-eabi/lib/thumb/v7e-m+fp/hard\libc_nano.a
LOAD c:/program files/st/stm32cubeide_1.12.0/stm32cubeide/plugins/com.st.stm32cube.ide.mcu.externaltools.gnu-tools-for-stm32.10.3-2021.10.win32_1.0.200.202301161003/tools/bin/../lib/gcc/arm-none-eabi/10.3.1/../../../../arm-none-eabi/lib/thumb/v7e-m+fp/hard\libnosys.a
END GROUP
START GROUP
LOAD c:/program files/st/stm32cubeide_1.12.0/stm32cubeide/plugins/com.st.stm32cube.ide.mcu.externaltools.gnu-tools-for-stm32.10.3-2021.10.win32_1.0.200.202301161003/tools/bin/../lib/gcc/arm-none-eabi/10.3.1/thumb/v7e-m+fp/hard\libgcc.a
LOAD c:/program files/st/stm32cubeide_1.12.0/stm32cubeide/plugins/com.st.stm32cube.ide.mcu.externaltools.gnu-tools-for-stm32.10.3-2021.10.win32_1.0.200.202301161003/tools/bin/../lib/gcc/arm-none-eabi/10.3.1/../../../../arm-none-eabi/lib/thumb/v7e-m+fp/hard\libc_nano.a
LOAD c:/program files/st/stm32cubeide_1.12.0/stm32cubeide/plugins/com.st.stm32cube.ide.mcu.externaltools.gnu-tools-for-stm32.10.3-2021.10.win32_1.0.200.202301161003/tools/bin/../lib/gcc/arm-none-eabi/10.3.1/../../../../arm-none-eabi/lib/thumb/v7e-m+fp/hard\libnosys.a
END GROUP
LOAD c:/program files/st/stm32cubeide_1.12.0/stm32cubeide/plugins/com.st.stm32cube.ide.mcu.externaltools.gnu-tools-for-stm32.10.3-2021.10.win32_1.0.200.202301161003/tools/bin/../lib/gcc/arm-none-eabi/10.3.1/thumb/v7e-m+fp/hard/crtend.o
LOAD c:/program files/st/stm32cubeide_1.12.0/stm32cubeide/plugins/com.st.stm32cube.ide.mcu.externaltools.gnu-tools-for-stm32.10.3-2021.10.win32_1.0.200.202301161003/tools/bin/../lib/gcc/arm-none-eabi/10.3.1/thumb/v7e-m+fp/hard/crtn.o
                0x0000000020018000                _estack = (ORIGIN (RAM) + LENGTH (RAM))
                0x0000000000000200                _Min_Heap_Size = 0x200
                0x0000000000000400                _Min_Stack_Size = 0x400

.isr_vector     0x0000000008000000      0x188
                0x0000000008000000                . = ALIGN (0x4)
 *(.isr_vector)
 .isr_vector    0x0000000008000000      0x188 ./Core/Startup/startup_stm32l486rgtx.o
                0x0000000008000000                g_pfnVectors
                0x0000000008000188                . = ALIGN (0x4)

.text           0x0000000008000188     0x8fd8
                0x0000000008000188                . = ALIGN (0x4)
 *(.text)
 .text          0x0000000008000188       0x40 c:/program files/st/stm32cubeide_1.12.0/stm32cubeide/plugins/com.st.stm32cube.ide.mcu.externaltools.gnu-tools-for-stm32.10.3-2021.10.win32_1.0.200.202301161003/tools/bin/../lib/gcc/arm-none-eabi/10.3.1/thumb/v7e-m+fp/hard/crtbegin.o
 .text          0x00000000080001c8       0x30 c:/program files/st/stm32cubeide_1.12.0/stm32cubeide/plugins/com.st.stm32cube.ide.mcu.externaltools.gnu-tools-for-stm32.10.3-2021.10.win32_1.0.200.202301161003/tools/bin/../lib/gcc/arm-none-eabi/10.3.1/thumb/v7e-m+fp/hard\libgcc.a(_aeabi_uldivmod.o)
                0x00000000080001c8                __aeabi_uldivmod
 .text          0x00000000080001f8      0x2d0 c:/program files/st/stm32cubeide_1.12.0/stm32cubeide/plugins/com.st.stm32cube.ide.mcu.externaltools.gnu-tools-for-stm32.10.3-2021.10.win32_1.0.200.202301161003/tools/bin/../lib/gcc/arm-none-eabi/10.3.1/thumb/v7e-m+fp/hard\libgcc.a(_udivmoddi4.o)
                0x00000000080001f8                __udivmoddi4
 .text          0x00000000080004c8        0x4 c:/program files/st/stm32cubeide_1.12.0/stm32cubeide/plugins/com.st.stm32cube.ide.mcu.externaltools.gnu-tools-for-stm32.10.3-2021.10.win32_1.0.200.202301161003/tools/bin/../lib/gcc/arm-none-eabi/10.3.1/thumb/v7e-m+fp/hard\libgcc.a(_dvmd_tls.o)
                0x00000000080004c8                __aeabi_idiv0
                0x00000000080004c8                __aeabi_ldiv0
 *(.text*)
 .text.main     0x00000000080004cc       0x64 ./Core/Src/main.o
                0x00000000080004cc                main
 .text.SystemClock_Config
                0x0000000008000530       0xa4 ./Core/Src/main.o
                0x0000000008000530                SystemClock_Config
 .text.PeriphCommonClock_Config
                0x00000000080005d4       0x62 ./Core/Src/main.o
                0x00000000080005d4                PeriphCommonClock_Config
 *fill*         0x0000000008000636        0x2 
 .text.MX_ADC1_Init
                0x0000000008000638      0x150 ./Core/Src/main.o
 .text.MX_I2C1_Init
                0x0000000008000788       0x80 ./Core/Src/main.o
 .text.MX_I2C2_Init
                0x0000000008000808       0x80 ./Core/Src/main.o
 .text.MX_LPUART1_UART_Init
                0x0000000008000888       0x58 ./Core/Src/main.o
 .text.MX_SDMMC1_SD_Init
                0x00000000080008e0       0x44 ./Core/Src/main.o
 .text.MX_SPI1_Init
                0x0000000008000924       0x7c ./Core/Src/main.o
 .text.MX_SPI2_Init
                0x00000000080009a0       0x7c ./Core/Src/main.o
 .text.MX_USB_OTG_FS_PCD_Init
                0x0000000008000a1c       0x5c ./Core/Src/main.o
 .text.MX_DMA_Init
                0x0000000008000a78       0x3c ./Core/Src/main.o
 .text.MX_GPIO_Init
                0x0000000008000ab4      0x140 ./Core/Src/main.o
 .text.HAL_ADC_ConvHalfCpltCallback
                0x0000000008000bf4       0x14 ./Core/Src/main.o
                0x0000000008000bf4                HAL_ADC_ConvHalfCpltCallback
 .text.HAL_ADC_ConvCpltCallback
                0x0000000008000c08       0x24 ./Core/Src/main.o
                0x0000000008000c08                HAL_ADC_ConvCpltCallback
 .text.Error_Handler
                0x0000000008000c2c        0xa ./Core/Src/main.o
                0x0000000008000c2c                Error_Handler
 *fill*         0x0000000008000c36        0x2 
 .text.HAL_MspInit
                0x0000000008000c38       0x48 ./Core/Src/stm32l4xx_hal_msp.o
                0x0000000008000c38                HAL_MspInit
 .text.HAL_ADC_MspInit
                0x0000000008000c80       0xec ./Core/Src/stm32l4xx_hal_msp.o
                0x0000000008000c80                HAL_ADC_MspInit
 .text.HAL_I2C_MspInit
                0x0000000008000d6c      0x144 ./Core/Src/stm32l4xx_hal_msp.o
                0x0000000008000d6c                HAL_I2C_MspInit
 .text.HAL_UART_MspInit
                0x0000000008000eb0       0xbc ./Core/Src/stm32l4xx_hal_msp.o
                0x0000000008000eb0                HAL_UART_MspInit
 .text.HAL_SD_MspInit
                0x0000000008000f6c       0xc4 ./Core/Src/stm32l4xx_hal_msp.o
                0x0000000008000f6c                HAL_SD_MspInit
 .text.HAL_SPI_MspInit
                0x0000000008001030       0xec ./Core/Src/stm32l4xx_hal_msp.o
                0x0000000008001030                HAL_SPI_MspInit
 .text.HAL_PCD_MspInit
                0x000000000800111c       0xbc ./Core/Src/stm32l4xx_hal_msp.o
                0x000000000800111c                HAL_PCD_MspInit
 .text.NMI_Handler
                0x00000000080011d8        0x6 ./Core/Src/stm32l4xx_it.o
                0x00000000080011d8                NMI_Handler
 .text.HardFault_Handler
                0x00000000080011de        0x6 ./Core/Src/stm32l4xx_it.o
                0x00000000080011de                HardFault_Handler
 .text.MemManage_Handler
                0x00000000080011e4        0x6 ./Core/Src/stm32l4xx_it.o
                0x00000000080011e4                MemManage_Handler
 .text.BusFault_Handler
                0x00000000080011ea        0x6 ./Core/Src/stm32l4xx_it.o
                0x00000000080011ea                BusFault_Handler
 .text.UsageFault_Handler
                0x00000000080011f0        0x6 ./Core/Src/stm32l4xx_it.o
                0x00000000080011f0                UsageFault_Handler
 .text.SVC_Handler
                0x00000000080011f6        0xe ./Core/Src/stm32l4xx_it.o
                0x00000000080011f6                SVC_Handler
 .text.DebugMon_Handler
                0x0000000008001204        0xe ./Core/Src/stm32l4xx_it.o
                0x0000000008001204                DebugMon_Handler
 .text.PendSV_Handler
                0x0000000008001212        0xe ./Core/Src/stm32l4xx_it.o
                0x0000000008001212                PendSV_Handler
 .text.SysTick_Handler
                0x0000000008001220        0xc ./Core/Src/stm32l4xx_it.o
                0x0000000008001220                SysTick_Handler
 .text.DMA1_Channel1_IRQHandler
                0x000000000800122c       0x14 ./Core/Src/stm32l4xx_it.o
                0x000000000800122c                DMA1_Channel1_IRQHandler
 .text.ADC1_2_IRQHandler
                0x0000000008001240       0x14 ./Core/Src/stm32l4xx_it.o
                0x0000000008001240                ADC1_2_IRQHandler
 .text.SystemInit
                0x0000000008001254       0x24 ./Core/Src/system_stm32l4xx.o
                0x0000000008001254                SystemInit
 .text.Reset_Handler
                0x0000000008001278       0x50 ./Core/Startup/startup_stm32l486rgtx.o
                0x0000000008001278                Reset_Handler
 .text.Default_Handler
                0x00000000080012c8        0x2 ./Core/Startup/startup_stm32l486rgtx.o
                0x00000000080012c8                RTC_Alarm_IRQHandler
                0x00000000080012c8                EXTI2_IRQHandler
                0x00000000080012c8                TIM8_TRG_COM_IRQHandler
                0x00000000080012c8                TIM8_CC_IRQHandler
                0x00000000080012c8                TIM1_CC_IRQHandler
                0x00000000080012c8                TSC_IRQHandler
                0x00000000080012c8                TAMP_STAMP_IRQHandler
                0x00000000080012c8                EXTI3_IRQHandler
                0x00000000080012c8                LPTIM2_IRQHandler
                0x00000000080012c8                DFSDM1_FLT1_IRQHandler
                0x00000000080012c8                I2C3_ER_IRQHandler
                0x00000000080012c8                DFSDM1_FLT2_IRQHandler
                0x00000000080012c8                EXTI0_IRQHandler
                0x00000000080012c8                I2C2_EV_IRQHandler
                0x00000000080012c8                CAN1_RX0_IRQHandler
                0x00000000080012c8                FPU_IRQHandler
                0x00000000080012c8                TIM1_UP_TIM16_IRQHandler
                0x00000000080012c8                SPI1_IRQHandler
                0x00000000080012c8                TIM6_DAC_IRQHandler
                0x00000000080012c8                TIM8_UP_IRQHandler
                0x00000000080012c8                DMA2_Channel2_IRQHandler
                0x00000000080012c8                DMA1_Channel4_IRQHandler
                0x00000000080012c8                SAI2_IRQHandler
                0x00000000080012c8                DFSDM1_FLT3_IRQHandler
                0x00000000080012c8                USART3_IRQHandler
                0x00000000080012c8                DMA1_Channel7_IRQHandler
                0x00000000080012c8                CAN1_RX1_IRQHandler
                0x00000000080012c8                LCD_IRQHandler
                0x00000000080012c8                UART5_IRQHandler
                0x00000000080012c8                ADC3_IRQHandler
                0x00000000080012c8                TIM4_IRQHandler
                0x00000000080012c8                DMA2_Channel1_IRQHandler
                0x00000000080012c8                QUADSPI_IRQHandler
                0x00000000080012c8                I2C1_EV_IRQHandler
                0x00000000080012c8                DMA1_Channel6_IRQHandler
                0x00000000080012c8                UART4_IRQHandler
                0x00000000080012c8                DMA2_Channel4_IRQHandler
                0x00000000080012c8                TIM3_IRQHandler
                0x00000000080012c8                RCC_IRQHandler
                0x00000000080012c8                Default_Handler
                0x00000000080012c8                DMA2_Channel7_IRQHandler
                0x00000000080012c8                EXTI15_10_IRQHandler
                0x00000000080012c8                TIM7_IRQHandler
                0x00000000080012c8                SDMMC1_IRQHandler
                0x00000000080012c8                TIM5_IRQHandler
                0x00000000080012c8                I2C3_EV_IRQHandler
                0x00000000080012c8                EXTI9_5_IRQHandler
                0x00000000080012c8                RTC_WKUP_IRQHandler
                0x00000000080012c8                PVD_PVM_IRQHandler
                0x00000000080012c8                SPI2_IRQHandler
                0x00000000080012c8                CAN1_TX_IRQHandler
                0x00000000080012c8                DMA2_Channel5_IRQHandler
                0x00000000080012c8                DMA1_Channel5_IRQHandler
                0x00000000080012c8                EXTI4_IRQHandler
                0x00000000080012c8                RNG_IRQHandler
                0x00000000080012c8                TIM1_TRG_COM_TIM17_IRQHandler
                0x00000000080012c8                DMA1_Channel3_IRQHandler
                0x00000000080012c8                COMP_IRQHandler
                0x00000000080012c8                WWDG_IRQHandler
                0x00000000080012c8                LPUART1_IRQHandler
                0x00000000080012c8                DMA2_Channel6_IRQHandler
                0x00000000080012c8                TIM2_IRQHandler
                0x00000000080012c8                EXTI1_IRQHandler
                0x00000000080012c8                AES_IRQHandler
                0x00000000080012c8                USART2_IRQHandler
                0x00000000080012c8                DFSDM1_FLT0_IRQHandler
                0x00000000080012c8                I2C2_ER_IRQHandler
                0x00000000080012c8                DMA1_Channel2_IRQHandler
                0x00000000080012c8                TIM8_BRK_IRQHandler
                0x00000000080012c8                CAN1_SCE_IRQHandler
                0x00000000080012c8                FLASH_IRQHandler
                0x00000000080012c8                USART1_IRQHandler
                0x00000000080012c8                OTG_FS_IRQHandler
                0x00000000080012c8                SPI3_IRQHandler
                0x00000000080012c8                I2C1_ER_IRQHandler
                0x00000000080012c8                FMC_IRQHandler
                0x00000000080012c8                SWPMI1_IRQHandler
                0x00000000080012c8                LPTIM1_IRQHandler
                0x00000000080012c8                SAI1_IRQHandler
                0x00000000080012c8                DMA2_Channel3_IRQHandler
                0x00000000080012c8                TIM1_BRK_TIM15_IRQHandler
 .text.HAL_Init
                0x00000000080012ca       0x30 ./Drivers/STM32L4xx_HAL_Driver/Src/stm32l4xx_hal.o
                0x00000000080012ca                HAL_Init
 *fill*         0x00000000080012fa        0x2 
 .text.HAL_InitTick
                0x00000000080012fc       0x78 ./Drivers/STM32L4xx_HAL_Driver/Src/stm32l4xx_hal.o
                0x00000000080012fc                HAL_InitTick
 .text.HAL_IncTick
                0x0000000008001374       0x28 ./Drivers/STM32L4xx_HAL_Driver/Src/stm32l4xx_hal.o
                0x0000000008001374                HAL_IncTick
 .text.HAL_GetTick
                0x000000000800139c       0x18 ./Drivers/STM32L4xx_HAL_Driver/Src/stm32l4xx_hal.o
                0x000000000800139c                HAL_GetTick
 .text.HAL_Delay
                0x00000000080013b4       0x48 ./Drivers/STM32L4xx_HAL_Driver/Src/stm32l4xx_hal.o
                0x00000000080013b4                HAL_Delay
 .text.LL_ADC_SetCommonClock
                0x00000000080013fc       0x26 ./Drivers/STM32L4xx_HAL_Driver/Src/stm32l4xx_hal_adc.o
 .text.LL_ADC_SetCommonPathInternalCh
                0x0000000008001422       0x26 ./Drivers/STM32L4xx_HAL_Driver/Src/stm32l4xx_hal_adc.o
 .text.LL_ADC_GetCommonPathInternalCh
                0x0000000008001448       0x1c ./Drivers/STM32L4xx_HAL_Driver/Src/stm32l4xx_hal_adc.o
 .text.LL_ADC_SetOffset
                0x0000000008001464       0x48 ./Drivers/STM32L4xx_HAL_Driver/Src/stm32l4xx_hal_adc.o
 .text.LL_ADC_GetOffsetChannel
                0x00000000080014ac       0x2c ./Drivers/STM32L4xx_HAL_Driver/Src/stm32l4xx_hal_adc.o
 .text.LL_ADC_SetOffsetState
                0x00000000080014d8       0x36 ./Drivers/STM32L4xx_HAL_Driver/Src/stm32l4xx_hal_adc.o
 .text.LL_ADC_REG_IsTriggerSourceSWStart
                0x000000000800150e       0x26 ./Drivers/STM32L4xx_HAL_Driver/Src/stm32l4xx_hal_adc.o
 .text.LL_ADC_REG_SetSequencerRanks
                0x0000000008001534       0x58 ./Drivers/STM32L4xx_HAL_Driver/Src/stm32l4xx_hal_adc.o
 .text.LL_ADC_INJ_IsTriggerSourceSWStart
                0x000000000800158c       0x26 ./Drivers/STM32L4xx_HAL_Driver/Src/stm32l4xx_hal_adc.o
 .text.LL_ADC_SetChannelSamplingTime
                0x00000000080015b2       0x56 ./Drivers/STM32L4xx_HAL_Driver/Src/stm32l4xx_hal_adc.o
 .text.LL_ADC_SetChannelSingleDiff
                0x0000000008001608       0x48 ./Drivers/STM32L4xx_HAL_Driver/Src/stm32l4xx_hal_adc.o
 .text.LL_ADC_GetMultimode
                0x0000000008001650       0x1c ./Drivers/STM32L4xx_HAL_Driver/Src/stm32l4xx_hal_adc.o
 .text.LL_ADC_GetMultiDMATransfer
                0x000000000800166c       0x1c ./Drivers/STM32L4xx_HAL_Driver/Src/stm32l4xx_hal_adc.o
 .text.LL_ADC_DisableDeepPowerDown
                0x0000000008001688       0x24 ./Drivers/STM32L4xx_HAL_Driver/Src/stm32l4xx_hal_adc.o
 .text.LL_ADC_IsDeepPowerDownEnabled
                0x00000000080016ac       0x28 ./Drivers/STM32L4xx_HAL_Driver/Src/stm32l4xx_hal_adc.o
 .text.LL_ADC_EnableInternalRegulator
                0x00000000080016d4       0x28 ./Drivers/STM32L4xx_HAL_Driver/Src/stm32l4xx_hal_adc.o
 .text.LL_ADC_IsInternalRegulatorEnabled
                0x00000000080016fc       0x28 ./Drivers/STM32L4xx_HAL_Driver/Src/stm32l4xx_hal_adc.o
 .text.LL_ADC_Enable
                0x0000000008001724       0x28 ./Drivers/STM32L4xx_HAL_Driver/Src/stm32l4xx_hal_adc.o
 .text.LL_ADC_IsEnabled
                0x000000000800174c       0x26 ./Drivers/STM32L4xx_HAL_Driver/Src/stm32l4xx_hal_adc.o
 .text.LL_ADC_REG_StartConversion
                0x0000000008001772       0x28 ./Drivers/STM32L4xx_HAL_Driver/Src/stm32l4xx_hal_adc.o
 .text.LL_ADC_REG_IsConversionOngoing
                0x000000000800179a       0x26 ./Drivers/STM32L4xx_HAL_Driver/Src/stm32l4xx_hal_adc.o
 .text.LL_ADC_INJ_IsConversionOngoing
                0x00000000080017c0       0x26 ./Drivers/STM32L4xx_HAL_Driver/Src/stm32l4xx_hal_adc.o
 *fill*         0x00000000080017e6        0x2 
 .text.HAL_ADC_Init
                0x00000000080017e8      0x2ac ./Drivers/STM32L4xx_HAL_Driver/Src/stm32l4xx_hal_adc.o
                0x00000000080017e8                HAL_ADC_Init
 .text.HAL_ADC_Start_DMA
                0x0000000008001a94      0x178 ./Drivers/STM32L4xx_HAL_Driver/Src/stm32l4xx_hal_adc.o
                0x0000000008001a94                HAL_ADC_Start_DMA
 .text.HAL_ADC_IRQHandler
                0x0000000008001c0c      0x434 ./Drivers/STM32L4xx_HAL_Driver/Src/stm32l4xx_hal_adc.o
                0x0000000008001c0c                HAL_ADC_IRQHandler
 .text.HAL_ADC_LevelOutOfWindowCallback
                0x0000000008002040       0x14 ./Drivers/STM32L4xx_HAL_Driver/Src/stm32l4xx_hal_adc.o
                0x0000000008002040                HAL_ADC_LevelOutOfWindowCallback
 .text.HAL_ADC_ErrorCallback
                0x0000000008002054       0x14 ./Drivers/STM32L4xx_HAL_Driver/Src/stm32l4xx_hal_adc.o
                0x0000000008002054                HAL_ADC_ErrorCallback
 .text.HAL_ADC_ConfigChannel
                0x0000000008002068      0x7e0 ./Drivers/STM32L4xx_HAL_Driver/Src/stm32l4xx_hal_adc.o
                0x0000000008002068                HAL_ADC_ConfigChannel
 .text.ADC_Enable
                0x0000000008002848      0x10c ./Drivers/STM32L4xx_HAL_Driver/Src/stm32l4xx_hal_adc.o
                0x0000000008002848                ADC_Enable
 .text.ADC_DMAConvCplt
                0x0000000008002954       0xd8 ./Drivers/STM32L4xx_HAL_Driver/Src/stm32l4xx_hal_adc.o
                0x0000000008002954                ADC_DMAConvCplt
 .text.ADC_DMAHalfConvCplt
                0x0000000008002a2c       0x1c ./Drivers/STM32L4xx_HAL_Driver/Src/stm32l4xx_hal_adc.o
                0x0000000008002a2c                ADC_DMAHalfConvCplt
 .text.ADC_DMAError
                0x0000000008002a48       0x34 ./Drivers/STM32L4xx_HAL_Driver/Src/stm32l4xx_hal_adc.o
                0x0000000008002a48                ADC_DMAError
 .text.LL_ADC_IsEnabled
                0x0000000008002a7c       0x26 ./Drivers/STM32L4xx_HAL_Driver/Src/stm32l4xx_hal_adc_ex.o
 .text.LL_ADC_REG_IsConversionOngoing
                0x0000000008002aa2       0x26 ./Drivers/STM32L4xx_HAL_Driver/Src/stm32l4xx_hal_adc_ex.o
 .text.HAL_ADCEx_InjectedConvCpltCallback
                0x0000000008002ac8       0x14 ./Drivers/STM32L4xx_HAL_Driver/Src/stm32l4xx_hal_adc_ex.o
                0x0000000008002ac8                HAL_ADCEx_InjectedConvCpltCallback
 .text.HAL_ADCEx_InjectedQueueOverflowCallback
                0x0000000008002adc       0x14 ./Drivers/STM32L4xx_HAL_Driver/Src/stm32l4xx_hal_adc_ex.o
                0x0000000008002adc                HAL_ADCEx_InjectedQueueOverflowCallback
 .text.HAL_ADCEx_LevelOutOfWindow2Callback
                0x0000000008002af0       0x14 ./Drivers/STM32L4xx_HAL_Driver/Src/stm32l4xx_hal_adc_ex.o
                0x0000000008002af0                HAL_ADCEx_LevelOutOfWindow2Callback
 .text.HAL_ADCEx_LevelOutOfWindow3Callback
                0x0000000008002b04       0x14 ./Drivers/STM32L4xx_HAL_Driver/Src/stm32l4xx_hal_adc_ex.o
                0x0000000008002b04                HAL_ADCEx_LevelOutOfWindow3Callback
 .text.HAL_ADCEx_EndOfSamplingCallback
                0x0000000008002b18       0x14 ./Drivers/STM32L4xx_HAL_Driver/Src/stm32l4xx_hal_adc_ex.o
                0x0000000008002b18                HAL_ADCEx_EndOfSamplingCallback
 .text.HAL_ADCEx_MultiModeConfigChannel
                0x0000000008002b2c      0x160 ./Drivers/STM32L4xx_HAL_Driver/Src/stm32l4xx_hal_adc_ex.o
                0x0000000008002b2c                HAL_ADCEx_MultiModeConfigChannel
 .text.__NVIC_SetPriorityGrouping
                0x0000000008002c8c       0x48 ./Drivers/STM32L4xx_HAL_Driver/Src/stm32l4xx_hal_cortex.o
 .text.__NVIC_GetPriorityGrouping
                0x0000000008002cd4       0x1c ./Drivers/STM32L4xx_HAL_Driver/Src/stm32l4xx_hal_cortex.o
 .text.__NVIC_EnableIRQ
                0x0000000008002cf0       0x3c ./Drivers/STM32L4xx_HAL_Driver/Src/stm32l4xx_hal_cortex.o
 .text.__NVIC_SetPriority
                0x0000000008002d2c       0x54 ./Drivers/STM32L4xx_HAL_Driver/Src/stm32l4xx_hal_cortex.o
 .text.NVIC_EncodePriority
                0x0000000008002d80       0x66 ./Drivers/STM32L4xx_HAL_Driver/Src/stm32l4xx_hal_cortex.o
 *fill*         0x0000000008002de6        0x2 
 .text.SysTick_Config
                0x0000000008002de8       0x44 ./Drivers/STM32L4xx_HAL_Driver/Src/stm32l4xx_hal_cortex.o
 .text.HAL_NVIC_SetPriorityGrouping
                0x0000000008002e2c       0x16 ./Drivers/STM32L4xx_HAL_Driver/Src/stm32l4xx_hal_cortex.o
                0x0000000008002e2c                HAL_NVIC_SetPriorityGrouping
 .text.HAL_NVIC_SetPriority
                0x0000000008002e42       0x38 ./Drivers/STM32L4xx_HAL_Driver/Src/stm32l4xx_hal_cortex.o
                0x0000000008002e42                HAL_NVIC_SetPriority
 .text.HAL_NVIC_EnableIRQ
                0x0000000008002e7a       0x1c ./Drivers/STM32L4xx_HAL_Driver/Src/stm32l4xx_hal_cortex.o
                0x0000000008002e7a                HAL_NVIC_EnableIRQ
 .text.HAL_SYSTICK_Config
                0x0000000008002e96       0x18 ./Drivers/STM32L4xx_HAL_Driver/Src/stm32l4xx_hal_cortex.o
                0x0000000008002e96                HAL_SYSTICK_Config
 *fill*         0x0000000008002eae        0x2 
 .text.HAL_DMA_Init
                0x0000000008002eb0      0x170 ./Drivers/STM32L4xx_HAL_Driver/Src/stm32l4xx_hal_dma.o
                0x0000000008002eb0                HAL_DMA_Init
 .text.HAL_DMA_Start_IT
                0x0000000008003020       0xc0 ./Drivers/STM32L4xx_HAL_Driver/Src/stm32l4xx_hal_dma.o
                0x0000000008003020                HAL_DMA_Start_IT
 .text.HAL_DMA_IRQHandler
                0x00000000080030e0      0x15e ./Drivers/STM32L4xx_HAL_Driver/Src/stm32l4xx_hal_dma.o
                0x00000000080030e0                HAL_DMA_IRQHandler
 .text.DMA_SetConfig
                0x000000000800323e       0x60 ./Drivers/STM32L4xx_HAL_Driver/Src/stm32l4xx_hal_dma.o
 *fill*         0x000000000800329e        0x2 
 .text.HAL_GPIO_Init
                0x00000000080032a0      0x354 ./Drivers/STM32L4xx_HAL_Driver/Src/stm32l4xx_hal_gpio.o
                0x00000000080032a0                HAL_GPIO_Init
 .text.HAL_GPIO_ReadPin
                0x00000000080035f4       0x30 ./Drivers/STM32L4xx_HAL_Driver/Src/stm32l4xx_hal_gpio.o
                0x00000000080035f4                HAL_GPIO_ReadPin
 .text.HAL_GPIO_WritePin
                0x0000000008003624       0x30 ./Drivers/STM32L4xx_HAL_Driver/Src/stm32l4xx_hal_gpio.o
                0x0000000008003624                HAL_GPIO_WritePin
 .text.HAL_I2C_Init
                0x0000000008003654      0x11e ./Drivers/STM32L4xx_HAL_Driver/Src/stm32l4xx_hal_i2c.o
                0x0000000008003654                HAL_I2C_Init
 .text.HAL_I2CEx_ConfigAnalogFilter
                0x0000000008003772       0x96 ./Drivers/STM32L4xx_HAL_Driver/Src/stm32l4xx_hal_i2c_ex.o
                0x0000000008003772                HAL_I2CEx_ConfigAnalogFilter
 .text.HAL_I2CEx_ConfigDigitalFilter
                0x0000000008003808       0x98 ./Drivers/STM32L4xx_HAL_Driver/Src/stm32l4xx_hal_i2c_ex.o
                0x0000000008003808                HAL_I2CEx_ConfigDigitalFilter
 .text.HAL_PCD_Init
                0x00000000080038a0      0x248 ./Drivers/STM32L4xx_HAL_Driver/Src/stm32l4xx_hal_pcd.o
                0x00000000080038a0                HAL_PCD_Init
 .text.HAL_PCDEx_ActivateLPM
                0x0000000008003ae8       0x48 ./Drivers/STM32L4xx_HAL_Driver/Src/stm32l4xx_hal_pcd_ex.o
                0x0000000008003ae8                HAL_PCDEx_ActivateLPM
 .text.HAL_PWREx_GetVoltageRange
                0x0000000008003b30       0x1c ./Drivers/STM32L4xx_HAL_Driver/Src/stm32l4xx_hal_pwr_ex.o
                0x0000000008003b30                HAL_PWREx_GetVoltageRange
 .text.HAL_PWREx_ControlVoltageScaling
                0x0000000008003b4c       0xac ./Drivers/STM32L4xx_HAL_Driver/Src/stm32l4xx_hal_pwr_ex.o
                0x0000000008003b4c                HAL_PWREx_ControlVoltageScaling
 .text.HAL_PWREx_EnableVddUSB
                0x0000000008003bf8       0x20 ./Drivers/STM32L4xx_HAL_Driver/Src/stm32l4xx_hal_pwr_ex.o
                0x0000000008003bf8                HAL_PWREx_EnableVddUSB
 .text.HAL_RCC_OscConfig
                0x0000000008003c18      0x7b8 ./Drivers/STM32L4xx_HAL_Driver/Src/stm32l4xx_hal_rcc.o
                0x0000000008003c18                HAL_RCC_OscConfig
 .text.HAL_RCC_ClockConfig
                0x00000000080043d0      0x200 ./Drivers/STM32L4xx_HAL_Driver/Src/stm32l4xx_hal_rcc.o
                0x00000000080043d0                HAL_RCC_ClockConfig
 .text.HAL_RCC_GetSysClockFreq
                0x00000000080045d0      0x118 ./Drivers/STM32L4xx_HAL_Driver/Src/stm32l4xx_hal_rcc.o
                0x00000000080045d0                HAL_RCC_GetSysClockFreq
 .text.HAL_RCC_GetHCLKFreq
                0x00000000080046e8       0x18 ./Drivers/STM32L4xx_HAL_Driver/Src/stm32l4xx_hal_rcc.o
                0x00000000080046e8                HAL_RCC_GetHCLKFreq
 .text.HAL_RCC_GetPCLK1Freq
                0x0000000008004700       0x2c ./Drivers/STM32L4xx_HAL_Driver/Src/stm32l4xx_hal_rcc.o
                0x0000000008004700                HAL_RCC_GetPCLK1Freq
 .text.HAL_RCC_GetPCLK2Freq
                0x000000000800472c       0x2c ./Drivers/STM32L4xx_HAL_Driver/Src/stm32l4xx_hal_rcc.o
                0x000000000800472c                HAL_RCC_GetPCLK2Freq
 .text.RCC_SetFlashLatencyFromMSIRange
                0x0000000008004758       0xc0 ./Drivers/STM32L4xx_HAL_Driver/Src/stm32l4xx_hal_rcc.o
 .text.HAL_RCCEx_PeriphCLKConfig
                0x0000000008004818      0x5d4 ./Drivers/STM32L4xx_HAL_Driver/Src/stm32l4xx_hal_rcc_ex.o
                0x0000000008004818                HAL_RCCEx_PeriphCLKConfig
 .text.HAL_RCCEx_GetPeriphCLKFreq
                0x0000000008004dec      0xadc ./Drivers/STM32L4xx_HAL_Driver/Src/stm32l4xx_hal_rcc_ex.o
                0x0000000008004dec                HAL_RCCEx_GetPeriphCLKFreq
 .text.RCCEx_PLLSAI1_Config
                0x00000000080058c8      0x1e8 ./Drivers/STM32L4xx_HAL_Driver/Src/stm32l4xx_hal_rcc_ex.o
 .text.RCCEx_PLLSAI2_Config
                0x0000000008005ab0      0x1bc ./Drivers/STM32L4xx_HAL_Driver/Src/stm32l4xx_hal_rcc_ex.o
 .text.RCCEx_GetSAIxPeriphCLKFreq
                0x0000000008005c6c      0x1e0 ./Drivers/STM32L4xx_HAL_Driver/Src/stm32l4xx_hal_rcc_ex.o
 .text.HAL_SD_Init
                0x0000000008005e4c       0x60 ./Drivers/STM32L4xx_HAL_Driver/Src/stm32l4xx_hal_sd.o
                0x0000000008005e4c                HAL_SD_Init
 .text.HAL_SD_InitCard
                0x0000000008005eac      0x14c ./Drivers/STM32L4xx_HAL_Driver/Src/stm32l4xx_hal_sd.o
                0x0000000008005eac                HAL_SD_InitCard
 .text.HAL_SD_ReadBlocks
                0x0000000008005ff8      0x3bc ./Drivers/STM32L4xx_HAL_Driver/Src/stm32l4xx_hal_sd.o
                0x0000000008005ff8                HAL_SD_ReadBlocks
 .text.HAL_SD_WriteBlocks
                0x00000000080063b4      0x30c ./Drivers/STM32L4xx_HAL_Driver/Src/stm32l4xx_hal_sd.o
                0x00000000080063b4                HAL_SD_WriteBlocks
 .text.HAL_SD_GetCardCSD
                0x00000000080066c0      0x348 ./Drivers/STM32L4xx_HAL_Driver/Src/stm32l4xx_hal_sd.o
                0x00000000080066c0                HAL_SD_GetCardCSD
 .text.HAL_SD_GetCardInfo
                0x0000000008006a08       0x58 ./Drivers/STM32L4xx_HAL_Driver/Src/stm32l4xx_hal_sd.o
                0x0000000008006a08                HAL_SD_GetCardInfo
 .text.HAL_SD_ConfigWideBusOperation
                0x0000000008006a60      0x178 ./Drivers/STM32L4xx_HAL_Driver/Src/stm32l4xx_hal_sd.o
                0x0000000008006a60                HAL_SD_ConfigWideBusOperation
 .text.HAL_SD_GetCardState
                0x0000000008006bd8       0x40 ./Drivers/STM32L4xx_HAL_Driver/Src/stm32l4xx_hal_sd.o
                0x0000000008006bd8                HAL_SD_GetCardState
 .text.SD_InitCard
                0x0000000008006c18      0x19c ./Drivers/STM32L4xx_HAL_Driver/Src/stm32l4xx_hal_sd.o
 .text.SD_PowerON
                0x0000000008006db4      0x11c ./Drivers/STM32L4xx_HAL_Driver/Src/stm32l4xx_hal_sd.o
 .text.SD_SendStatus
                0x0000000008006ed0       0x50 ./Drivers/STM32L4xx_HAL_Driver/Src/stm32l4xx_hal_sd.o
 .text.SD_WideBus_Enable
                0x0000000008006f20       0x96 ./Drivers/STM32L4xx_HAL_Driver/Src/stm32l4xx_hal_sd.o
 .text.SD_WideBus_Disable
                0x0000000008006fb6       0x96 ./Drivers/STM32L4xx_HAL_Driver/Src/stm32l4xx_hal_sd.o
 .text.SD_FindSCR
                0x000000000800704c      0x194 ./Drivers/STM32L4xx_HAL_Driver/Src/stm32l4xx_hal_sd.o
 .text.HAL_SPI_Init
                0x00000000080071e0      0x146 ./Drivers/STM32L4xx_HAL_Driver/Src/stm32l4xx_hal_spi.o
                0x00000000080071e0                HAL_SPI_Init
 .text.HAL_HalfDuplex_Init
                0x0000000008007326       0xac ./Drivers/STM32L4xx_HAL_Driver/Src/stm32l4xx_hal_uart.o
                0x0000000008007326                HAL_HalfDuplex_Init
 *fill*         0x00000000080073d2        0x2 
 .text.UART_SetConfig
                0x00000000080073d4      0x570 ./Drivers/STM32L4xx_HAL_Driver/Src/stm32l4xx_hal_uart.o
                0x00000000080073d4                UART_SetConfig
 .text.UART_AdvFeatureConfig
                0x0000000008007944      0x144 ./Drivers/STM32L4xx_HAL_Driver/Src/stm32l4xx_hal_uart.o
                0x0000000008007944                UART_AdvFeatureConfig
 .text.UART_CheckIdleState
                0x0000000008007a88       0x92 ./Drivers/STM32L4xx_HAL_Driver/Src/stm32l4xx_hal_uart.o
                0x0000000008007a88                UART_CheckIdleState
 .text.UART_WaitOnFlagUntilTimeout
                0x0000000008007b1a      0x188 ./Drivers/STM32L4xx_HAL_Driver/Src/stm32l4xx_hal_uart.o
                0x0000000008007b1a                UART_WaitOnFlagUntilTimeout
 .text.SDMMC_Init
                0x0000000008007ca2       0x5a ./Drivers/STM32L4xx_HAL_Driver/Src/stm32l4xx_ll_sdmmc.o
                0x0000000008007ca2                SDMMC_Init
 .text.SDMMC_ReadFIFO
                0x0000000008007cfc       0x1a ./Drivers/STM32L4xx_HAL_Driver/Src/stm32l4xx_ll_sdmmc.o
                0x0000000008007cfc                SDMMC_ReadFIFO
 .text.SDMMC_WriteFIFO
                0x0000000008007d16       0x22 ./Drivers/STM32L4xx_HAL_Driver/Src/stm32l4xx_ll_sdmmc.o
                0x0000000008007d16                SDMMC_WriteFIFO
 .text.SDMMC_PowerState_ON
                0x0000000008007d38       0x1e ./Drivers/STM32L4xx_HAL_Driver/Src/stm32l4xx_ll_sdmmc.o
                0x0000000008007d38                SDMMC_PowerState_ON
 .text.SDMMC_GetPowerState
                0x0000000008007d56       0x1c ./Drivers/STM32L4xx_HAL_Driver/Src/stm32l4xx_ll_sdmmc.o
                0x0000000008007d56                SDMMC_GetPowerState
 .text.SDMMC_SendCommand
                0x0000000008007d72       0x54 ./Drivers/STM32L4xx_HAL_Driver/Src/stm32l4xx_ll_sdmmc.o
                0x0000000008007d72                SDMMC_SendCommand
 .text.SDMMC_GetCommandResponse
                0x0000000008007dc6       0x1a ./Drivers/STM32L4xx_HAL_Driver/Src/stm32l4xx_ll_sdmmc.o
                0x0000000008007dc6                SDMMC_GetCommandResponse
 .text.SDMMC_GetResponse
                0x0000000008007de0       0x26 ./Drivers/STM32L4xx_HAL_Driver/Src/stm32l4xx_ll_sdmmc.o
                0x0000000008007de0                SDMMC_GetResponse
 .text.SDMMC_ConfigData
                0x0000000008007e06       0x58 ./Drivers/STM32L4xx_HAL_Driver/Src/stm32l4xx_ll_sdmmc.o
                0x0000000008007e06                SDMMC_ConfigData
 .text.SDMMC_CmdBlockLength
                0x0000000008007e5e       0x44 ./Drivers/STM32L4xx_HAL_Driver/Src/stm32l4xx_ll_sdmmc.o
                0x0000000008007e5e                SDMMC_CmdBlockLength
 .text.SDMMC_CmdReadSingleBlock
                0x0000000008007ea2       0x44 ./Drivers/STM32L4xx_HAL_Driver/Src/stm32l4xx_ll_sdmmc.o
                0x0000000008007ea2                SDMMC_CmdReadSingleBlock
 .text.SDMMC_CmdReadMultiBlock
                0x0000000008007ee6       0x44 ./Drivers/STM32L4xx_HAL_Driver/Src/stm32l4xx_ll_sdmmc.o
                0x0000000008007ee6                SDMMC_CmdReadMultiBlock
 .text.SDMMC_CmdWriteSingleBlock
                0x0000000008007f2a       0x44 ./Drivers/STM32L4xx_HAL_Driver/Src/stm32l4xx_ll_sdmmc.o
                0x0000000008007f2a                SDMMC_CmdWriteSingleBlock
 .text.SDMMC_CmdWriteMultiBlock
                0x0000000008007f6e       0x44 ./Drivers/STM32L4xx_HAL_Driver/Src/stm32l4xx_ll_sdmmc.o
                0x0000000008007f6e                SDMMC_CmdWriteMultiBlock
 *fill*         0x0000000008007fb2        0x2 
 .text.SDMMC_CmdStopTransfer
                0x0000000008007fb4       0x44 ./Drivers/STM32L4xx_HAL_Driver/Src/stm32l4xx_ll_sdmmc.o
                0x0000000008007fb4                SDMMC_CmdStopTransfer
 .text.SDMMC_CmdSelDesel
                0x0000000008007ff8       0x46 ./Drivers/STM32L4xx_HAL_Driver/Src/stm32l4xx_ll_sdmmc.o
                0x0000000008007ff8                SDMMC_CmdSelDesel
 .text.SDMMC_CmdGoIdleState
                0x000000000800803e       0x3c ./Drivers/STM32L4xx_HAL_Driver/Src/stm32l4xx_ll_sdmmc.o
                0x000000000800803e                SDMMC_CmdGoIdleState
 .text.SDMMC_CmdOperCond
                0x000000000800807a       0x3e ./Drivers/STM32L4xx_HAL_Driver/Src/stm32l4xx_ll_sdmmc.o
                0x000000000800807a                SDMMC_CmdOperCond
 .text.SDMMC_CmdAppCommand
                0x00000000080080b8       0x44 ./Drivers/STM32L4xx_HAL_Driver/Src/stm32l4xx_ll_sdmmc.o
                0x00000000080080b8                SDMMC_CmdAppCommand
 .text.SDMMC_CmdAppOperCommand
                0x00000000080080fc       0x46 ./Drivers/STM32L4xx_HAL_Driver/Src/stm32l4xx_ll_sdmmc.o
                0x00000000080080fc                SDMMC_CmdAppOperCommand
 .text.SDMMC_CmdBusWidth
                0x0000000008008142       0x44 ./Drivers/STM32L4xx_HAL_Driver/Src/stm32l4xx_ll_sdmmc.o
                0x0000000008008142                SDMMC_CmdBusWidth
 .text.SDMMC_CmdSendSCR
                0x0000000008008186       0x42 ./Drivers/STM32L4xx_HAL_Driver/Src/stm32l4xx_ll_sdmmc.o
                0x0000000008008186                SDMMC_CmdSendSCR
 .text.SDMMC_CmdSendCID
                0x00000000080081c8       0x3c ./Drivers/STM32L4xx_HAL_Driver/Src/stm32l4xx_ll_sdmmc.o
                0x00000000080081c8                SDMMC_CmdSendCID
 .text.SDMMC_CmdSendCSD
                0x0000000008008204       0x3e ./Drivers/STM32L4xx_HAL_Driver/Src/stm32l4xx_ll_sdmmc.o
                0x0000000008008204                SDMMC_CmdSendCSD
 .text.SDMMC_CmdSetRelAdd
                0x0000000008008242       0x42 ./Drivers/STM32L4xx_HAL_Driver/Src/stm32l4xx_ll_sdmmc.o
                0x0000000008008242                SDMMC_CmdSetRelAdd
 .text.SDMMC_CmdSendStatus
                0x0000000008008284       0x44 ./Drivers/STM32L4xx_HAL_Driver/Src/stm32l4xx_ll_sdmmc.o
                0x0000000008008284                SDMMC_CmdSendStatus
 .text.SDMMC_GetCmdResp1
                0x00000000080082c8      0x1dc ./Drivers/STM32L4xx_HAL_Driver/Src/stm32l4xx_ll_sdmmc.o
                0x00000000080082c8                SDMMC_GetCmdResp1
 .text.SDMMC_GetCmdResp2
                0x00000000080084a4       0x90 ./Drivers/STM32L4xx_HAL_Driver/Src/stm32l4xx_ll_sdmmc.o
                0x00000000080084a4                SDMMC_GetCmdResp2
 .text.SDMMC_GetCmdResp3
                0x0000000008008534       0x7c ./Drivers/STM32L4xx_HAL_Driver/Src/stm32l4xx_ll_sdmmc.o
                0x0000000008008534                SDMMC_GetCmdResp3
 .text.SDMMC_GetCmdResp6
                0x00000000080085b0       0xec ./Drivers/STM32L4xx_HAL_Driver/Src/stm32l4xx_ll_sdmmc.o
                0x00000000080085b0                SDMMC_GetCmdResp6
 .text.SDMMC_GetCmdResp7
                0x000000000800869c       0x9c ./Drivers/STM32L4xx_HAL_Driver/Src/stm32l4xx_ll_sdmmc.o
                0x000000000800869c                SDMMC_GetCmdResp7
 .text.SDMMC_GetCmdError
                0x0000000008008738       0x58 ./Drivers/STM32L4xx_HAL_Driver/Src/stm32l4xx_ll_sdmmc.o
 .text.USB_CoreInit
                0x0000000008008790       0x58 ./Drivers/STM32L4xx_HAL_Driver/Src/stm32l4xx_ll_usb.o
                0x0000000008008790                USB_CoreInit
 .text.USB_DisableGlobalInt
                0x00000000080087e8       0x22 ./Drivers/STM32L4xx_HAL_Driver/Src/stm32l4xx_ll_usb.o
                0x00000000080087e8                USB_DisableGlobalInt
 .text.USB_SetCurrentMode
                0x000000000800880a       0x98 ./Drivers/STM32L4xx_HAL_Driver/Src/stm32l4xx_ll_usb.o
                0x000000000800880a                USB_SetCurrentMode
 *fill*         0x00000000080088a2        0x2 
 .text.USB_DevInit
                0x00000000080088a4      0x298 ./Drivers/STM32L4xx_HAL_Driver/Src/stm32l4xx_ll_usb.o
                0x00000000080088a4                USB_DevInit
 .text.USB_FlushTxFifo
                0x0000000008008b3c       0x68 ./Drivers/STM32L4xx_HAL_Driver/Src/stm32l4xx_ll_usb.o
                0x0000000008008b3c                USB_FlushTxFifo
 .text.USB_FlushRxFifo
                0x0000000008008ba4       0x60 ./Drivers/STM32L4xx_HAL_Driver/Src/stm32l4xx_ll_usb.o
                0x0000000008008ba4                USB_FlushRxFifo
 .text.USB_SetDevSpeed
                0x0000000008008c04       0x32 ./Drivers/STM32L4xx_HAL_Driver/Src/stm32l4xx_ll_usb.o
                0x0000000008008c04                USB_SetDevSpeed
 .text.USB_DevDisconnect
                0x0000000008008c36       0x42 ./Drivers/STM32L4xx_HAL_Driver/Src/stm32l4xx_ll_usb.o
                0x0000000008008c36                USB_DevDisconnect
 .text.USB_GetMode
                0x0000000008008c78       0x1c ./Drivers/STM32L4xx_HAL_Driver/Src/stm32l4xx_ll_usb.o
                0x0000000008008c78                USB_GetMode
 .text.USB_CoreReset
                0x0000000008008c94       0x68 ./Drivers/STM32L4xx_HAL_Driver/Src/stm32l4xx_ll_usb.o
 .text.MX_FATFS_Init
                0x0000000008008cfc       0x24 ./FATFS/App/fatfs.o
                0x0000000008008cfc                MX_FATFS_Init
 .text.BSP_SD_Init
                0x0000000008008d20       0x4c ./FATFS/Target/bsp_driver_sd.o
                0x0000000008008d20                BSP_SD_Init
 .text.BSP_SD_ReadBlocks
                0x0000000008008d6c       0x3c ./FATFS/Target/bsp_driver_sd.o
                0x0000000008008d6c                BSP_SD_ReadBlocks
 .text.BSP_SD_WriteBlocks
                0x0000000008008da8       0x3c ./FATFS/Target/bsp_driver_sd.o
                0x0000000008008da8                BSP_SD_WriteBlocks
 .text.BSP_SD_GetCardState
                0x0000000008008de4       0x20 ./FATFS/Target/bsp_driver_sd.o
                0x0000000008008de4                BSP_SD_GetCardState
 .text.BSP_SD_GetCardInfo
                0x0000000008008e04       0x1c ./FATFS/Target/bsp_driver_sd.o
                0x0000000008008e04                BSP_SD_GetCardInfo
 .text.BSP_SD_IsDetected
                0x0000000008008e20       0x24 ./FATFS/Target/bsp_driver_sd.o
                0x0000000008008e20                BSP_SD_IsDetected
 .text.BSP_PlatformIsDetected
                0x0000000008008e44       0x2c ./FATFS/Target/fatfs_platform.o
                0x0000000008008e44                BSP_PlatformIsDetected
 .text.SD_CheckStatus
                0x0000000008008e70       0x3c ./FATFS/Target/sd_diskio.o
 .text.SD_initialize
                0x0000000008008eac       0x3c ./FATFS/Target/sd_diskio.o
                0x0000000008008eac                SD_initialize
 .text.SD_status
                0x0000000008008ee8       0x1c ./FATFS/Target/sd_diskio.o
                0x0000000008008ee8                SD_status
 .text.SD_read  0x0000000008008f04       0x42 ./FATFS/Target/sd_diskio.o
                0x0000000008008f04                SD_read
 .text.SD_write
                0x0000000008008f46       0x42 ./FATFS/Target/sd_diskio.o
                0x0000000008008f46                SD_write
 .text.SD_ioctl
                0x0000000008008f88       0xb0 ./FATFS/Target/sd_diskio.o
                0x0000000008008f88                SD_ioctl
 .text.FATFS_LinkDriverEx
                0x0000000008009038       0x98 ./Middlewares/Third_Party/FatFs/src/ff_gen_drv.o
                0x0000000008009038                FATFS_LinkDriverEx
 .text.FATFS_LinkDriver
                0x00000000080090d0       0x1e ./Middlewares/Third_Party/FatFs/src/ff_gen_drv.o
                0x00000000080090d0                FATFS_LinkDriver
 *fill*         0x00000000080090ee        0x2 
 .text.__libc_init_array
                0x00000000080090f0       0x48 c:/program files/st/stm32cubeide_1.12.0/stm32cubeide/plugins/com.st.stm32cube.ide.mcu.externaltools.gnu-tools-for-stm32.10.3-2021.10.win32_1.0.200.202301161003/tools/bin/../lib/gcc/arm-none-eabi/10.3.1/../../../../arm-none-eabi/lib/thumb/v7e-m+fp/hard\libc_nano.a(lib_a-init.o)
                0x00000000080090f0                __libc_init_array
 .text.memset   0x0000000008009138       0x10 c:/program files/st/stm32cubeide_1.12.0/stm32cubeide/plugins/com.st.stm32cube.ide.mcu.externaltools.gnu-tools-for-stm32.10.3-2021.10.win32_1.0.200.202301161003/tools/bin/../lib/gcc/arm-none-eabi/10.3.1/../../../../arm-none-eabi/lib/thumb/v7e-m+fp/hard\libc_nano.a(lib_a-memset.o)
                0x0000000008009138                memset
 *(.glue_7)
 .glue_7        0x0000000008009148        0x0 linker stubs
 *(.glue_7t)
 .glue_7t       0x0000000008009148        0x0 linker stubs
 *(.eh_frame)
 .eh_frame      0x0000000008009148        0x0 c:/program files/st/stm32cubeide_1.12.0/stm32cubeide/plugins/com.st.stm32cube.ide.mcu.externaltools.gnu-tools-for-stm32.10.3-2021.10.win32_1.0.200.202301161003/tools/bin/../lib/gcc/arm-none-eabi/10.3.1/thumb/v7e-m+fp/hard/crtbegin.o
 *(.init)
 .init          0x0000000008009148        0x4 c:/program files/st/stm32cubeide_1.12.0/stm32cubeide/plugins/com.st.stm32cube.ide.mcu.externaltools.gnu-tools-for-stm32.10.3-2021.10.win32_1.0.200.202301161003/tools/bin/../lib/gcc/arm-none-eabi/10.3.1/thumb/v7e-m+fp/hard/crti.o
                0x0000000008009148                _init
 .init          0x000000000800914c        0x8 c:/program files/st/stm32cubeide_1.12.0/stm32cubeide/plugins/com.st.stm32cube.ide.mcu.externaltools.gnu-tools-for-stm32.10.3-2021.10.win32_1.0.200.202301161003/tools/bin/../lib/gcc/arm-none-eabi/10.3.1/thumb/v7e-m+fp/hard/crtn.o
 *(.fini)
 .fini          0x0000000008009154        0x4 c:/program files/st/stm32cubeide_1.12.0/stm32cubeide/plugins/com.st.stm32cube.ide.mcu.externaltools.gnu-tools-for-stm32.10.3-2021.10.win32_1.0.200.202301161003/tools/bin/../lib/gcc/arm-none-eabi/10.3.1/thumb/v7e-m+fp/hard/crti.o
                0x0000000008009154                _fini
 .fini          0x0000000008009158        0x8 c:/program files/st/stm32cubeide_1.12.0/stm32cubeide/plugins/com.st.stm32cube.ide.mcu.externaltools.gnu-tools-for-stm32.10.3-2021.10.win32_1.0.200.202301161003/tools/bin/../lib/gcc/arm-none-eabi/10.3.1/thumb/v7e-m+fp/hard/crtn.o
                0x0000000008009160                . = ALIGN (0x4)
                0x0000000008009160                _etext = .

.vfp11_veneer   0x0000000008009160        0x0
 .vfp11_veneer  0x0000000008009160        0x0 linker stubs

.v4_bx          0x0000000008009160        0x0
 .v4_bx         0x0000000008009160        0x0 linker stubs

.iplt           0x0000000008009160        0x0
 .iplt          0x0000000008009160        0x0 c:/program files/st/stm32cubeide_1.12.0/stm32cubeide/plugins/com.st.stm32cube.ide.mcu.externaltools.gnu-tools-for-stm32.10.3-2021.10.win32_1.0.200.202301161003/tools/bin/../lib/gcc/arm-none-eabi/10.3.1/thumb/v7e-m+fp/hard/crtbegin.o

.rodata         0x0000000008009160       0x5c
                0x0000000008009160                . = ALIGN (0x4)
 *(.rodata)
 *(.rodata*)
 .rodata.AHBPrescTable
                0x0000000008009160       0x10 ./Core/Src/system_stm32l4xx.o
                0x0000000008009160                AHBPrescTable
 .rodata.APBPrescTable
                0x0000000008009170        0x8 ./Core/Src/system_stm32l4xx.o
                0x0000000008009170                APBPrescTable
 .rodata.MSIRangeTable
                0x0000000008009178       0x30 ./Core/Src/system_stm32l4xx.o
                0x0000000008009178                MSIRangeTable
 .rodata.SD_Driver
                0x00000000080091a8       0x14 ./FATFS/Target/sd_diskio.o
                0x00000000080091a8                SD_Driver
                0x00000000080091bc                . = ALIGN (0x4)

.ARM.extab      0x00000000080091bc        0x0
                0x00000000080091bc                . = ALIGN (0x4)
 *(.ARM.extab* .gnu.linkonce.armextab.*)
                0x00000000080091bc                . = ALIGN (0x4)

.ARM            0x00000000080091bc        0x8
                0x00000000080091bc                . = ALIGN (0x4)
                0x00000000080091bc                __exidx_start = .
 *(.ARM.exidx*)
 .ARM.exidx     0x00000000080091bc        0x8 c:/program files/st/stm32cubeide_1.12.0/stm32cubeide/plugins/com.st.stm32cube.ide.mcu.externaltools.gnu-tools-for-stm32.10.3-2021.10.win32_1.0.200.202301161003/tools/bin/../lib/gcc/arm-none-eabi/10.3.1/thumb/v7e-m+fp/hard\libgcc.a(_udivmoddi4.o)
                0x00000000080091c4                __exidx_end = .
                0x00000000080091c4                . = ALIGN (0x4)

.rel.dyn        0x00000000080091c4        0x0
 .rel.iplt      0x00000000080091c4        0x0 c:/program files/st/stm32cubeide_1.12.0/stm32cubeide/plugins/com.st.stm32cube.ide.mcu.externaltools.gnu-tools-for-stm32.10.3-2021.10.win32_1.0.200.202301161003/tools/bin/../lib/gcc/arm-none-eabi/10.3.1/thumb/v7e-m+fp/hard/crtbegin.o

.preinit_array  0x00000000080091c4        0x0
                0x00000000080091c4                . = ALIGN (0x4)
                0x00000000080091c4                PROVIDE (__preinit_array_start = .)
 *(.preinit_array*)
                0x00000000080091c4                PROVIDE (__preinit_array_end = .)
                0x00000000080091c4                . = ALIGN (0x4)

.init_array     0x00000000080091c4        0x4
                0x00000000080091c4                . = ALIGN (0x4)
                0x00000000080091c4                PROVIDE (__init_array_start = .)
 *(SORT_BY_NAME(.init_array.*))
 *(.init_array*)
 .init_array    0x00000000080091c4        0x4 c:/program files/st/stm32cubeide_1.12.0/stm32cubeide/plugins/com.st.stm32cube.ide.mcu.externaltools.gnu-tools-for-stm32.10.3-2021.10.win32_1.0.200.202301161003/tools/bin/../lib/gcc/arm-none-eabi/10.3.1/thumb/v7e-m+fp/hard/crtbegin.o
                0x00000000080091c8                PROVIDE (__init_array_end = .)
                0x00000000080091c8                . = ALIGN (0x4)

.fini_array     0x00000000080091c8        0x4
                0x00000000080091c8                . = ALIGN (0x4)
                [!provide]                        PROVIDE (__fini_array_start = .)
 *(SORT_BY_NAME(.fini_array.*))
 *(.fini_array*)
 .fini_array    0x00000000080091c8        0x4 c:/program files/st/stm32cubeide_1.12.0/stm32cubeide/plugins/com.st.stm32cube.ide.mcu.externaltools.gnu-tools-for-stm32.10.3-2021.10.win32_1.0.200.202301161003/tools/bin/../lib/gcc/arm-none-eabi/10.3.1/thumb/v7e-m+fp/hard/crtbegin.o
                [!provide]                        PROVIDE (__fini_array_end = .)
                0x00000000080091cc                . = ALIGN (0x4)
                0x00000000080091cc                _sidata = LOADADDR (.data)

.data           0x0000000020000000        0xc load address 0x00000000080091cc
                0x0000000020000000                . = ALIGN (0x4)
                0x0000000020000000                _sdata = .
 *(.data)
 *(.data*)
 .data.SystemCoreClock
                0x0000000020000000        0x4 ./Core/Src/system_stm32l4xx.o
                0x0000000020000000                SystemCoreClock
 .data.uwTickPrio
                0x0000000020000004        0x4 ./Drivers/STM32L4xx_HAL_Driver/Src/stm32l4xx_hal.o
                0x0000000020000004                uwTickPrio
 .data.uwTickFreq
                0x0000000020000008        0x1 ./Drivers/STM32L4xx_HAL_Driver/Src/stm32l4xx_hal.o
                0x0000000020000008                uwTickFreq
 .data.Stat     0x0000000020000009        0x1 ./FATFS/Target/sd_diskio.o
 *(.RamFunc)
 *(.RamFunc*)
                0x000000002000000c                . = ALIGN (0x4)
 *fill*         0x000000002000000a        0x2 
                0x000000002000000c                _edata = .

.igot.plt       0x000000002000000c        0x0 load address 0x00000000080091d8
 .igot.plt      0x000000002000000c        0x0 c:/program files/st/stm32cubeide_1.12.0/stm32cubeide/plugins/com.st.stm32cube.ide.mcu.externaltools.gnu-tools-for-stm32.10.3-2021.10.win32_1.0.200.202301161003/tools/bin/../lib/gcc/arm-none-eabi/10.3.1/thumb/v7e-m+fp/hard/crtbegin.o
                0x000000002000000c                . = ALIGN (0x4)

.bss            0x000000002000000c      0x874 load address 0x00000000080091d8
                0x000000002000000c                _sbss = .
                0x000000002000000c                __bss_start__ = _sbss
 *(.bss)
 .bss           0x000000002000000c       0x1c c:/program files/st/stm32cubeide_1.12.0/stm32cubeide/plugins/com.st.stm32cube.ide.mcu.externaltools.gnu-tools-for-stm32.10.3-2021.10.win32_1.0.200.202301161003/tools/bin/../lib/gcc/arm-none-eabi/10.3.1/thumb/v7e-m+fp/hard/crtbegin.o
 *(.bss*)
 .bss.hadc1     0x0000000020000028       0x64 ./Core/Src/main.o
                0x0000000020000028                hadc1
 .bss.hdma_adc1
                0x000000002000008c       0x48 ./Core/Src/main.o
                0x000000002000008c                hdma_adc1
 .bss.hi2c1     0x00000000200000d4       0x54 ./Core/Src/main.o
                0x00000000200000d4                hi2c1
 .bss.hi2c2     0x0000000020000128       0x54 ./Core/Src/main.o
                0x0000000020000128                hi2c2
 .bss.hlpuart1  0x000000002000017c       0x84 ./Core/Src/main.o
                0x000000002000017c                hlpuart1
 .bss.hsd1      0x0000000020000200       0x84 ./Core/Src/main.o
                0x0000000020000200                hsd1
 .bss.hspi1     0x0000000020000284       0x64 ./Core/Src/main.o
                0x0000000020000284                hspi1
 .bss.hspi2     0x00000000200002e8       0x64 ./Core/Src/main.o
                0x00000000200002e8                hspi2
 .bss.hpcd_USB_OTG_FS
                0x000000002000034c      0x50c ./Core/Src/main.o
                0x000000002000034c                hpcd_USB_OTG_FS
 .bss.pyro_adc  0x0000000020000858       0x10 ./Core/Src/main.o
                0x0000000020000858                pyro_adc
 .bss.uwTick    0x0000000020000868        0x4 ./Drivers/STM32L4xx_HAL_Driver/Src/stm32l4xx_hal.o
                0x0000000020000868                uwTick
 .bss.retSD     0x000000002000086c        0x1 ./FATFS/App/fatfs.o
                0x000000002000086c                retSD
 *fill*         0x000000002000086d        0x3 
 .bss.SDPath    0x0000000020000870        0x4 ./FATFS/App/fatfs.o
                0x0000000020000870                SDPath
 .bss.disk      0x0000000020000874        0xc ./Middlewares/Third_Party/FatFs/src/ff_gen_drv.o
                0x0000000020000874                disk
 *(COMMON)
                0x0000000020000880                . = ALIGN (0x4)
                0x0000000020000880                _ebss = .
                0x0000000020000880                __bss_end__ = _ebss

._user_heap_stack
                0x0000000020000880      0x600 load address 0x00000000080091d8
                0x0000000020000880                . = ALIGN (0x8)
                [!provide]                        PROVIDE (end = .)
                0x0000000020000880                PROVIDE (_end = .)
                0x0000000020000a80                . = (. + _Min_Heap_Size)
 *fill*         0x0000000020000880      0x200 
                0x0000000020000e80                . = (. + _Min_Stack_Size)
 *fill*         0x0000000020000a80      0x400 
                0x0000000020000e80                . = ALIGN (0x8)

/DISCARD/
 libc.a(*)
 libm.a(*)
 libgcc.a(*)

.ARM.attributes
                0x0000000000000000       0x30
 *(.ARM.attributes)
 .ARM.attributes
                0x0000000000000000       0x1e c:/program files/st/stm32cubeide_1.12.0/stm32cubeide/plugins/com.st.stm32cube.ide.mcu.externaltools.gnu-tools-for-stm32.10.3-2021.10.win32_1.0.200.202301161003/tools/bin/../lib/gcc/arm-none-eabi/10.3.1/thumb/v7e-m+fp/hard/crti.o
 .ARM.attributes
                0x000000000000001e       0x34 c:/program files/st/stm32cubeide_1.12.0/stm32cubeide/plugins/com.st.stm32cube.ide.mcu.externaltools.gnu-tools-for-stm32.10.3-2021.10.win32_1.0.200.202301161003/tools/bin/../lib/gcc/arm-none-eabi/10.3.1/thumb/v7e-m+fp/hard/crtbegin.o
 .ARM.attributes
                0x0000000000000052       0x34 ./Core/Src/main.o
 .ARM.attributes
                0x0000000000000086       0x34 ./Core/Src/stm32l4xx_hal_msp.o
 .ARM.attributes
                0x00000000000000ba       0x34 ./Core/Src/stm32l4xx_it.o
 .ARM.attributes
                0x00000000000000ee       0x34 ./Core/Src/system_stm32l4xx.o
 .ARM.attributes
                0x0000000000000122       0x21 ./Core/Startup/startup_stm32l486rgtx.o
 .ARM.attributes
                0x0000000000000143       0x34 ./Drivers/STM32L4xx_HAL_Driver/Src/stm32l4xx_hal.o
 .ARM.attributes
                0x0000000000000177       0x34 ./Drivers/STM32L4xx_HAL_Driver/Src/stm32l4xx_hal_adc.o
 .ARM.attributes
                0x00000000000001ab       0x34 ./Drivers/STM32L4xx_HAL_Driver/Src/stm32l4xx_hal_adc_ex.o
 .ARM.attributes
                0x00000000000001df       0x34 ./Drivers/STM32L4xx_HAL_Driver/Src/stm32l4xx_hal_cortex.o
 .ARM.attributes
                0x0000000000000213       0x34 ./Drivers/STM32L4xx_HAL_Driver/Src/stm32l4xx_hal_dma.o
 .ARM.attributes
                0x0000000000000247       0x34 ./Drivers/STM32L4xx_HAL_Driver/Src/stm32l4xx_hal_gpio.o
 .ARM.attributes
                0x000000000000027b       0x34 ./Drivers/STM32L4xx_HAL_Driver/Src/stm32l4xx_hal_i2c.o
 .ARM.attributes
                0x00000000000002af       0x34 ./Drivers/STM32L4xx_HAL_Driver/Src/stm32l4xx_hal_i2c_ex.o
 .ARM.attributes
                0x00000000000002e3       0x34 ./Drivers/STM32L4xx_HAL_Driver/Src/stm32l4xx_hal_pcd.o
 .ARM.attributes
                0x0000000000000317       0x34 ./Drivers/STM32L4xx_HAL_Driver/Src/stm32l4xx_hal_pcd_ex.o
 .ARM.attributes
                0x000000000000034b       0x34 ./Drivers/STM32L4xx_HAL_Driver/Src/stm32l4xx_hal_pwr_ex.o
 .ARM.attributes
                0x000000000000037f       0x34 ./Drivers/STM32L4xx_HAL_Driver/Src/stm32l4xx_hal_rcc.o
 .ARM.attributes
                0x00000000000003b3       0x34 ./Drivers/STM32L4xx_HAL_Driver/Src/stm32l4xx_hal_rcc_ex.o
 .ARM.attributes
                0x00000000000003e7       0x34 ./Drivers/STM32L4xx_HAL_Driver/Src/stm32l4xx_hal_sd.o
 .ARM.attributes
                0x000000000000041b       0x34 ./Drivers/STM32L4xx_HAL_Driver/Src/stm32l4xx_hal_spi.o
 .ARM.attributes
                0x000000000000044f       0x34 ./Drivers/STM32L4xx_HAL_Driver/Src/stm32l4xx_hal_uart.o
 .ARM.attributes
                0x0000000000000483       0x34 ./Drivers/STM32L4xx_HAL_Driver/Src/stm32l4xx_ll_sdmmc.o
 .ARM.attributes
                0x00000000000004b7       0x34 ./Drivers/STM32L4xx_HAL_Driver/Src/stm32l4xx_ll_usb.o
 .ARM.attributes
                0x00000000000004eb       0x34 ./FATFS/App/fatfs.o
 .ARM.attributes
                0x000000000000051f       0x34 ./FATFS/Target/bsp_driver_sd.o
 .ARM.attributes
                0x0000000000000553       0x34 ./FATFS/Target/fatfs_platform.o
 .ARM.attributes
                0x0000000000000587       0x34 ./FATFS/Target/sd_diskio.o
 .ARM.attributes
                0x00000000000005bb       0x34 ./Middlewares/Third_Party/FatFs/src/ff_gen_drv.o
 .ARM.attributes
                0x00000000000005ef       0x34 c:/program files/st/stm32cubeide_1.12.0/stm32cubeide/plugins/com.st.stm32cube.ide.mcu.externaltools.gnu-tools-for-stm32.10.3-2021.10.win32_1.0.200.202301161003/tools/bin/../lib/gcc/arm-none-eabi/10.3.1/../../../../arm-none-eabi/lib/thumb/v7e-m+fp/hard\libc_nano.a(lib_a-init.o)
 .ARM.attributes
                0x0000000000000623       0x34 c:/program files/st/stm32cubeide_1.12.0/stm32cubeide/plugins/com.st.stm32cube.ide.mcu.externaltools.gnu-tools-for-stm32.10.3-2021.10.win32_1.0.200.202301161003/tools/bin/../lib/gcc/arm-none-eabi/10.3.1/../../../../arm-none-eabi/lib/thumb/v7e-m+fp/hard\libc_nano.a(lib_a-memset.o)
 .ARM.attributes
                0x0000000000000657       0x1e c:/program files/st/stm32cubeide_1.12.0/stm32cubeide/plugins/com.st.stm32cube.ide.mcu.externaltools.gnu-tools-for-stm32.10.3-2021.10.win32_1.0.200.202301161003/tools/bin/../lib/gcc/arm-none-eabi/10.3.1/thumb/v7e-m+fp/hard\libgcc.a(_aeabi_uldivmod.o)
 .ARM.attributes
                0x0000000000000675       0x34 c:/program files/st/stm32cubeide_1.12.0/stm32cubeide/plugins/com.st.stm32cube.ide.mcu.externaltools.gnu-tools-for-stm32.10.3-2021.10.win32_1.0.200.202301161003/tools/bin/../lib/gcc/arm-none-eabi/10.3.1/thumb/v7e-m+fp/hard\libgcc.a(_udivmoddi4.o)
 .ARM.attributes
                0x00000000000006a9       0x1e c:/program files/st/stm32cubeide_1.12.0/stm32cubeide/plugins/com.st.stm32cube.ide.mcu.externaltools.gnu-tools-for-stm32.10.3-2021.10.win32_1.0.200.202301161003/tools/bin/../lib/gcc/arm-none-eabi/10.3.1/thumb/v7e-m+fp/hard\libgcc.a(_dvmd_tls.o)
 .ARM.attributes
                0x00000000000006c7       0x1e c:/program files/st/stm32cubeide_1.12.0/stm32cubeide/plugins/com.st.stm32cube.ide.mcu.externaltools.gnu-tools-for-stm32.10.3-2021.10.win32_1.0.200.202301161003/tools/bin/../lib/gcc/arm-none-eabi/10.3.1/thumb/v7e-m+fp/hard/crtn.o
OUTPUT(MCU.elf elf32-littlearm)
LOAD linker stubs
LOAD c:/program files/st/stm32cubeide_1.12.0/stm32cubeide/plugins/com.st.stm32cube.ide.mcu.externaltools.gnu-tools-for-stm32.10.3-2021.10.win32_1.0.200.202301161003/tools/bin/../lib/gcc/arm-none-eabi/10.3.1/../../../../arm-none-eabi/lib/thumb/v7e-m+fp/hard\libc.a
LOAD c:/program files/st/stm32cubeide_1.12.0/stm32cubeide/plugins/com.st.stm32cube.ide.mcu.externaltools.gnu-tools-for-stm32.10.3-2021.10.win32_1.0.200.202301161003/tools/bin/../lib/gcc/arm-none-eabi/10.3.1/../../../../arm-none-eabi/lib/thumb/v7e-m+fp/hard\libm.a
LOAD c:/program files/st/stm32cubeide_1.12.0/stm32cubeide/plugins/com.st.stm32cube.ide.mcu.externaltools.gnu-tools-for-stm32.10.3-2021.10.win32_1.0.200.202301161003/tools/bin/../lib/gcc/arm-none-eabi/10.3.1/thumb/v7e-m+fp/hard\libgcc.a

.debug_info     0x0000000000000000    0x1e9c3
 .debug_info    0x0000000000000000     0x286c ./Core/Src/main.o
 .debug_info    0x000000000000286c     0x25f0 ./Core/Src/stm32l4xx_hal_msp.o
 .debug_info    0x0000000000004e5c      0x7f9 ./Core/Src/stm32l4xx_it.o
 .debug_info    0x0000000000005655      0x5c6 ./Core/Src/system_stm32l4xx.o
 .debug_info    0x0000000000005c1b       0x22 ./Core/Startup/startup_stm32l486rgtx.o
 .debug_info    0x0000000000005c3d      0xb3b ./Drivers/STM32L4xx_HAL_Driver/Src/stm32l4xx_hal.o
 .debug_info    0x0000000000006778     0x1e84 ./Drivers/STM32L4xx_HAL_Driver/Src/stm32l4xx_hal_adc.o
 .debug_info    0x00000000000085fc     0x1beb ./Drivers/STM32L4xx_HAL_Driver/Src/stm32l4xx_hal_adc_ex.o
 .debug_info    0x000000000000a1e7      0xe27 ./Drivers/STM32L4xx_HAL_Driver/Src/stm32l4xx_hal_cortex.o
 .debug_info    0x000000000000b00e      0x76a ./Drivers/STM32L4xx_HAL_Driver/Src/stm32l4xx_hal_dma.o
 .debug_info    0x000000000000b778      0x821 ./Drivers/STM32L4xx_HAL_Driver/Src/stm32l4xx_hal_gpio.o
 .debug_info    0x000000000000bf99     0x2232 ./Drivers/STM32L4xx_HAL_Driver/Src/stm32l4xx_hal_i2c.o
 .debug_info    0x000000000000e1cb      0xa45 ./Drivers/STM32L4xx_HAL_Driver/Src/stm32l4xx_hal_i2c_ex.o
 .debug_info    0x000000000000ec10     0x1609 ./Drivers/STM32L4xx_HAL_Driver/Src/stm32l4xx_hal_pcd.o
 .debug_info    0x0000000000010219      0x8e6 ./Drivers/STM32L4xx_HAL_Driver/Src/stm32l4xx_hal_pcd_ex.o
 .debug_info    0x0000000000010aff      0x9ca ./Drivers/STM32L4xx_HAL_Driver/Src/stm32l4xx_hal_pwr_ex.o
 .debug_info    0x00000000000114c9      0xced ./Drivers/STM32L4xx_HAL_Driver/Src/stm32l4xx_hal_rcc.o
 .debug_info    0x00000000000121b6      0xe92 ./Drivers/STM32L4xx_HAL_Driver/Src/stm32l4xx_hal_rcc_ex.o
 .debug_info    0x0000000000013048     0x1cff ./Drivers/STM32L4xx_HAL_Driver/Src/stm32l4xx_hal_sd.o
 .debug_info    0x0000000000014d47     0x1782 ./Drivers/STM32L4xx_HAL_Driver/Src/stm32l4xx_hal_spi.o
 .debug_info    0x00000000000164c9     0x3d0e ./Drivers/STM32L4xx_HAL_Driver/Src/stm32l4xx_hal_uart.o
 .debug_info    0x000000000001a1d7     0x125c ./Drivers/STM32L4xx_HAL_Driver/Src/stm32l4xx_ll_sdmmc.o
 .debug_info    0x000000000001b433     0x1ac6 ./Drivers/STM32L4xx_HAL_Driver/Src/stm32l4xx_ll_usb.o
 .debug_info    0x000000000001cef9      0x512 ./FATFS/App/fatfs.o
 .debug_info    0x000000000001d40b      0xb14 ./FATFS/Target/bsp_driver_sd.o
 .debug_info    0x000000000001df1f      0x1fa ./FATFS/Target/fatfs_platform.o
 .debug_info    0x000000000001e119      0x4e9 ./FATFS/Target/sd_diskio.o
 .debug_info    0x000000000001e602      0x3c1 ./Middlewares/Third_Party/FatFs/src/ff_gen_drv.o

.debug_abbrev   0x0000000000000000     0x3b3c
 .debug_abbrev  0x0000000000000000      0x32b ./Core/Src/main.o
 .debug_abbrev  0x000000000000032b      0x28e ./Core/Src/stm32l4xx_hal_msp.o
 .debug_abbrev  0x00000000000005b9      0x182 ./Core/Src/stm32l4xx_it.o
 .debug_abbrev  0x000000000000073b      0x116 ./Core/Src/system_stm32l4xx.o
 .debug_abbrev  0x0000000000000851       0x12 ./Core/Startup/startup_stm32l486rgtx.o
 .debug_abbrev  0x0000000000000863      0x23a ./Drivers/STM32L4xx_HAL_Driver/Src/stm32l4xx_hal.o
 .debug_abbrev  0x0000000000000a9d      0x2bf ./Drivers/STM32L4xx_HAL_Driver/Src/stm32l4xx_hal_adc.o
 .debug_abbrev  0x0000000000000d5c      0x2da ./Drivers/STM32L4xx_HAL_Driver/Src/stm32l4xx_hal_adc_ex.o
 .debug_abbrev  0x0000000000001036      0x316 ./Drivers/STM32L4xx_HAL_Driver/Src/stm32l4xx_hal_cortex.o
 .debug_abbrev  0x000000000000134c      0x1d7 ./Drivers/STM32L4xx_HAL_Driver/Src/stm32l4xx_hal_dma.o
 .debug_abbrev  0x0000000000001523      0x1bb ./Drivers/STM32L4xx_HAL_Driver/Src/stm32l4xx_hal_gpio.o
 .debug_abbrev  0x00000000000016de      0x243 ./Drivers/STM32L4xx_HAL_Driver/Src/stm32l4xx_hal_i2c.o
 .debug_abbrev  0x0000000000001921      0x1b0 ./Drivers/STM32L4xx_HAL_Driver/Src/stm32l4xx_hal_i2c_ex.o
 .debug_abbrev  0x0000000000001ad1      0x2b4 ./Drivers/STM32L4xx_HAL_Driver/Src/stm32l4xx_hal_pcd.o
 .debug_abbrev  0x0000000000001d85      0x24a ./Drivers/STM32L4xx_HAL_Driver/Src/stm32l4xx_hal_pcd_ex.o
 .debug_abbrev  0x0000000000001fcf      0x1f3 ./Drivers/STM32L4xx_HAL_Driver/Src/stm32l4xx_hal_pwr_ex.o
 .debug_abbrev  0x00000000000021c2      0x2bd ./Drivers/STM32L4xx_HAL_Driver/Src/stm32l4xx_hal_rcc.o
 .debug_abbrev  0x000000000000247f      0x299 ./Drivers/STM32L4xx_HAL_Driver/Src/stm32l4xx_hal_rcc_ex.o
 .debug_abbrev  0x0000000000002718      0x288 ./Drivers/STM32L4xx_HAL_Driver/Src/stm32l4xx_hal_sd.o
 .debug_abbrev  0x00000000000029a0      0x254 ./Drivers/STM32L4xx_HAL_Driver/Src/stm32l4xx_hal_spi.o
 .debug_abbrev  0x0000000000002bf4      0x2bc ./Drivers/STM32L4xx_HAL_Driver/Src/stm32l4xx_hal_uart.o
 .debug_abbrev  0x0000000000002eb0      0x1ea ./Drivers/STM32L4xx_HAL_Driver/Src/stm32l4xx_ll_sdmmc.o
 .debug_abbrev  0x000000000000309a      0x296 ./Drivers/STM32L4xx_HAL_Driver/Src/stm32l4xx_ll_usb.o
 .debug_abbrev  0x0000000000003330      0x15a ./FATFS/App/fatfs.o
 .debug_abbrev  0x000000000000348a      0x290 ./FATFS/Target/bsp_driver_sd.o
 .debug_abbrev  0x000000000000371a      0x105 ./FATFS/Target/fatfs_platform.o
 .debug_abbrev  0x000000000000381f      0x187 ./FATFS/Target/sd_diskio.o
 .debug_abbrev  0x00000000000039a6      0x196 ./Middlewares/Third_Party/FatFs/src/ff_gen_drv.o

.debug_aranges  0x0000000000000000     0x19e0
 .debug_aranges
                0x0000000000000000       0x98 ./Core/Src/main.o
 .debug_aranges
                0x0000000000000098       0x80 ./Core/Src/stm32l4xx_hal_msp.o
 .debug_aranges
                0x0000000000000118       0x70 ./Core/Src/stm32l4xx_it.o
 .debug_aranges
                0x0000000000000188       0x28 ./Core/Src/system_stm32l4xx.o
 .debug_aranges
                0x00000000000001b0       0x28 ./Core/Startup/startup_stm32l486rgtx.o
 .debug_aranges
                0x00000000000001d8      0x130 ./Drivers/STM32L4xx_HAL_Driver/Src/stm32l4xx_hal.o
 .debug_aranges
                0x0000000000000308      0x220 ./Drivers/STM32L4xx_HAL_Driver/Src/stm32l4xx_hal_adc.o
 .debug_aranges
                0x0000000000000528      0x1a8 ./Drivers/STM32L4xx_HAL_Driver/Src/stm32l4xx_hal_adc_ex.o
 .debug_aranges
                0x00000000000006d0      0x118 ./Drivers/STM32L4xx_HAL_Driver/Src/stm32l4xx_hal_cortex.o
 .debug_aranges
                0x00000000000007e8       0x80 ./Drivers/STM32L4xx_HAL_Driver/Src/stm32l4xx_hal_dma.o
 .debug_aranges
                0x0000000000000868       0x58 ./Drivers/STM32L4xx_HAL_Driver/Src/stm32l4xx_hal_gpio.o
 .debug_aranges
                0x00000000000008c0      0x2a0 ./Drivers/STM32L4xx_HAL_Driver/Src/stm32l4xx_hal_i2c.o
 .debug_aranges
                0x0000000000000b60       0x48 ./Drivers/STM32L4xx_HAL_Driver/Src/stm32l4xx_hal_i2c_ex.o
 .debug_aranges
                0x0000000000000ba8      0x138 ./Drivers/STM32L4xx_HAL_Driver/Src/stm32l4xx_hal_pcd.o
 .debug_aranges
                0x0000000000000ce0       0x60 ./Drivers/STM32L4xx_HAL_Driver/Src/stm32l4xx_hal_pcd_ex.o
 .debug_aranges
                0x0000000000000d40      0x150 ./Drivers/STM32L4xx_HAL_Driver/Src/stm32l4xx_hal_pwr_ex.o
 .debug_aranges
                0x0000000000000e90       0x90 ./Drivers/STM32L4xx_HAL_Driver/Src/stm32l4xx_hal_rcc.o
 .debug_aranges
                0x0000000000000f20       0xc0 ./Drivers/STM32L4xx_HAL_Driver/Src/stm32l4xx_hal_rcc_ex.o
 .debug_aranges
                0x0000000000000fe0      0x168 ./Drivers/STM32L4xx_HAL_Driver/Src/stm32l4xx_hal_sd.o
 .debug_aranges
                0x0000000000001148      0x1d8 ./Drivers/STM32L4xx_HAL_Driver/Src/stm32l4xx_hal_spi.o
 .debug_aranges
                0x0000000000001320      0x228 ./Drivers/STM32L4xx_HAL_Driver/Src/stm32l4xx_hal_uart.o
 .debug_aranges
                0x0000000000001548      0x190 ./Drivers/STM32L4xx_HAL_Driver/Src/stm32l4xx_ll_sdmmc.o
 .debug_aranges
                0x00000000000016d8      0x1a0 ./Drivers/STM32L4xx_HAL_Driver/Src/stm32l4xx_ll_usb.o
 .debug_aranges
                0x0000000000001878       0x28 ./FATFS/App/fatfs.o
 .debug_aranges
                0x00000000000018a0       0x98 ./FATFS/Target/bsp_driver_sd.o
 .debug_aranges
                0x0000000000001938       0x20 ./FATFS/Target/fatfs_platform.o
 .debug_aranges
                0x0000000000001958       0x48 ./FATFS/Target/sd_diskio.o
 .debug_aranges
                0x00000000000019a0       0x40 ./Middlewares/Third_Party/FatFs/src/ff_gen_drv.o

.debug_ranges   0x0000000000000000     0x1858
 .debug_ranges  0x0000000000000000       0x88 ./Core/Src/main.o
 .debug_ranges  0x0000000000000088       0x70 ./Core/Src/stm32l4xx_hal_msp.o
 .debug_ranges  0x00000000000000f8       0x60 ./Core/Src/stm32l4xx_it.o
 .debug_ranges  0x0000000000000158       0x18 ./Core/Src/system_stm32l4xx.o
 .debug_ranges  0x0000000000000170       0x20 ./Core/Startup/startup_stm32l486rgtx.o
 .debug_ranges  0x0000000000000190      0x120 ./Drivers/STM32L4xx_HAL_Driver/Src/stm32l4xx_hal.o
 .debug_ranges  0x00000000000002b0      0x210 ./Drivers/STM32L4xx_HAL_Driver/Src/stm32l4xx_hal_adc.o
 .debug_ranges  0x00000000000004c0      0x198 ./Drivers/STM32L4xx_HAL_Driver/Src/stm32l4xx_hal_adc_ex.o
 .debug_ranges  0x0000000000000658      0x108 ./Drivers/STM32L4xx_HAL_Driver/Src/stm32l4xx_hal_cortex.o
 .debug_ranges  0x0000000000000760       0x70 ./Drivers/STM32L4xx_HAL_Driver/Src/stm32l4xx_hal_dma.o
 .debug_ranges  0x00000000000007d0       0x48 ./Drivers/STM32L4xx_HAL_Driver/Src/stm32l4xx_hal_gpio.o
 .debug_ranges  0x0000000000000818      0x290 ./Drivers/STM32L4xx_HAL_Driver/Src/stm32l4xx_hal_i2c.o
 .debug_ranges  0x0000000000000aa8       0x38 ./Drivers/STM32L4xx_HAL_Driver/Src/stm32l4xx_hal_i2c_ex.o
 .debug_ranges  0x0000000000000ae0      0x128 ./Drivers/STM32L4xx_HAL_Driver/Src/stm32l4xx_hal_pcd.o
 .debug_ranges  0x0000000000000c08       0x50 ./Drivers/STM32L4xx_HAL_Driver/Src/stm32l4xx_hal_pcd_ex.o
 .debug_ranges  0x0000000000000c58      0x140 ./Drivers/STM32L4xx_HAL_Driver/Src/stm32l4xx_hal_pwr_ex.o
 .debug_ranges  0x0000000000000d98       0x80 ./Drivers/STM32L4xx_HAL_Driver/Src/stm32l4xx_hal_rcc.o
 .debug_ranges  0x0000000000000e18       0xb0 ./Drivers/STM32L4xx_HAL_Driver/Src/stm32l4xx_hal_rcc_ex.o
 .debug_ranges  0x0000000000000ec8      0x158 ./Drivers/STM32L4xx_HAL_Driver/Src/stm32l4xx_hal_sd.o
 .debug_ranges  0x0000000000001020      0x1c8 ./Drivers/STM32L4xx_HAL_Driver/Src/stm32l4xx_hal_spi.o
 .debug_ranges  0x00000000000011e8      0x248 ./Drivers/STM32L4xx_HAL_Driver/Src/stm32l4xx_hal_uart.o
 .debug_ranges  0x0000000000001430      0x180 ./Drivers/STM32L4xx_HAL_Driver/Src/stm32l4xx_ll_sdmmc.o
 .debug_ranges  0x00000000000015b0      0x190 ./Drivers/STM32L4xx_HAL_Driver/Src/stm32l4xx_ll_usb.o
 .debug_ranges  0x0000000000001740       0x18 ./FATFS/App/fatfs.o
 .debug_ranges  0x0000000000001758       0x88 ./FATFS/Target/bsp_driver_sd.o
 .debug_ranges  0x00000000000017e0       0x10 ./FATFS/Target/fatfs_platform.o
 .debug_ranges  0x00000000000017f0       0x38 ./FATFS/Target/sd_diskio.o
 .debug_ranges  0x0000000000001828       0x30 ./Middlewares/Third_Party/FatFs/src/ff_gen_drv.o

.debug_macro    0x0000000000000000    0x2bfb3
 .debug_macro   0x0000000000000000      0x471 ./Core/Src/main.o
 .debug_macro   0x0000000000000471      0xa78 ./Core/Src/main.o
 .debug_macro   0x0000000000000ee9       0x22 ./Core/Src/main.o
 .debug_macro   0x0000000000000f0b       0x4c ./Core/Src/main.o
 .debug_macro   0x0000000000000f57       0x1e ./Core/Src/main.o
 .debug_macro   0x0000000000000f75       0x94 ./Core/Src/main.o
 .debug_macro   0x0000000000001009       0x3c ./Core/Src/main.o
 .debug_macro   0x0000000000001045       0x34 ./Core/Src/main.o
 .debug_macro   0x0000000000001079       0x16 ./Core/Src/main.o
 .debug_macro   0x000000000000108f       0x57 ./Core/Src/main.o
 .debug_macro   0x00000000000010e6       0x97 ./Core/Src/main.o
 .debug_macro   0x000000000000117d      0x341 ./Core/Src/main.o
 .debug_macro   0x00000000000014be       0xfd ./Core/Src/main.o
 .debug_macro   0x00000000000015bb       0x10 ./Core/Src/main.o
 .debug_macro   0x00000000000015cb       0x16 ./Core/Src/main.o
 .debug_macro   0x00000000000015e1       0x43 ./Core/Src/main.o
 .debug_macro   0x0000000000001624       0x34 ./Core/Src/main.o
 .debug_macro   0x0000000000001658       0x10 ./Core/Src/main.o
 .debug_macro   0x0000000000001668       0x58 ./Core/Src/main.o
 .debug_macro   0x00000000000016c0       0x71 ./Core/Src/main.o
 .debug_macro   0x0000000000001731       0x1c ./Core/Src/main.o
 .debug_macro   0x000000000000174d      0x12a ./Core/Src/main.o
 .debug_macro   0x0000000000001877       0x10 ./Core/Src/main.o
 .debug_macro   0x0000000000001887       0x6a ./Core/Src/main.o
 .debug_macro   0x00000000000018f1       0x1c ./Core/Src/main.o
 .debug_macro   0x000000000000190d       0x52 ./Core/Src/main.o
 .debug_macro   0x000000000000195f       0x22 ./Core/Src/main.o
 .debug_macro   0x0000000000001981       0x10 ./Core/Src/main.o
 .debug_macro   0x0000000000001991       0x52 ./Core/Src/main.o
 .debug_macro   0x00000000000019e3       0xd5 ./Core/Src/main.o
 .debug_macro   0x0000000000001ab8       0x1c ./Core/Src/main.o
 .debug_macro   0x0000000000001ad4       0x3d ./Core/Src/main.o
 .debug_macro   0x0000000000001b11       0x16 ./Core/Src/main.o
 .debug_macro   0x0000000000001b27      0x145 ./Core/Src/main.o
 .debug_macro   0x0000000000001c6c      0x1bf ./Core/Src/main.o
 .debug_macro   0x0000000000001e2b       0x2e ./Core/Src/main.o
 .debug_macro   0x0000000000001e59       0x28 ./Core/Src/main.o
 .debug_macro   0x0000000000001e81      0x103 ./Core/Src/main.o
 .debug_macro   0x0000000000001f84      0x1df ./Core/Src/main.o
 .debug_macro   0x0000000000002163       0x1c ./Core/Src/main.o
 .debug_macro   0x000000000000217f       0x22 ./Core/Src/main.o
 .debug_macro   0x00000000000021a1       0xfb ./Core/Src/main.o
 .debug_macro   0x000000000000229c     0x1011 ./Core/Src/main.o
 .debug_macro   0x00000000000032ad      0x11f ./Core/Src/main.o
 .debug_macro   0x00000000000033cc    0x1a5b8 ./Core/Src/main.o
 .debug_macro   0x000000000001d984       0x6d ./Core/Src/main.o
 .debug_macro   0x000000000001d9f1     0x38e6 ./Core/Src/main.o
 .debug_macro   0x00000000000212d7       0x56 ./Core/Src/main.o
 .debug_macro   0x000000000002132d     0x15e4 ./Core/Src/main.o
 .debug_macro   0x0000000000022911      0x5a5 ./Core/Src/main.o
 .debug_macro   0x0000000000022eb6      0x1b9 ./Core/Src/main.o
 .debug_macro   0x000000000002306f      0x18b ./Core/Src/main.o
 .debug_macro   0x00000000000231fa      0x26b ./Core/Src/main.o
 .debug_macro   0x0000000000023465      0x23d ./Core/Src/main.o
 .debug_macro   0x00000000000236a2      0xf8a ./Core/Src/main.o
 .debug_macro   0x000000000002462c      0x632 ./Core/Src/main.o
 .debug_macro   0x0000000000024c5e      0x30c ./Core/Src/main.o
 .debug_macro   0x0000000000024f6a      0x241 ./Core/Src/main.o
 .debug_macro   0x00000000000251ab      0x37c ./Core/Src/main.o
 .debug_macro   0x0000000000025527       0xd6 ./Core/Src/main.o
 .debug_macro   0x00000000000255fd      0x22c ./Core/Src/main.o
 .debug_macro   0x0000000000025829       0x61 ./Core/Src/main.o
 .debug_macro   0x000000000002588a       0xa5 ./Core/Src/main.o
 .debug_macro   0x000000000002592f      0x1f4 ./Core/Src/main.o
 .debug_macro   0x0000000000025b23       0x97 ./Core/Src/main.o
 .debug_macro   0x0000000000025bba      0x122 ./Core/Src/main.o
 .debug_macro   0x0000000000025cdc      0x3e8 ./Core/Src/main.o
 .debug_macro   0x00000000000260c4      0x77a ./Core/Src/main.o
 .debug_macro   0x000000000002683e      0x1d5 ./Core/Src/main.o
 .debug_macro   0x0000000000026a13      0x2fe ./Core/Src/main.o
 .debug_macro   0x0000000000026d11      0x5ba ./Core/Src/main.o
 .debug_macro   0x00000000000272cb       0x44 ./Core/Src/main.o
 .debug_macro   0x000000000002730f      0x330 ./Core/Src/main.o
 .debug_macro   0x000000000002763f       0x16 ./Core/Src/main.o
 .debug_macro   0x0000000000027655       0x35 ./Core/Src/main.o
 .debug_macro   0x000000000002768a       0x20 ./Core/Src/main.o
 .debug_macro   0x00000000000276aa       0xa6 ./Core/Src/main.o
 .debug_macro   0x0000000000027750       0x1c ./Core/Src/main.o
 .debug_macro   0x000000000002776c       0x40 ./Core/Src/main.o
 .debug_macro   0x00000000000277ac       0xe5 ./Core/Src/main.o
 .debug_macro   0x0000000000027891       0x16 ./Core/Src/main.o
 .debug_macro   0x00000000000278a7       0x16 ./Core/Src/main.o
 .debug_macro   0x00000000000278bd       0x29 ./Core/Src/main.o
 .debug_macro   0x00000000000278e6       0x12 ./Core/Src/main.o
 .debug_macro   0x00000000000278f8       0xdb ./Core/Src/main.o
 .debug_macro   0x00000000000279d3       0x8e ./Core/Src/main.o
 .debug_macro   0x0000000000027a61      0x249 ./Core/Src/stm32l4xx_hal_msp.o
 .debug_macro   0x0000000000027caa       0x8e ./Core/Src/stm32l4xx_hal_msp.o
 .debug_macro   0x0000000000027d38       0x51 ./Core/Src/stm32l4xx_hal_msp.o
 .debug_macro   0x0000000000027d89      0x174 ./Core/Src/stm32l4xx_hal_msp.o
 .debug_macro   0x0000000000027efd       0x5c ./Core/Src/stm32l4xx_hal_msp.o
 .debug_macro   0x0000000000027f59       0xa0 ./Core/Src/stm32l4xx_hal_msp.o
 .debug_macro   0x0000000000027ff9      0x253 ./Core/Src/stm32l4xx_it.o
 .debug_macro   0x000000000002824c      0x23a ./Core/Src/system_stm32l4xx.o
 .debug_macro   0x0000000000028486      0x288 ./Drivers/STM32L4xx_HAL_Driver/Src/stm32l4xx_hal.o
 .debug_macro   0x000000000002870e      0x257 ./Drivers/STM32L4xx_HAL_Driver/Src/stm32l4xx_hal_adc.o
 .debug_macro   0x0000000000028965      0x246 ./Drivers/STM32L4xx_HAL_Driver/Src/stm32l4xx_hal_adc_ex.o
 .debug_macro   0x0000000000028bab      0x23a ./Drivers/STM32L4xx_HAL_Driver/Src/stm32l4xx_hal_cortex.o
 .debug_macro   0x0000000000028de5      0x23a ./Drivers/STM32L4xx_HAL_Driver/Src/stm32l4xx_hal_dma.o
 .debug_macro   0x000000000002901f      0x241 ./Drivers/STM32L4xx_HAL_Driver/Src/stm32l4xx_hal_gpio.o
 .debug_macro   0x0000000000029260      0x306 ./Drivers/STM32L4xx_HAL_Driver/Src/stm32l4xx_hal_i2c.o
 .debug_macro   0x0000000000029566      0x23a ./Drivers/STM32L4xx_HAL_Driver/Src/stm32l4xx_hal_i2c_ex.o
 .debug_macro   0x00000000000297a0      0x246 ./Drivers/STM32L4xx_HAL_Driver/Src/stm32l4xx_hal_pcd.o
 .debug_macro   0x00000000000299e6      0x23a ./Drivers/STM32L4xx_HAL_Driver/Src/stm32l4xx_hal_pcd_ex.o
 .debug_macro   0x0000000000029c20      0x25e ./Drivers/STM32L4xx_HAL_Driver/Src/stm32l4xx_hal_pwr_ex.o
 .debug_macro   0x0000000000029e7e      0x27c ./Drivers/STM32L4xx_HAL_Driver/Src/stm32l4xx_hal_rcc.o
 .debug_macro   0x000000000002a0fa      0x270 ./Drivers/STM32L4xx_HAL_Driver/Src/stm32l4xx_hal_rcc_ex.o
 .debug_macro   0x000000000002a36a      0x250 ./Drivers/STM32L4xx_HAL_Driver/Src/stm32l4xx_hal_sd.o
 .debug_macro   0x000000000002a5ba      0x242 ./Drivers/STM32L4xx_HAL_Driver/Src/stm32l4xx_hal_spi.o
 .debug_macro   0x000000000002a7fc      0x265 ./Drivers/STM32L4xx_HAL_Driver/Src/stm32l4xx_hal_uart.o
 .debug_macro   0x000000000002aa61      0x23b ./Drivers/STM32L4xx_HAL_Driver/Src/stm32l4xx_ll_sdmmc.o
 .debug_macro   0x000000000002ac9c      0x23a ./Drivers/STM32L4xx_HAL_Driver/Src/stm32l4xx_ll_usb.o
 .debug_macro   0x000000000002aed6      0x386 ./FATFS/App/fatfs.o
 .debug_macro   0x000000000002b25c       0x52 ./FATFS/App/fatfs.o
 .debug_macro   0x000000000002b2ae       0xe2 ./FATFS/App/fatfs.o
 .debug_macro   0x000000000002b390      0x252 ./FATFS/Target/bsp_driver_sd.o
 .debug_macro   0x000000000002b5e2      0x243 ./FATFS/Target/fatfs_platform.o
 .debug_macro   0x000000000002b825      0x389 ./FATFS/Target/sd_diskio.o
 .debug_macro   0x000000000002bbae       0x16 ./FATFS/Target/sd_diskio.o
 .debug_macro   0x000000000002bbc4       0x7c ./FATFS/Target/sd_diskio.o
 .debug_macro   0x000000000002bc40      0x373 ./Middlewares/Third_Party/FatFs/src/ff_gen_drv.o

.debug_line     0x0000000000000000    0x200d0
 .debug_line    0x0000000000000000      0xfc3 ./Core/Src/main.o
 .debug_line    0x0000000000000fc3      0xae4 ./Core/Src/stm32l4xx_hal_msp.o
 .debug_line    0x0000000000001aa7      0x90c ./Core/Src/stm32l4xx_it.o
 .debug_line    0x00000000000023b3      0x8b1 ./Core/Src/system_stm32l4xx.o
 .debug_line    0x0000000000002c64       0x88 ./Core/Startup/startup_stm32l486rgtx.o
 .debug_line    0x0000000000002cec      0xc09 ./Drivers/STM32L4xx_HAL_Driver/Src/stm32l4xx_hal.o
 .debug_line    0x00000000000038f5     0x1f78 ./Drivers/STM32L4xx_HAL_Driver/Src/stm32l4xx_hal_adc.o
 .debug_line    0x000000000000586d     0x198b ./Drivers/STM32L4xx_HAL_Driver/Src/stm32l4xx_hal_adc_ex.o
 .debug_line    0x00000000000071f8      0xdb0 ./Drivers/STM32L4xx_HAL_Driver/Src/stm32l4xx_hal_cortex.o
 .debug_line    0x0000000000007fa8      0xde8 ./Drivers/STM32L4xx_HAL_Driver/Src/stm32l4xx_hal_dma.o
 .debug_line    0x0000000000008d90      0xc7d ./Drivers/STM32L4xx_HAL_Driver/Src/stm32l4xx_hal_gpio.o
 .debug_line    0x0000000000009a0d     0x379b ./Drivers/STM32L4xx_HAL_Driver/Src/stm32l4xx_hal_i2c.o
 .debug_line    0x000000000000d1a8      0xa37 ./Drivers/STM32L4xx_HAL_Driver/Src/stm32l4xx_hal_i2c_ex.o
 .debug_line    0x000000000000dbdf     0x142b ./Drivers/STM32L4xx_HAL_Driver/Src/stm32l4xx_hal_pcd.o
 .debug_line    0x000000000000f00a      0x9e9 ./Drivers/STM32L4xx_HAL_Driver/Src/stm32l4xx_hal_pcd_ex.o
 .debug_line    0x000000000000f9f3      0xdd1 ./Drivers/STM32L4xx_HAL_Driver/Src/stm32l4xx_hal_pwr_ex.o
 .debug_line    0x00000000000107c4     0x1083 ./Drivers/STM32L4xx_HAL_Driver/Src/stm32l4xx_hal_rcc.o
 .debug_line    0x0000000000011847     0x15c2 ./Drivers/STM32L4xx_HAL_Driver/Src/stm32l4xx_hal_rcc_ex.o
 .debug_line    0x0000000000012e09     0x1f58 ./Drivers/STM32L4xx_HAL_Driver/Src/stm32l4xx_hal_sd.o
 .debug_line    0x0000000000014d61     0x2043 ./Drivers/STM32L4xx_HAL_Driver/Src/stm32l4xx_hal_spi.o
 .debug_line    0x0000000000016da4     0x3387 ./Drivers/STM32L4xx_HAL_Driver/Src/stm32l4xx_hal_uart.o
 .debug_line    0x000000000001a12b     0x10ba ./Drivers/STM32L4xx_HAL_Driver/Src/stm32l4xx_ll_sdmmc.o
 .debug_line    0x000000000001b1e5     0x1a5e ./Drivers/STM32L4xx_HAL_Driver/Src/stm32l4xx_ll_usb.o
 .debug_line    0x000000000001cc43      0xafd ./FATFS/App/fatfs.o
 .debug_line    0x000000000001d740      0x9f4 ./FATFS/Target/bsp_driver_sd.o
 .debug_line    0x000000000001e134      0x82f ./FATFS/Target/fatfs_platform.o
 .debug_line    0x000000000001e963      0xbe1 ./FATFS/Target/sd_diskio.o
 .debug_line    0x000000000001f544      0xb8c ./Middlewares/Third_Party/FatFs/src/ff_gen_drv.o

.debug_str      0x0000000000000000   0x10992f
 .debug_str     0x0000000000000000   0x1032a8 ./Core/Src/main.o
                                     0x103abd (size before relaxing)
 .debug_str     0x00000000001032a8      0x14d ./Core/Src/stm32l4xx_hal_msp.o
                                      0xff104 (size before relaxing)
 .debug_str     0x00000000001033f5      0x108 ./Core/Src/stm32l4xx_it.o
                                      0xfdb13 (size before relaxing)
 .debug_str     0x00000000001034fd       0xf2 ./Core/Src/system_stm32l4xx.o
                                      0xfd51c (size before relaxing)
 .debug_str     0x00000000001035ef       0x36 ./Core/Startup/startup_stm32l486rgtx.o
                                         0x92 (size before relaxing)
 .debug_str     0x0000000000103625      0x62b ./Drivers/STM32L4xx_HAL_Driver/Src/stm32l4xx_hal.o
                                      0xfe0b8 (size before relaxing)
 .debug_str     0x0000000000103c50      0xa38 ./Drivers/STM32L4xx_HAL_Driver/Src/stm32l4xx_hal_adc.o
                                      0xfe37b (size before relaxing)
 .debug_str     0x0000000000104688      0x631 ./Drivers/STM32L4xx_HAL_Driver/Src/stm32l4xx_hal_adc_ex.o
                                      0xfe300 (size before relaxing)
 .debug_str     0x0000000000104cb9      0x31d ./Drivers/STM32L4xx_HAL_Driver/Src/stm32l4xx_hal_cortex.o
                                      0xfdd6c (size before relaxing)
 .debug_str     0x0000000000104fd6      0x205 ./Drivers/STM32L4xx_HAL_Driver/Src/stm32l4xx_hal_dma.o
                                      0xfd786 (size before relaxing)
 .debug_str     0x00000000001051db      0x123 ./Drivers/STM32L4xx_HAL_Driver/Src/stm32l4xx_hal_gpio.o
                                      0xfd695 (size before relaxing)
 .debug_str     0x00000000001052fe      0xd96 ./Drivers/STM32L4xx_HAL_Driver/Src/stm32l4xx_hal_i2c.o
                                      0xfe720 (size before relaxing)
 .debug_str     0x0000000000106094       0xb8 ./Drivers/STM32L4xx_HAL_Driver/Src/stm32l4xx_hal_i2c_ex.o
                                      0xfda53 (size before relaxing)
 .debug_str     0x000000000010614c      0x7fa ./Drivers/STM32L4xx_HAL_Driver/Src/stm32l4xx_hal_pcd.o
                                      0xfdf91 (size before relaxing)
 .debug_str     0x0000000000106946      0x174 ./Drivers/STM32L4xx_HAL_Driver/Src/stm32l4xx_hal_pcd_ex.o
                                      0xfd94e (size before relaxing)
 .debug_str     0x0000000000106aba      0x498 ./Drivers/STM32L4xx_HAL_Driver/Src/stm32l4xx_hal_pwr_ex.o
                                      0xfda3c (size before relaxing)
 .debug_str     0x0000000000106f52      0x38d ./Drivers/STM32L4xx_HAL_Driver/Src/stm32l4xx_hal_rcc.o
                                      0xfdb62 (size before relaxing)
 .debug_str     0x00000000001072df      0x3bf ./Drivers/STM32L4xx_HAL_Driver/Src/stm32l4xx_hal_rcc_ex.o
                                      0xfdcdb (size before relaxing)
 .debug_str     0x000000000010769e      0x97d ./Drivers/STM32L4xx_HAL_Driver/Src/stm32l4xx_hal_sd.o
                                      0xfe225 (size before relaxing)
 .debug_str     0x000000000010801b      0x566 ./Drivers/STM32L4xx_HAL_Driver/Src/stm32l4xx_hal_spi.o
                                      0xfdd3d (size before relaxing)
 .debug_str     0x0000000000108581      0x87d ./Drivers/STM32L4xx_HAL_Driver/Src/stm32l4xx_hal_uart.o
                                      0xfe24c (size before relaxing)
 .debug_str     0x0000000000108dfe      0x24b ./Drivers/STM32L4xx_HAL_Driver/Src/stm32l4xx_ll_sdmmc.o
                                      0xfd978 (size before relaxing)
 .debug_str     0x0000000000109049      0x444 ./Drivers/STM32L4xx_HAL_Driver/Src/stm32l4xx_ll_usb.o
                                      0xfde35 (size before relaxing)
 .debug_str     0x000000000010948d      0x1bc ./FATFS/App/fatfs.o
                                     0x100d7a (size before relaxing)
 .debug_str     0x0000000000109649      0x16b ./FATFS/Target/bsp_driver_sd.o
                                      0xfdb66 (size before relaxing)
 .debug_str     0x00000000001097b4       0x21 ./FATFS/Target/fatfs_platform.o
                                      0xfd413 (size before relaxing)
 .debug_str     0x00000000001097d5       0xa0 ./FATFS/Target/sd_diskio.o
                                     0x100dae (size before relaxing)
 .debug_str     0x0000000000109875       0xba ./Middlewares/Third_Party/FatFs/src/ff_gen_drv.o
                                     0x100ce6 (size before relaxing)

.comment        0x0000000000000000       0x50
 .comment       0x0000000000000000       0x50 ./Core/Src/main.o
                                         0x51 (size before relaxing)
 .comment       0x0000000000000050       0x51 ./Core/Src/stm32l4xx_hal_msp.o
 .comment       0x0000000000000050       0x51 ./Core/Src/stm32l4xx_it.o
 .comment       0x0000000000000050       0x51 ./Core/Src/system_stm32l4xx.o
 .comment       0x0000000000000050       0x51 ./Drivers/STM32L4xx_HAL_Driver/Src/stm32l4xx_hal.o
 .comment       0x0000000000000050       0x51 ./Drivers/STM32L4xx_HAL_Driver/Src/stm32l4xx_hal_adc.o
 .comment       0x0000000000000050       0x51 ./Drivers/STM32L4xx_HAL_Driver/Src/stm32l4xx_hal_adc_ex.o
 .comment       0x0000000000000050       0x51 ./Drivers/STM32L4xx_HAL_Driver/Src/stm32l4xx_hal_cortex.o
 .comment       0x0000000000000050       0x51 ./Drivers/STM32L4xx_HAL_Driver/Src/stm32l4xx_hal_dma.o
 .comment       0x0000000000000050       0x51 ./Drivers/STM32L4xx_HAL_Driver/Src/stm32l4xx_hal_gpio.o
 .comment       0x0000000000000050       0x51 ./Drivers/STM32L4xx_HAL_Driver/Src/stm32l4xx_hal_i2c.o
 .comment       0x0000000000000050       0x51 ./Drivers/STM32L4xx_HAL_Driver/Src/stm32l4xx_hal_i2c_ex.o
 .comment       0x0000000000000050       0x51 ./Drivers/STM32L4xx_HAL_Driver/Src/stm32l4xx_hal_pcd.o
 .comment       0x0000000000000050       0x51 ./Drivers/STM32L4xx_HAL_Driver/Src/stm32l4xx_hal_pcd_ex.o
 .comment       0x0000000000000050       0x51 ./Drivers/STM32L4xx_HAL_Driver/Src/stm32l4xx_hal_pwr_ex.o
 .comment       0x0000000000000050       0x51 ./Drivers/STM32L4xx_HAL_Driver/Src/stm32l4xx_hal_rcc.o