../Drivers/STM32L4xx_HAL_Driver/Src/stm32l4xx_hal_sd.c:357:19:HAL_SD_Init	16	static
../Drivers/STM32L4xx_HAL_Driver/Src/stm32l4xx_hal_sd.c:484:19:HAL_SD_InitCard	72	static
../Drivers/STM32L4xx_HAL_Driver/Src/stm32l4xx_hal_sd.c:584:19:HAL_SD_DeInit	16	static
../Drivers/STM32L4xx_HAL_Driver/Src/stm32l4xx_hal_sd.c:641:13:HAL_SD_MspInit	16	static
../Drivers/STM32L4xx_HAL_Driver/Src/stm32l4xx_hal_sd.c:656:13:HAL_SD_MspDeInit	16	static
../Drivers/STM32L4xx_HAL_Driver/Src/stm32l4xx_hal_sd.c:697:19:HAL_SD_ReadBlocks	80	static
../Drivers/STM32L4xx_HAL_Driver/Src/stm32l4xx_hal_sd.c:920:19:HAL_SD_WriteBlocks	80	static
../Drivers/STM32L4xx_HAL_Driver/Src/stm32l4xx_hal_sd.c:1114:19:HAL_SD_ReadBlocks_IT	56	static
../Drivers/STM32L4xx_HAL_Driver/Src/stm32l4xx_hal_sd.c:1213:19:HAL_SD_WriteBlocks_IT	56	static
../Drivers/STM32L4xx_HAL_Driver/Src/stm32l4xx_hal_sd.c:1321:19:HAL_SD_ReadBlocks_DMA	56	static
../Drivers/STM32L4xx_HAL_Driver/Src/stm32l4xx_hal_sd.c:1452:19:HAL_SD_WriteBlocks_DMA	56	static
../Drivers/STM32L4xx_HAL_Driver/Src/stm32l4xx_hal_sd.c:1590:19:HAL_SD_Erase	40	static
../Drivers/STM32L4xx_HAL_Driver/Src/stm32l4xx_hal_sd.c:1692:6:HAL_SD_IRQHandler	24	static
../Drivers/STM32L4xx_HAL_Driver/Src/stm32l4xx_hal_sd.c:2001:21:HAL_SD_GetState	16	static
../Drivers/STM32L4xx_HAL_Driver/Src/stm32l4xx_hal_sd.c:2012:10:HAL_SD_GetError	16	static
../Drivers/STM32L4xx_HAL_Driver/Src/stm32l4xx_hal_sd.c:2022:13:HAL_SD_TxCpltCallback	16	static
../Drivers/STM32L4xx_HAL_Driver/Src/stm32l4xx_hal_sd.c:2037:13:HAL_SD_RxCpltCallback	16	static
../Drivers/STM32L4xx_HAL_Driver/Src/stm32l4xx_hal_sd.c:2052:13:HAL_SD_ErrorCallback	16	static
../Drivers/STM32L4xx_HAL_Driver/Src/stm32l4xx_hal_sd.c:2067:13:HAL_SD_AbortCallback	16	static
../Drivers/STM32L4xx_HAL_Driver/Src/stm32l4xx_hal_sd.c:2384:19:HAL_SD_GetCardCID	16	static
../Drivers/STM32L4xx_HAL_Driver/Src/stm32l4xx_hal_sd.c:2417:19:HAL_SD_GetCardCSD	16	static
../Drivers/STM32L4xx_HAL_Driver/Src/stm32l4xx_hal_sd.c:2531:19:HAL_SD_GetCardStatus	88	static
../Drivers/STM32L4xx_HAL_Driver/Src/stm32l4xx_hal_sd.c:2597:19:HAL_SD_GetCardInfo	16	static
../Drivers/STM32L4xx_HAL_Driver/Src/stm32l4xx_hal_sd.c:2622:19:HAL_SD_ConfigWideBusOperation	80	static
../Drivers/STM32L4xx_HAL_Driver/Src/stm32l4xx_hal_sd.c:3007:25:HAL_SD_GetCardState	32	static
../Drivers/STM32L4xx_HAL_Driver/Src/stm32l4xx_hal_sd.c:3030:19:HAL_SD_Abort	24	static
../Drivers/STM32L4xx_HAL_Driver/Src/stm32l4xx_hal_sd.c:3101:19:HAL_SD_Abort_IT	24	static
../Drivers/STM32L4xx_HAL_Driver/Src/stm32l4xx_hal_sd.c:3220:13:SD_DMATransmitCplt	24	static
../Drivers/STM32L4xx_HAL_Driver/Src/stm32l4xx_hal_sd.c:3233:13:SD_DMAReceiveCplt	24	static
../Drivers/STM32L4xx_HAL_Driver/Src/stm32l4xx_hal_sd.c:3275:13:SD_DMAError	32	static
../Drivers/STM32L4xx_HAL_Driver/Src/stm32l4xx_hal_sd.c:3315:13:SD_DMATxAbort	24	static
../Drivers/STM32L4xx_HAL_Driver/Src/stm32l4xx_hal_sd.c:3354:13:SD_DMARxAbort	24	static
../Drivers/STM32L4xx_HAL_Driver/Src/stm32l4xx_hal_sd.c:3394:17:SD_InitCard	96	static
../Drivers/STM32L4xx_HAL_Driver/Src/stm32l4xx_hal_sd.c:3488:17:SD_PowerON	32	static
../Drivers/STM32L4xx_HAL_Driver/Src/stm32l4xx_hal_sd.c:3657:13:SD_PowerOFF	16	static
../Drivers/STM32L4xx_HAL_Driver/Src/stm32l4xx_hal_sd.c:3670:17:SD_SendSDStatus	56	static
../Drivers/STM32L4xx_HAL_Driver/Src/stm32l4xx_hal_sd.c:3784:17:SD_SendStatus	24	static
../Drivers/STM32L4xx_HAL_Driver/Src/stm32l4xx_hal_sd.c:3811:17:SD_WideBus_Enable	32	static
../Drivers/STM32L4xx_HAL_Driver/Src/stm32l4xx_hal_sd.c:3858:17:SD_WideBus_Disable	32	static
../Drivers/STM32L4xx_HAL_Driver/Src/stm32l4xx_hal_sd.c:3907:17:SD_FindSCR	72	static
../Drivers/STM32L4xx_HAL_Driver/Src/stm32l4xx_hal_sd.c:4018:13:SD_Read_IT	32	static
../Drivers/STM32L4xx_HAL_Driver/Src/stm32l4xx_hal_sd.c:4057:13:SD_Write_IT	32	static
