../Drivers/STM32L4xx_HAL_Driver/Src/stm32l4xx_ll_sdmmc.c:215:19:SDMMC_Init	24	static
../Drivers/STM32L4xx_HAL_Driver/Src/stm32l4xx_ll_sdmmc.c:272:10:SDMMC_ReadFIFO	16	static
../Drivers/STM32L4xx_HAL_Driver/Src/stm32l4xx_ll_sdmmc.c:284:19:SDMMC_WriteFIFO	16	static
../Drivers/STM32L4xx_HAL_Driver/Src/stm32l4xx_ll_sdmmc.c:316:19:SDMMC_PowerState_ON	16	static
../Drivers/STM32L4xx_HAL_Driver/Src/stm32l4xx_ll_sdmmc.c:352:19:SDMMC_PowerState_OFF	16	static
../Drivers/STM32L4xx_HAL_Driver/Src/stm32l4xx_ll_sdmmc.c:373:10:SDMMC_GetPowerState	16	static
../Drivers/STM32L4xx_HAL_Driver/Src/stm32l4xx_ll_sdmmc.c:386:19:SDMMC_SendCommand	24	static
../Drivers/STM32L4xx_HAL_Driver/Src/stm32l4xx_ll_sdmmc.c:416:9:SDMMC_GetCommandResponse	16	static
../Drivers/STM32L4xx_HAL_Driver/Src/stm32l4xx_ll_sdmmc.c:433:10:SDMMC_GetResponse	24	static
../Drivers/STM32L4xx_HAL_Driver/Src/stm32l4xx_ll_sdmmc.c:454:19:SDMMC_ConfigData	24	static
../Drivers/STM32L4xx_HAL_Driver/Src/stm32l4xx_ll_sdmmc.c:489:10:SDMMC_GetDataCounter	16	static
../Drivers/STM32L4xx_HAL_Driver/Src/stm32l4xx_ll_sdmmc.c:499:10:SDMMC_GetFIFOCount	16	static
../Drivers/STM32L4xx_HAL_Driver/Src/stm32l4xx_ll_sdmmc.c:513:19:SDMMC_SetSDMMCReadWaitMode	16	static
../Drivers/STM32L4xx_HAL_Driver/Src/stm32l4xx_ll_sdmmc.c:548:10:SDMMC_CmdBlockLength	40	static
../Drivers/STM32L4xx_HAL_Driver/Src/stm32l4xx_ll_sdmmc.c:572:10:SDMMC_CmdReadSingleBlock	40	static
../Drivers/STM32L4xx_HAL_Driver/Src/stm32l4xx_ll_sdmmc.c:596:10:SDMMC_CmdReadMultiBlock	40	static
../Drivers/STM32L4xx_HAL_Driver/Src/stm32l4xx_ll_sdmmc.c:620:10:SDMMC_CmdWriteSingleBlock	40	static
../Drivers/STM32L4xx_HAL_Driver/Src/stm32l4xx_ll_sdmmc.c:644:10:SDMMC_CmdWriteMultiBlock	40	static
../Drivers/STM32L4xx_HAL_Driver/Src/stm32l4xx_ll_sdmmc.c:668:10:SDMMC_CmdSDEraseStartAdd	40	static
../Drivers/STM32L4xx_HAL_Driver/Src/stm32l4xx_ll_sdmmc.c:692:10:SDMMC_CmdSDEraseEndAdd	40	static
../Drivers/STM32L4xx_HAL_Driver/Src/stm32l4xx_ll_sdmmc.c:716:10:SDMMC_CmdEraseStartAdd	40	static
../Drivers/STM32L4xx_HAL_Driver/Src/stm32l4xx_ll_sdmmc.c:740:10:SDMMC_CmdEraseEndAdd	40	static
../Drivers/STM32L4xx_HAL_Driver/Src/stm32l4xx_ll_sdmmc.c:765:10:SDMMC_CmdErase	40	static
../Drivers/STM32L4xx_HAL_Driver/Src/stm32l4xx_ll_sdmmc.c:789:10:SDMMC_CmdStopTransfer	40	static
../Drivers/STM32L4xx_HAL_Driver/Src/stm32l4xx_ll_sdmmc.c:824:10:SDMMC_CmdSelDesel	48	static
../Drivers/STM32L4xx_HAL_Driver/Src/stm32l4xx_ll_sdmmc.c:848:10:SDMMC_CmdGoIdleState	40	static
../Drivers/STM32L4xx_HAL_Driver/Src/stm32l4xx_ll_sdmmc.c:871:10:SDMMC_CmdOperCond	40	static
../Drivers/STM32L4xx_HAL_Driver/Src/stm32l4xx_ll_sdmmc.c:902:10:SDMMC_CmdAppCommand	40	static
../Drivers/STM32L4xx_HAL_Driver/Src/stm32l4xx_ll_sdmmc.c:930:10:SDMMC_CmdAppOperCommand	40	static
../Drivers/STM32L4xx_HAL_Driver/Src/stm32l4xx_ll_sdmmc.c:958:10:SDMMC_CmdBusWidth	40	static
../Drivers/STM32L4xx_HAL_Driver/Src/stm32l4xx_ll_sdmmc.c:981:10:SDMMC_CmdSendSCR	40	static
../Drivers/STM32L4xx_HAL_Driver/Src/stm32l4xx_ll_sdmmc.c:1005:10:SDMMC_CmdSendCID	40	static
../Drivers/STM32L4xx_HAL_Driver/Src/stm32l4xx_ll_sdmmc.c:1030:10:SDMMC_CmdSendCSD	40	static
../Drivers/STM32L4xx_HAL_Driver/Src/stm32l4xx_ll_sdmmc.c:1055:10:SDMMC_CmdSetRelAdd	40	static
../Drivers/STM32L4xx_HAL_Driver/Src/stm32l4xx_ll_sdmmc.c:1080:10:SDMMC_CmdSetRelAddMmc	40	static
../Drivers/STM32L4xx_HAL_Driver/Src/stm32l4xx_ll_sdmmc.c:1105:10:SDMMC_CmdSleepMmc	40	static
../Drivers/STM32L4xx_HAL_Driver/Src/stm32l4xx_ll_sdmmc.c:1130:10:SDMMC_CmdSendStatus	40	static
../Drivers/STM32L4xx_HAL_Driver/Src/stm32l4xx_ll_sdmmc.c:1153:10:SDMMC_CmdStatusRegister	40	static
../Drivers/STM32L4xx_HAL_Driver/Src/stm32l4xx_ll_sdmmc.c:1178:10:SDMMC_CmdOpCondition	40	static
../Drivers/STM32L4xx_HAL_Driver/Src/stm32l4xx_ll_sdmmc.c:1202:10:SDMMC_CmdSwitch	40	static
../Drivers/STM32L4xx_HAL_Driver/Src/stm32l4xx_ll_sdmmc.c:1254:10:SDMMC_CmdSendEXTCSD	40	static
../Drivers/STM32L4xx_HAL_Driver/Src/stm32l4xx_ll_sdmmc.c:1296:10:SDMMC_GetCmdResp1	40	static
../Drivers/STM32L4xx_HAL_Driver/Src/stm32l4xx_ll_sdmmc.c:1436:10:SDMMC_GetCmdResp2	24	static
../Drivers/STM32L4xx_HAL_Driver/Src/stm32l4xx_ll_sdmmc.c:1480:10:SDMMC_GetCmdResp3	24	static
../Drivers/STM32L4xx_HAL_Driver/Src/stm32l4xx_ll_sdmmc.c:1520:10:SDMMC_GetCmdResp6	40	static
../Drivers/STM32L4xx_HAL_Driver/Src/stm32l4xx_ll_sdmmc.c:1593:10:SDMMC_GetCmdResp7	24	static
../Drivers/STM32L4xx_HAL_Driver/Src/stm32l4xx_ll_sdmmc.c:1654:17:SDMMC_GetCmdError	24	static
