../Core/Src/main.c:84:5:main	8	static
../Core/Src/main.c:142:6:SystemClock_Config	96	static
../Core/Src/main.c:192:6:PeriphCommonClock_Config	144	static
../Core/Src/main.c:221:13:MX_ADC1_Init	48	static
../Core/Src/main.c:288:13:MX_I2C1_Init	8	static
../Core/Src/main.c:336:13:MX_I2C2_Init	8	static
../Core/Src/main.c:384:13:MX_SDMMC1_SD_Init	4	static
../Core/Src/main.c:412:13:MX_SPI1_Init	8	static
../Core/Src/main.c:452:13:MX_SPI2_Init	8	static
../Core/Src/main.c:492:13:MX_USB_OTG_FS_PCD_Init	8	static
../Core/Src/main.c:527:13:MX_GPIO_Init	48	static
../Core/Src/main.c:580:6:Error_Handler	4	static,ignoring_inline_asm
