../Core/Src/main.c:93:5:main	112	static
../Core/Src/main.c:151:6:SystemClock_Config	96	static
../Core/Src/main.c:201:6:PeriphCommonClock_Config	144	static
../Core/Src/main.c:230:13:MX_ADC1_Init	48	static
../Core/Src/main.c:324:13:MX_I2C1_Init	8	static
../Core/Src/main.c:372:13:MX_I2C2_Init	8	static
../Core/Src/main.c:420:13:MX_LPUART1_UART_Init	8	static
../Core/Src/main.c:454:13:MX_SDMMC1_SD_Init	4	static
../Core/Src/main.c:482:13:MX_SPI1_Init	8	static
../Core/Src/main.c:522:13:MX_SPI2_Init	8	static
../Core/Src/main.c:562:13:MX_USB_OTG_FS_PCD_Init	8	static
../Core/Src/main.c:595:13:MX_DMA_Init	16	static
../Core/Src/main.c:613:13:MX_GPIO_Init	48	static
../Core/Src/main.c:666:6:HAL_ADC_ConvHalfCpltCallback	16	static
../Core/Src/main.c:671:6:HAL_ADC_ConvCpltCallback	16	static
../Core/Src/main.c:681:6:Error_Handler	4	static,ignoring_inline_asm
